Component: ARM Compiler 5.06 update 3 (build 300) Tool: armlink [4d35c9]

==============================================================================

Section Cross References

    startup_stm32f401xc.o(STACK) refers (Special) to heapauxi.o(.text) for __use_two_region_memory
    startup_stm32f401xc.o(HEAP) refers (Special) to heapauxi.o(.text) for __use_two_region_memory
    startup_stm32f401xc.o(RESET) refers (Special) to heapauxi.o(.text) for __use_two_region_memory
    startup_stm32f401xc.o(RESET) refers to startup_stm32f401xc.o(STACK) for __initial_sp
    startup_stm32f401xc.o(RESET) refers to startup_stm32f401xc.o(.text) for Reset_Handler
    startup_stm32f401xc.o(RESET) refers to stm32f4xx_it.o(i.NMI_Handler) for NMI_Handler
    startup_stm32f401xc.o(RESET) refers to stm32f4xx_it.o(i.HardFault_Handler) for HardFault_Handler
    startup_stm32f401xc.o(RESET) refers to stm32f4xx_it.o(i.MemManage_Handler) for MemManage_Handler
    startup_stm32f401xc.o(RESET) refers to stm32f4xx_it.o(i.BusFault_Handler) for BusFault_Handler
    startup_stm32f401xc.o(RESET) refers to stm32f4xx_it.o(i.UsageFault_Handler) for UsageFault_Handler
    startup_stm32f401xc.o(RESET) refers to port.o(.emb_text) for SVC_Handler
    startup_stm32f401xc.o(RESET) refers to stm32f4xx_it.o(i.DebugMon_Handler) for DebugMon_Handler
    startup_stm32f401xc.o(RESET) refers to cmsis_os2.o(i.SysTick_Handler) for SysTick_Handler
    startup_stm32f401xc.o(RESET) refers to stm32f4xx_it.o(i.TIM1_UP_TIM10_IRQHandler) for TIM1_UP_TIM10_IRQHandler
    startup_stm32f401xc.o(RESET) refers to usart.o(i.USART1_IRQHandler) for USART1_IRQHandler
    startup_stm32f401xc.o(.text) refers (Special) to heapauxi.o(.text) for __use_two_region_memory
    startup_stm32f401xc.o(.text) refers to system_stm32f4xx.o(i.SystemInit) for SystemInit
    startup_stm32f401xc.o(.text) refers to __main.o(!!!main) for __main
    startup_stm32f401xc.o(.text) refers to startup_stm32f401xc.o(HEAP) for Heap_Mem
    startup_stm32f401xc.o(.text) refers to startup_stm32f401xc.o(STACK) for Stack_Mem
    main.o(i.HAL_TIM_PeriodElapsedCallback) refers to stm32f4xx_hal.o(i.HAL_IncTick) for HAL_IncTick
    main.o(i.SystemClock_Config) refers to rt_memclr_w.o(.text) for __aeabi_memclr4
    main.o(i.SystemClock_Config) refers to stm32f4xx_hal_rcc.o(i.HAL_RCC_OscConfig) for HAL_RCC_OscConfig
    main.o(i.SystemClock_Config) refers to stm32f4xx_hal_rcc.o(i.HAL_RCC_ClockConfig) for HAL_RCC_ClockConfig
    main.o(i.main) refers to stm32f4xx_hal.o(i.HAL_Init) for HAL_Init
    main.o(i.main) refers to main.o(i.SystemClock_Config) for SystemClock_Config
    main.o(i.main) refers to delay.o(i.delay_init) for delay_init
    main.o(i.main) refers to gpio.o(i.MX_GPIO_Init) for MX_GPIO_Init
    main.o(i.main) refers to tim.o(i.MX_TIM2_Init) for MX_TIM2_Init
    main.o(i.main) refers to tim.o(i.MX_TIM3_Init) for MX_TIM3_Init
    main.o(i.main) refers to usart.o(i.usart_init) for usart_init
    main.o(i.main) refers to cmsis_os2.o(i.osKernelInitialize) for osKernelInitialize
    main.o(i.main) refers to freertos.o(i.MX_FREERTOS_Init) for MX_FREERTOS_Init
    main.o(i.main) refers to cmsis_os2.o(i.osKernelStart) for osKernelStart
    gpio.o(i.MX_GPIO_Init) refers to rt_memclr_w.o(.text) for __aeabi_memclr4
    gpio.o(i.MX_GPIO_Init) refers to stm32f4xx_hal_gpio.o(i.HAL_GPIO_WritePin) for HAL_GPIO_WritePin
    gpio.o(i.MX_GPIO_Init) refers to stm32f4xx_hal_gpio.o(i.HAL_GPIO_Init) for HAL_GPIO_Init
    freertos.o(i.CMD_Task) refers to cmsis_os2.o(i.osDelay) for osDelay
    freertos.o(i.FOC_Task) refers to foc_1.o(i.FOC_init) for FOC_init
    freertos.o(i.FOC_Task) refers to foc_1.o(i.electricalAngle) for electricalAngle
    freertos.o(i.FOC_Task) refers to foc_1.o(i.setTorque) for setTorque
    freertos.o(i.FOC_Task) refers to cmsis_os2.o(i.osDelay) for osDelay
    freertos.o(i.FOC_Task) refers to foc_1.o(.bss) for M0_encoder
    freertos.o(i.MX_FREERTOS_Init) refers to tasks.o(i.xTaskCreate) for xTaskCreate
    freertos.o(i.MX_FREERTOS_Init) refers to freertos.o(.data) for .data
    freertos.o(i.MX_FREERTOS_Init) refers to freertos.o(i.start_task) for start_task
    freertos.o(i.info_Task) refers to stm32f4xx_hal_gpio.o(i.HAL_GPIO_WritePin) for HAL_GPIO_WritePin
    freertos.o(i.info_Task) refers to cmsis_os2.o(i.osDelay) for osDelay
    freertos.o(i.start_task) refers to port.o(i.vPortEnterCritical) for vPortEnterCritical
    freertos.o(i.start_task) refers to tasks.o(i.xTaskCreate) for xTaskCreate
    freertos.o(i.start_task) refers to tasks.o(i.vTaskDelete) for vTaskDelete
    freertos.o(i.start_task) refers to port.o(i.vPortExitCritical) for vPortExitCritical
    freertos.o(i.start_task) refers to freertos.o(.data) for .data
    freertos.o(i.start_task) refers to freertos.o(i.info_Task) for info_Task
    freertos.o(i.start_task) refers to freertos.o(i.CMD_Task) for CMD_Task
    freertos.o(i.start_task) refers to freertos.o(i.FOC_Task) for FOC_Task
[...]
    pxDelayedTaskList                        0x20000060   Data           4  tasks.o(.data)
    pxOverflowDelayedTaskList                0x20000064   Data           4  tasks.o(.data)
    .data                                    0x20000068   Section       20  timers.o(.data)
    xTimerQueue                              0x20000068   Data           4  timers.o(.data)
    xTimerTaskHandle                         0x2000006c   Data           4  timers.o(.data)
    xLastTime                                0x20000070   Data           4  timers.o(.data)
    pxCurrentTimerList                       0x20000074   Data           4  timers.o(.data)
    pxOverflowTimerList                      0x20000078   Data           4  timers.o(.data)
    .data                                    0x2000007c   Section        4  cmsis_os2.o(.data)
    KernelState                              0x2000007c   Data           4  cmsis_os2.o(.data)
    .data                                    0x20000080   Section       32  heap_4.o(.data)
    pxEnd                                    0x20000080   Data           4  heap_4.o(.data)
    xFreeBytesRemaining                      0x20000084   Data           4  heap_4.o(.data)
    xMinimumEverFreeBytesRemaining           0x20000088   Data           4  heap_4.o(.data)
    xNumberOfSuccessfulAllocations           0x2000008c   Data           4  heap_4.o(.data)
    xNumberOfSuccessfulFrees                 0x20000090   Data           4  heap_4.o(.data)
    xBlockAllocatedBit                       0x20000094   Data           4  heap_4.o(.data)
    xStart                                   0x20000098   Data           8  heap_4.o(.data)
    .data                                    0x200000a0   Section       12  port.o(.data)
    ucMaxSysCallPriority                     0x200000a0   Data           1  port.o(.data)
    uxCriticalNesting                        0x200000a4   Data           4  port.o(.data)
    ulMaxPRIGROUPValue                       0x200000a8   Data           4  port.o(.data)
    .data                                    0x200000ac   Section        2  tim.o(.data)
    .data                                    0x200000b0   Section       36  foc_1.o(.data)
    .bss                                     0x200000d4   Section      268  usart.o(.bss)
    .bss                                     0x200001e0   Section       72  stm32f4xx_hal_timebase_tim.o(.bss)
    .bss                                     0x20000228   Section       64  queue.o(.bss)
    .bss                                     0x20000268   Section     1220  tasks.o(.bss)
    pxReadyTasksLists                        0x20000268   Data        1120  tasks.o(.bss)
    xDelayedTaskList1                        0x200006c8   Data          20  tasks.o(.bss)
    xDelayedTaskList2                        0x200006dc   Data          20  tasks.o(.bss)
    xPendingReadyList                        0x200006f0   Data          20  tasks.o(.bss)
    xTasksWaitingTermination                 0x20000704   Data          20  tasks.o(.bss)
    xSuspendedTaskList                       0x20000718   Data          20  tasks.o(.bss)
    .bss                                     0x2000072c   Section      280  timers.o(.bss)
    xStaticTimerQueue                        0x2000072c   Data          80  timers.o(.bss)
    ucStaticTimerQueueStorage                0x2000077c   Data         160  timers.o(.bss)
    xActiveTimerList1                        0x2000081c   Data          20  timers.o(.bss)
    xActiveTimerList2                        0x20000830   Data          20  timers.o(.bss)
    .bss                                     0x20000844   Section     1720  cmsis_os2.o(.bss)
    Idle_TCB                                 0x20000844   Data          92  cmsis_os2.o(.bss)
    Idle_Stack                               0x200008a0   Data         512  cmsis_os2.o(.bss)
    Timer_TCB                                0x20000aa0   Data          92  cmsis_os2.o(.bss)
    Timer_Stack                              0x20000afc   Data        1024  cmsis_os2.o(.bss)
    .bss                                     0x20000efc   Section    15360  heap_4.o(.bss)
    ucHeap                                   0x20000efc   Data       15360  heap_4.o(.bss)
    .bss                                     0x20004afc   Section      144  tim.o(.bss)
    .bss                                     0x20004b8c   Section      256  foc_1.o(.bss)
    .bss                                     0x20004c8c   Section       96  libspace.o(.bss)
    HEAP                                     0x20004cf0   Section      512  startup_stm32f401xc.o(HEAP)
    Heap_Mem                                 0x20004cf0   Data         512  startup_stm32f401xc.o(HEAP)
    STACK                                    0x20004ef0   Section     1024  startup_stm32f401xc.o(STACK)
    Stack_Mem                                0x20004ef0   Data        1024  startup_stm32f401xc.o(STACK)
    __initial_sp                             0x200052f0   Data           0  startup_stm32f401xc.o(STACK)

    Global Symbols

    Symbol Name                              Value     Ov Type        Size  Object(Section)

    BuildAttributes$$THM_ISAv4$E$P$D$K$B$S$7EM$VFPi3$EXTD16$VFPS$VFMA$PE$A:L22UL41UL21$X:L11$S22US41US21$IEEE1$IW$USESV6$~STKCKD$USESV7$~SHL$OTIME$ROPI$IEEEX$EBA8$UX$STANDARDLIB$REQ8$PRES8$EABIv2 0x00000000   Number         0  anon$$obj.o ABSOLUTE
    __ARM_use_no_argv                        0x00000000   Number         0  main.o ABSOLUTE
    _printf_flags                            0x00000000   Number         0  printf_stubs.o ABSOLUTE
    _printf_return_value                     0x00000000   Number         0  printf_stubs.o ABSOLUTE
    _printf_sizespec                         0x00000000   Number         0  printf_stubs.o ABSOLUTE
    _printf_widthprec                        0x00000000   Number         0  printf_stubs.o ABSOLUTE
    __ARM_exceptions_init                     - Undefined Weak Reference
    __alloca_initialize                       - Undefined Weak Reference
    __arm_preinit_                            - Undefined Weak Reference
    __cpp_initialize__aeabi_                  - Undefined Weak Reference
    __cxa_finalize                            - Undefined Weak Reference
    __sigvec_lookup                           - Undefined Weak Reference
    _atexit_init                              - Undefined Weak Reference
    _call_atexit_fns                          - Undefined Weak Reference
    _clock_init                               - Undefined Weak Reference
    _fp_trap_init                             - Undefined Weak Reference
    _fp_trap_shutdown                         - Undefined Weak Reference
    _get_lc_collate                           - Undefined Weak Reference
    _get_lc_ctype                             - Undefined Weak Reference
    _get_lc_monetary                          - Undefined Weak Reference
    _get_lc_time                              - Undefined Weak Reference
    _getenv_init                              - Undefined Weak Reference
    _handle_redirection                       - Undefined Weak Reference
    _init_alloc                               - Undefined Weak Reference
    _init_user_alloc                          - Undefined Weak Reference
    _initio                                   - Undefined Weak Reference
    _mutex_acquire                            - Undefined Weak Reference
    _mutex_release                            - Undefined Weak Reference
    _printf_mbtowc                            - Undefined Weak Reference
    _printf_post_padding                      - Undefined Weak Reference
    _printf_pre_padding                       - Undefined Weak Reference
    _printf_truncate_signed                   - Undefined Weak Reference
    _printf_truncate_unsigned                 - Undefined Weak Reference
    _rand_init                                - Undefined Weak Reference
    _signal_finish                            - Undefined Weak Reference
    _signal_init                              - Undefined Weak Reference
    _terminate_alloc                          - Undefined Weak Reference
    _terminate_user_alloc                     - Undefined Weak Reference
    _terminateio                              - Undefined Weak Reference
    __Vectors_Size                           0x00000194   Number         0  startup_stm32f401xc.o ABSOLUTE
    __Vectors                                0x08000000   Data           4  startup_stm32f401xc.o(RESET)
    __Vectors_End                            0x08000194   Data           0  startup_stm32f401xc.o(RESET)
    __main                                   0x08000195   Thumb Code     8  __main.o(!!!main)
    __scatterload                            0x0800019d   Thumb Code     0  __scatter.o(!!!scatter)
    __scatterload_rt2                        0x0800019d   Thumb Code    44  __scatter.o(!!!scatter)
    __scatterload_rt2_thumb_only             0x0800019d   Thumb Code     0  __scatter.o(!!!scatter)
    __scatterload_null                       0x080001ab   Thumb Code     0  __scatter.o(!!!scatter)
    __scatterload_copy                       0x080001d1   Thumb Code    26  __scatter_copy.o(!!handler_copy)
    __scatterload_zeroinit                   0x080001ed   Thumb Code    28  __scatter_zi.o(!!handler_zi)
    _printf_f                                0x08000209   Thumb Code     0  _printf_f.o(.ARM.Collect$$_printf_percent$$00000003)
    _printf_percent                          0x08000209   Thumb Code     0  _printf_percent.o(.ARM.Collect$$_printf_percent$$00000000)
    _printf_d                                0x0800020f   Thumb Code     0  _printf_d.o(.ARM.Collect$$_printf_percent$$00000009)
    _printf_percent_end                      0x08000215   Thumb Code     0  _printf_percent_end.o(.ARM.Collect$$_printf_percent$$00000017)
    __rt_lib_init                            0x08000219   Thumb Code     0  libinit.o(.ARM.Collect$$libinit$$00000000)
    __rt_lib_init_fp_1                       0x0800021b   Thumb Code     0  libinit2.o(.ARM.Collect$$libinit$$00000001)
    __rt_lib_init_heap_1                     0x0800021f   Thumb Code     0  libinit2.o(.ARM.Collect$$libinit$$0000000A)
    __rt_lib_init_lc_common                  0x0800021f   Thumb Code     0  libinit2.o(.ARM.Collect$$libinit$$0000000F)
    __rt_lib_init_preinit_1                  0x0800021f   Thumb Code     0  libinit2.o(.ARM.Collect$$libinit$$00000004)
    __rt_lib_init_rand_1                     0x0800021f   Thumb Code     0  libinit2.o(.ARM.Collect$$libinit$$0000000E)
    __rt_lib_init_user_alloc_1               0x0800021f   Thumb Code     0  libinit2.o(.ARM.Collect$$libinit$$0000000C)
    __rt_lib_init_lc_collate_1               0x08000225   Thumb Code     0  libinit2.o(.ARM.Collect$$libinit$$00000011)
    __rt_lib_init_lc_ctype_1                 0x08000225   Thumb Code     0  libinit2.o(.ARM.Collect$$libinit$$00000013)
    __rt_lib_init_lc_monetary_1              0x08000225   Thumb Code     0  libinit2.o(.ARM.Collect$$libinit$$00000015)
    __rt_lib_init_lc_numeric_2               0x08000225   Thumb Code     0  libinit2.o(.ARM.Collect$$libinit$$00000016)
    __rt_lib_init_alloca_1                   0x0800022f   Thumb Code     0  libinit2.o(.ARM.Collect$$libinit$$0000002E)
    __rt_lib_init_argv_1                     0x0800022f   Thumb Code     0  libinit2.o(.ARM.Collect$$libinit$$0000002C)
    __rt_lib_init_atexit_1                   0x0800022f   Thumb Code     0  libinit2.o(.ARM.Collect$$libinit$$0000001B)
    __rt_lib_init_clock_1                    0x0800022f   Thumb Code     0  libinit2.o(.ARM.Collect$$libinit$$00000021)
    __rt_lib_init_cpp_1                      0x0800022f   Thumb Code     0  libinit2.o(.ARM.Collect$$libinit$$00000032)
    __rt_lib_init_exceptions_1               0x0800022f   Thumb Code     0  libinit2.o(.ARM.Collect$$libinit$$00000030)
    __rt_lib_init_fp_trap_1                  0x0800022f   Thumb Code     0  libinit2.o(.ARM.Collect$$libinit$$0000001F)
    __rt_lib_init_getenv_1                   0x0800022f   Thumb Code     0  libinit2.o(.ARM.Collect$$libinit$$00000023)
    __rt_lib_init_lc_numeric_1               0x0800022f   Thumb Code     0  libinit2.o(.ARM.Collect$$libinit$$00000017)
    __rt_lib_init_lc_time_1                  0x0800022f   Thumb Code     0  libinit2.o(.ARM.Collect$$libinit$$00000019)
    __rt_lib_init_return                     0x0800022f   Thumb Code     0  libinit2.o(.ARM.Collect$$libinit$$00000033)
    __rt_lib_init_signal_1                   0x0800022f   Thumb Code     0  libinit2.o(.ARM.Collect$$libinit$$0000001D)
    __rt_lib_init_stdio_1                    0x0800022f   Thumb Code     0  libinit2.o(.ARM.Collect$$libinit$$00000025)
    __rt_lib_shutdown                        0x08000231   Thumb Code     0  libshutdown.o(.ARM.Collect$$libshutdown$$00000000)
    __rt_lib_shutdown_cpp_1                  0x08000233   Thumb Code     0  libshutdown2.o(.ARM.Collect$$libshutdown$$00000002)
    __rt_lib_shutdown_fp_trap_1              0x08000233   Thumb Code     0  libshutdown2.o(.ARM.Collect$$libshutdown$$00000007)
    __rt_lib_shutdown_heap_1                 0x08000233   Thumb Code     0  libshutdown2.o(.ARM.Collect$$libshutdown$$0000000F)
    __rt_lib_shutdown_return                 0x08000233   Thumb Code     0  libshutdown2.o(.ARM.Collect$$libshutdown$$00000010)
    __rt_lib_shutdown_signal_1               0x08000233   Thumb Code     0  libshutdown2.o(.ARM.Collect$$libshutdown$$0000000A)
    __rt_lib_shutdown_stdio_1                0x08000233   Thumb Code     0  libshutdown2.o(.ARM.Collect$$libshutdown$$00000004)
    __rt_lib_shutdown_user_alloc_1           0x08000233   Thumb Code     0  libshutdown2.o(.ARM.Collect$$libshutdown$$0000000C)
    __rt_entry                               0x08000235   Thumb Code     0  __rtentry.o(.ARM.Collect$$rtentry$$00000000)
    __rt_entry_presh_1                       0x08000235   Thumb Code     0  __rtentry2.o(.ARM.Collect$$rtentry$$00000002)
    __rt_entry_sh                            0x08000235   Thumb Code     0  __rtentry4.o(.ARM.Collect$$rtentry$$00000004)
    __rt_entry_li                            0x0800023b   Thumb Code     0  __rtentry2.o(.ARM.Collect$$rtentry$$0000000A)
    __rt_entry_postsh_1                      0x0800023b   Thumb Code     0  __rtentry2.o(.ARM.Collect$$rtentry$$00000009)
    __rt_entry_main                          0x0800023f   Thumb Code     0  __rtentry2.o(.ARM.Collect$$rtentry$$0000000D)
    __rt_entry_postli_1                      0x0800023f   Thumb Code     0  __rtentry2.o(.ARM.Collect$$rtentry$$0000000C)
    __rt_exit                                0x08000247   Thumb Code     0  rtexit.o(.ARM.Collect$$rtexit$$00000000)
    __rt_exit_ls                             0x08000249   Thumb Code     0  rtexit2.o(.ARM.Collect$$rtexit$$00000003)
    __rt_exit_prels_1                        0x08000249   Thumb Code     0  rtexit2.o(.ARM.Collect$$rtexit$$00000002)
    __rt_exit_exit                           0x0800024d   Thumb Code     0  rtexit2.o(.ARM.Collect$$rtexit$$00000004)
    SVC_Handler                              0x08000255   Thumb Code    28  port.o(.emb_text)
    __asm___6_port_c_39a90d8d__prvStartFirstTask 0x08000275   Thumb Code    36  port.o(.emb_text)
    __asm___6_port_c_39a90d8d__prvEnableVFP  0x0800029d   Thumb Code    16  port.o(.emb_text)
    PendSV_Handler                           0x080002b1   Thumb Code    88  port.o(.emb_text)
    vPortGetIPSR                             0x0800030d   Thumb Code     6  port.o(.emb_text)
    Reset_Handler                            0x08000315   Thumb Code     8  startup_stm32f401xc.o(.text)
    ADC_IRQHandler                           0x0800032f   Thumb Code     0  startup_stm32f401xc.o(.text)
    DMA1_Stream0_IRQHandler                  0x0800032f   Thumb Code     0  startup_stm32f401xc.o(.text)
    DMA1_Stream1_IRQHandler                  0x0800032f   Thumb Code     0  startup_stm32f401xc.o(.text)
    DMA1_Stream2_IRQHandler                  0x0800032f   Thumb Code     0  startup_stm32f401xc.o(.text)
    DMA1_Stream3_IRQHandler                  0x0800032f   Thumb Code     0  startup_stm32f401xc.o(.text)
    DMA1_Stream4_IRQHandler                  0x0800032f   Thumb Code     0  startup_stm32f401xc.o(.text)
    DMA1_Stream5_IRQHandler                  0x0800032f   Thumb Code     0  startup_stm32f401xc.o(.text)
    DMA1_Stream6_IRQHandler                  0x0800032f   Thumb Code     0  startup_stm32f401xc.o(.text)
    DMA1_Stream7_IRQHandler                  0x0800032f   Thumb Code     0  startup_stm32f401xc.o(.text)
    DMA2_Stream0_IRQHandler                  0x0800032f   Thumb Code     0  startup_stm32f401xc.o(.text)
    DMA2_Stream1_IRQHandler                  0x0800032f   Thumb Code     0  startup_stm32f401xc.o(.text)
    DMA2_Stream2_IRQHandler                  0x0800032f   Thumb Code     0  startup_stm32f401xc.o(.text)
    DMA2_Stream3_IRQHandler                  0x0800032f   Thumb Code     0  startup_stm32f401xc.o(.text)
    DMA2_Stream4_IRQHandler                  0x0800032f   Thumb Code     0  startup_stm32f401xc.o(.text)
    DMA2_Stream5_IRQHandler                  0x0800032f   Thumb Code     0  startup_stm32f401xc.o(.text)
    DMA2_Stream6_IRQHandler                  0x0800032f   Thumb Code     0  startup_stm32f401xc.o(.text)
    DMA2_Stream7_IRQHandler                  0x0800032f   Thumb Code     0  startup_stm32f401xc.o(.text)
    EXTI0_IRQHandler                         0x0800032f   Thumb Code     0  startup_stm32f401xc.o(.text)
    EXTI15_10_IRQHandler                     0x0800032f   Thumb Code     0  startup_stm32f401xc.o(.text)
    EXTI1_IRQHandler                         0x0800032f   Thumb Code     0  startup_stm32f401xc.o(.text)
    EXTI2_IRQHandler                         0x0800032f   Thumb Code     0  startup_stm32f401xc.o(.text)
    EXTI3_IRQHandler                         0x0800032f   Thumb Code     0  startup_stm32f401xc.o(.text)
    EXTI4_IRQHandler                         0x0800032f   Thumb Code     0  startup_stm32f401xc.o(.text)
    EXTI9_5_IRQHandler                       0x0800032f   Thumb Code     0  startup_stm32f401xc.o(.text)
    FLASH_IRQHandler                         0x0800032f   Thumb Code     0  startup_stm32f401xc.o(.text)
    FPU_IRQHandler                           0x0800032f   Thumb Code     0  startup_stm32f401xc.o(.text)
    I2C1_ER_IRQHandler                       0x0800032f   Thumb Code     0  startup_stm32f401xc.o(.text)
    I2C1_EV_IRQHandler                       0x0800032f   Thumb Code     0  startup_stm32f401xc.o(.text)
    I2C2_ER_IRQHandler                       0x0800032f   Thumb Code     0  startup_stm32f401xc.o(.text)
    I2C2_EV_IRQHandler                       0x0800032f   Thumb Code     0  startup_stm32f401xc.o(.text)
    I2C3_ER_IRQHandler                       0x0800032f   Thumb Code     0  startup_stm32f401xc.o(.text)
    I2C3_EV_IRQHandler                       0x0800032f   Thumb Code     0  startup_stm32f401xc.o(.text)
    OTG_FS_IRQHandler                        0x0800032f   Thumb Code     0  startup_stm32f401xc.o(.text)
    OTG_FS_WKUP_IRQHandler                   0x0800032f   Thumb Code     0  startup_stm32f401xc.o(.text)
    PVD_IRQHandler                           0x0800032f   Thumb Code     0  startup_stm32f401xc.o(.text)
    RCC_IRQHandler                           0x0800032f   Thumb Code     0  startup_stm32f401xc.o(.text)
    RTC_Alarm_IRQHandler                     0x0800032f   Thumb Code     0  startup_stm32f401xc.o(.text)
    RTC_WKUP_IRQHandler                      0x0800032f   Thumb Code     0  startup_stm32f401xc.o(.text)
    SDIO_IRQHandler                          0x0800032f   Thumb Code     0  startup_stm32f401xc.o(.text)
    SPI1_IRQHandler                          0x0800032f   Thumb Code     0  startup_stm32f401xc.o(.text)
    SPI2_IRQHandler                          0x0800032f   Thumb Code     0  startup_stm32f401xc.o(.text)
    SPI3_IRQHandler                          0x0800032f   Thumb Code     0  startup_stm32f401xc.o(.text)
    SPI4_IRQHandler                          0x0800032f   Thumb Code     0  startup_stm32f401xc.o(.text)
    TAMP_STAMP_IRQHandler                    0x0800032f   Thumb Code     0  startup_stm32f401xc.o(.text)
    TIM1_BRK_TIM9_IRQHandler                 0x0800032f   Thumb Code     0  startup_stm32f401xc.o(.text)
    TIM1_CC_IRQHandler                       0x0800032f   Thumb Code     0  startup_stm32f401xc.o(.text)
    TIM1_TRG_COM_TIM11_IRQHandler            0x0800032f   Thumb Code     0  startup_stm32f401xc.o(.text)
    TIM2_IRQHandler                          0x0800032f   Thumb Code     0  startup_stm32f401xc.o(.text)
    TIM3_IRQHandler                          0x0800032f   Thumb Code     0  startup_stm32f401xc.o(.text)
    TIM4_IRQHandler                          0x0800032f   Thumb Code     0  startup_stm32f401xc.o(.text)
    TIM5_IRQHandler                          0x0800032f   Thumb Code     0  startup_stm32f401xc.o(.text)
    USART2_IRQHandler                        0x0800032f   Thumb Code     0  startup_stm32f401xc.o(.text)
    USART6_IRQHandler                        0x0800032f   Thumb Code     0  startup_stm32f401xc.o(.text)
    WWDG_IRQHandler                          0x0800032f   Thumb Code     0  startup_stm32f401xc.o(.text)
    __user_initial_stackheap                 0x08000331   Thumb Code     0  startup_stm32f401xc.o(.text)
    __use_no_semihosting                     0x08000355   Thumb Code     2  use_no_semi_2.o(.text)
    __aeabi_uldivmod                         0x08000357   Thumb Code     0  lludivv7m.o(.text)
    _ll_udiv                                 0x08000357   Thumb Code   238  lludivv7m.o(.text)
    __2printf                                0x08000445   Thumb Code    20  noretval__2printf.o(.text)
    _printf_int_dec                          0x0800045d   Thumb Code   104  _printf_dec.o(.text)
    __printf                                 0x080004d5   Thumb Code   270  __printf_wp.o(.text)
    __aeabi_memcpy                           0x080005e3   Thumb Code     0  rt_memcpy_v6.o(.text)
    __rt_memcpy                              0x080005e3   Thumb Code   138  rt_memcpy_v6.o(.text)
    _memcpy_lastbytes                        0x08000649   Thumb Code     0  rt_memcpy_v6.o(.text)
    __aeabi_memset                           0x0800066d   Thumb Code    16  aeabi_memset.o(.text)
    __aeabi_memclr4                          0x0800067d   Thumb Code     0  rt_memclr_w.o(.text)
    __aeabi_memclr8                          0x0800067d   Thumb Code     0  rt_memclr_w.o(.text)
    __rt_memclr_w                            0x0800067d   Thumb Code    78  rt_memclr_w.o(.text)
    _memset_w                                0x08000681   Thumb Code     0  rt_memclr_w.o(.text)
    __use_two_region_memory                  0x080006cb   Thumb Code     2  heapauxi.o(.text)
    __rt_heap_escrow$2region                 0x080006cd   Thumb Code     2  heapauxi.o(.text)
    __rt_heap_expand$2region                 0x080006cf   Thumb Code     2  heapauxi.o(.text)
    __semihosting$guard                      0x080006d1   Thumb Code     0  use_no_semi.o(.text)
    __use_no_semihosting_swi                 0x080006d1   Thumb Code     2  use_no_semi.o(.text)
    __read_errno                             0x080006d3   Thumb Code    10  _rserrno.o(.text)
    __set_errno                              0x080006dd   Thumb Code    12  _rserrno.o(.text)
    _printf_int_common                       0x080006e9   Thumb Code   178  _printf_intcommon.o(.text)
    __lib_sel_fp_printf                      0x0800079b   Thumb Code     2  _printf_fp_dec.o(.text)
    _printf_fp_dec_real                      0x08000949   Thumb Code   620  _printf_fp_dec.o(.text)
    _printf_char_file                        0x08000bb5   Thumb Code    32  _printf_char_file.o(.text)
    __aeabi_memcpy4                          0x08000bd9   Thumb Code     0  rt_memcpy_w.o(.text)
    __aeabi_memcpy8                          0x08000bd9   Thumb Code     0  rt_memcpy_w.o(.text)
    __rt_memcpy_w                            0x08000bd9   Thumb Code   100  rt_memcpy_w.o(.text)
    _memcpy_lastbytes_aligned                0x08000c21   Thumb Code     0  rt_memcpy_w.o(.text)
    __aeabi_memclr                           0x08000c3d   Thumb Code     0  rt_memclr.o(.text)
    __rt_memclr                              0x08000c3d   Thumb Code    68  rt_memclr.o(.text)
    _memset                                  0x08000c41   Thumb Code     0  rt_memclr.o(.text)
    __rt_locale                              0x08000c81   Thumb Code     8  rt_locale_intlibspace.o(.text)
    __aeabi_errno_addr                       0x08000c89   Thumb Code     8  rt_errno_addr_intlibspace.o(.text)
    __errno$intlibspace                      0x08000c89   Thumb Code     0  rt_errno_addr_intlibspace.o(.text)
    __rt_errno_addr$intlibspace              0x08000c89   Thumb Code     0  rt_errno_addr_intlibspace.o(.text)
    _ll_udiv10                               0x08000c91   Thumb Code   138  lludiv10.o(.text)
    _printf_char_common                      0x08000d27   Thumb Code    32  _printf_char_common.o(.text)
    _printf_fp_infnan                        0x08000d4d   Thumb Code   112  _printf_fp_infnan.o(.text)
    _btod_etento                             0x08000dcd   Thumb Code   216  bigflt0.o(.text)
    ferror                                   0x08000ea9   Thumb Code     8  ferror.o(.text)
    __user_libspace                          0x08000eb1   Thumb Code     8  libspace.o(.text)
    __user_perproc_libspace                  0x08000eb1   Thumb Code     0  libspace.o(.text)
    __user_perthread_libspace                0x08000eb1   Thumb Code     0  libspace.o(.text)
    __user_setup_stackheap                   0x08000eb9   Thumb Code    74  sys_stackheap_outer.o(.text)
    exit                                     0x08000f03   Thumb Code    18  exit.o(.text)
    strcmp                                   0x08000f15   Thumb Code   128  strcmpv7m.o(.text)
    _btod_d2e                                0x08000f95   Thumb Code    62  btod.o(CL$$btod_d2e)
    _d2e_denorm_low                          0x08000fd3   Thumb Code    70  btod.o(CL$$btod_d2e_denorm_low)
    _d2e_norm_op1                            0x08001019   Thumb Code    96  btod.o(CL$$btod_d2e_norm_op1)
    __btod_div_common                        0x08001079   Thumb Code   696  btod.o(CL$$btod_div_common)
    _e2e                                     0x080013b1   Thumb Code   198  btod.o(CL$$btod_e2e)
    _btod_ediv                               0x08001477   Thumb Code    40  btod.o(CL$$btod_ediv)
    _btod_emul                               0x0800149f   Thumb Code    40  btod.o(CL$$btod_emul)
    __btod_mult_common                       0x080014c7   Thumb Code   580  btod.o(CL$$btod_mult_common)
    AS5600_ReadAngle                         0x0800170d   Thumb Code    46  myiic.o(i.AS5600_ReadAngle)
    AS5600_ReadOneByte                       0x08001745   Thumb Code    58  myiic.o(i.AS5600_ReadOneByte)
    AS_init                                  0x0800177f   Thumb Code    38  as5600.o(i.AS_init)
    AS_update                                0x080017a5   Thumb Code    86  as5600.o(i.AS_update)
    BusFault_Handler                         0x08001801   Thumb Code     2  stm32f4xx_it.o(i.BusFault_Handler)
    CMD_Task                                 0x08001803   Thumb Code     8  freertos.o(i.CMD_Task)
    DebugMon_Handler                         0x0800180b   Thumb Code     2  stm32f4xx_it.o(i.DebugMon_Handler)
    Error_Handler                            0x0800180d   Thumb Code     4  main.o(i.Error_Handler)
    FOC_Task                                 0x08001811   Thumb Code    42  freertos.o(i.FOC_Task)
    FOC_init                                 0x08001841   Thumb Code   214  foc_1.o(i.FOC_init)
    HAL_DMA_Abort                            0x0800192d   Thumb Code   146  stm32f4xx_hal_dma.o(i.HAL_DMA_Abort)
    HAL_DMA_Abort_IT                         0x080019bf   Thumb Code    36  stm32f4xx_hal_dma.o(i.HAL_DMA_Abort_IT)
    HAL_GPIO_Init                            0x080019e5   Thumb Code   446  stm32f4xx_hal_gpio.o(i.HAL_GPIO_Init)
    HAL_GPIO_ReadPin                         0x08001bc5   Thumb Code    10  stm32f4xx_hal_gpio.o(i.HAL_GPIO_ReadPin)
    HAL_GPIO_WritePin                        0x08001bcf   Thumb Code    10  stm32f4xx_hal_gpio.o(i.HAL_GPIO_WritePin)
    HAL_GetTick                              0x08001bd9   Thumb Code     6  stm32f4xx_hal.o(i.HAL_GetTick)
    HAL_IncTick                              0x08001be5   Thumb Code    12  stm32f4xx_hal.o(i.HAL_IncTick)
    HAL_Init                                 0x08001bf5   Thumb Code    48  stm32f4xx_hal.o(i.HAL_Init)
    HAL_InitTick                             0x08001c29   Thumb Code   118  stm32f4xx_hal_timebase_tim.o(i.HAL_InitTick)
    HAL_MspInit                              0x08001cb5   Thumb Code    52  stm32f4xx_hal_msp.o(i.HAL_MspInit)
    HAL_NVIC_EnableIRQ                       0x08001ced   Thumb Code    26  stm32f4xx_hal_cortex.o(i.HAL_NVIC_EnableIRQ)
    HAL_NVIC_SetPriority                     0x08001d09   Thumb Code    60  stm32f4xx_hal_cortex.o(i.HAL_NVIC_SetPriority)
    HAL_NVIC_SetPriorityGrouping             0x08001d49   Thumb Code    26  stm32f4xx_hal_cortex.o(i.HAL_NVIC_SetPriorityGrouping)
    HAL_RCC_ClockConfig                      0x08001d6d   Thumb Code   288  stm32f4xx_hal_rcc.o(i.HAL_RCC_ClockConfig)
    HAL_RCC_GetClockConfig                   0x08001ea1   Thumb Code    54  stm32f4xx_hal_rcc.o(i.HAL_RCC_GetClockConfig)
    HAL_RCC_GetPCLK1Freq                     0x08001ee1   Thumb Code    20  stm32f4xx_hal_rcc.o(i.HAL_RCC_GetPCLK1Freq)
    HAL_RCC_GetPCLK2Freq                     0x08001f01   Thumb Code    20  stm32f4xx_hal_rcc.o(i.HAL_RCC_GetPCLK2Freq)
    HAL_RCC_GetSysClockFreq                  0x08001f21   Thumb Code    88  stm32f4xx_hal_rcc.o(i.HAL_RCC_GetSysClockFreq)
    HAL_RCC_OscConfig                        0x08001f85   Thumb Code   856  stm32f4xx_hal_rcc.o(i.HAL_RCC_OscConfig)
    HAL_SYSTICK_CLKSourceConfig              0x080022f1   Thumb Code    24  stm32f4xx_hal_cortex.o(i.HAL_SYSTICK_CLKSourceConfig)
    HAL_TIMEx_BreakCallback                  0x08002309   Thumb Code     2  stm32f4xx_hal_tim_ex.o(i.HAL_TIMEx_BreakCallback)
    HAL_TIMEx_CommutCallback                 0x0800230b   Thumb Code     2  stm32f4xx_hal_tim_ex.o(i.HAL_TIMEx_CommutCallback)
    HAL_TIMEx_MasterConfigSynchronization    0x0800230d   Thumb Code   104  stm32f4xx_hal_tim_ex.o(i.HAL_TIMEx_MasterConfigSynchronization)
    HAL_TIM_Base_Init                        0x08002389   Thumb Code    90  stm32f4xx_hal_tim.o(i.HAL_TIM_Base_Init)
    HAL_TIM_Base_MspInit                     0x080023e5   Thumb Code    52  tim.o(i.HAL_TIM_Base_MspInit)
    HAL_TIM_Base_Start_IT                    0x08002421   Thumb Code    88  stm32f4xx_hal_tim.o(i.HAL_TIM_Base_Start_IT)
    HAL_TIM_ConfigClockSource                0x0800248d   Thumb Code   220  stm32f4xx_hal_tim.o(i.HAL_TIM_ConfigClockSource)
    HAL_TIM_IC_CaptureCallback               0x08002569   Thumb Code     2  stm32f4xx_hal_tim.o(i.HAL_TIM_IC_CaptureCallback)
    HAL_TIM_IRQHandler                       0x0800256b   Thumb Code   358  stm32f4xx_hal_tim.o(i.HAL_TIM_IRQHandler)
    HAL_TIM_MspPostInit                      0x080026d1   Thumb Code   110  tim.o(i.HAL_TIM_MspPostInit)
    HAL_TIM_OC_DelayElapsedCallback          0x0800274d   Thumb Code     2  stm32f4xx_hal_tim.o(i.HAL_TIM_OC_DelayElapsedCallback)
    HAL_TIM_PWM_ConfigChannel                0x0800274f   Thumb Code   204  stm32f4xx_hal_tim.o(i.HAL_TIM_PWM_ConfigChannel)
    HAL_TIM_PWM_Init                         0x0800281b   Thumb Code    90  stm32f4xx_hal_tim.o(i.HAL_TIM_PWM_Init)
    HAL_TIM_PWM_MspInit                      0x08002875   Thumb Code     2  stm32f4xx_hal_tim.o(i.HAL_TIM_PWM_MspInit)
    HAL_TIM_PWM_PulseFinishedCallback        0x08002877   Thumb Code     2  stm32f4xx_hal_tim.o(i.HAL_TIM_PWM_PulseFinishedCallback)
    HAL_TIM_PWM_Start                        0x08002879   Thumb Code   156  stm32f4xx_hal_tim.o(i.HAL_TIM_PWM_Start)
    HAL_TIM_PeriodElapsedCallback            0x08002929   Thumb Code    14  main.o(i.HAL_TIM_PeriodElapsedCallback)
    HAL_TIM_TriggerCallback                  0x0800293d   Thumb Code     2  stm32f4xx_hal_tim.o(i.HAL_TIM_TriggerCallback)
    HAL_UARTEx_RxEventCallback               0x0800293f   Thumb Code     2  stm32f4xx_hal_uart.o(i.HAL_UARTEx_RxEventCallback)
    HAL_UART_ErrorCallback                   0x08002941   Thumb Code     2  stm32f4xx_hal_uart.o(i.HAL_UART_ErrorCallback)
    HAL_UART_IRQHandler                      0x08002945   Thumb Code   610  stm32f4xx_hal_uart.o(i.HAL_UART_IRQHandler)
    HAL_UART_Init                            0x08002bad   Thumb Code    98  stm32f4xx_hal_uart.o(i.HAL_UART_Init)
    HAL_UART_MspInit                         0x08002c11   Thumb Code   130  usart.o(i.HAL_UART_MspInit)
    HAL_UART_Receive_IT                      0x08002ca1   Thumb Code    42  stm32f4xx_hal_uart.o(i.HAL_UART_Receive_IT)
    HAL_UART_RxCpltCallback                  0x08002ccd   Thumb Code    90  usart.o(i.HAL_UART_RxCpltCallback)
    HAL_UART_TxCpltCallback                  0x08002d35   Thumb Code     2  stm32f4xx_hal_uart.o(i.HAL_UART_TxCpltCallback)
    HardFault_Handler                        0x08002d37   Thumb Code     2  stm32f4xx_it.o(i.HardFault_Handler)
    LP_init                                  0x08002d39   Thumb Code    24  lowpass.o(i.LP_init)
    MX_FREERTOS_Init                         0x08002d55   Thumb Code    24  freertos.o(i.MX_FREERTOS_Init)
    MX_GPIO_Init                             0x08002d81   Thumb Code    70  gpio.o(i.MX_GPIO_Init)
    MX_TIM2_Init                             0x08002dd1   Thumb Code   232  tim.o(i.MX_TIM2_Init)
    MX_TIM3_Init                             0x08002ec1   Thumb Code   176  tim.o(i.MX_TIM3_Init)
    MemManage_Handler                        0x08002f79   Thumb Code     2  stm32f4xx_it.o(i.MemManage_Handler)
    NMI_Handler                              0x08002f7b   Thumb Code     2  stm32f4xx_it.o(i.NMI_Handler)
    PID_init                                 0x08002f7d   Thumb Code    40  pid.o(i.PID_init)
    SysTick_Handler                          0x08002fa9   Thumb Code    26  cmsis_os2.o(i.SysTick_Handler)
    SystemClock_Config                       0x08002fc5   Thumb Code   120  main.o(i.SystemClock_Config)
    SystemInit                               0x08003045   Thumb Code    12  system_stm32f4xx.o(i.SystemInit)
    TIM1_UP_TIM10_IRQHandler                 0x08003055   Thumb Code     6  stm32f4xx_it.o(i.TIM1_UP_TIM10_IRQHandler)
    TIM_Base_SetConfig                       0x08003061   Thumb Code   122  stm32f4xx_hal_tim.o(i.TIM_Base_SetConfig)
    TIM_CCxChannelCmd                        0x080030f9   Thumb Code    26  stm32f4xx_hal_tim.o(i.TIM_CCxChannelCmd)
    TIM_ETR_SetConfig                        0x08003113   Thumb Code    20  stm32f4xx_hal_tim.o(i.TIM_ETR_SetConfig)
    TIM_OC2_SetConfig                        0x08003189   Thumb Code    84  stm32f4xx_hal_tim.o(i.TIM_OC2_SetConfig)
    UART_Start_Receive_IT                    0x080034ed   Thumb Code    58  stm32f4xx_hal_uart.o(i.UART_Start_Receive_IT)
    USART1_IRQHandler                        0x08003529   Thumb Code     6  usart.o(i.USART1_IRQHandler)
    UsageFault_Handler                       0x08003535   Thumb Code     2  stm32f4xx_it.o(i.UsageFault_Handler)
    __ARM_fpclassify                         0x08003537   Thumb Code    48  fpclassify.o(i.__ARM_fpclassify)
    __hardfp_cos                             0x08003589   Thumb Code   180  cos.o(i.__hardfp_cos)
    __hardfp_sin                             0x08003651   Thumb Code   180  sin.o(i.__hardfp_sin)
    __ieee754_rem_pio2                       0x08003719   Thumb Code   938  rred.o(i.__ieee754_rem_pio2)
    __kernel_cos                             0x08003b51   Thumb Code   322  cos_i.o(i.__kernel_cos)
    __kernel_poly                            0x08003cc1   Thumb Code   248  poly.o(i.__kernel_poly)
    __kernel_sin                             0x08003db9   Thumb Code   280  sin_i.o(i.__kernel_sin)
    __mathlib_dbl_infnan                     0x08003ee9   Thumb Code    20  dunder.o(i.__mathlib_dbl_infnan)
    __mathlib_dbl_invalid                    0x08003f01   Thumb Code    24  dunder.o(i.__mathlib_dbl_invalid)
    __mathlib_dbl_underflow                  0x08003f21   Thumb Code    24  dunder.o(i.__mathlib_dbl_underflow)
    _is_digit                                0x08003f41   Thumb Code    14  __printf_wp.o(i._is_digit)
    _sys_exit                                0x08003f4f   Thumb Code     2  usart.o(i._sys_exit)
    abs_f                                    0x08003f51   Thumb Code    16  as5600.o(i.abs_f)
    alignSensor                              0x08003f61   Thumb Code    88  foc_1.o(i.alignSensor)
    delay_init                               0x08003ff9   Thumb Code    16  delay.o(i.delay_init)
    delay_us                                 0x0800400d   Thumb Code    48  delay.o(i.delay_us)
    electricalAngle                          0x08004041   Thumb Code    78  foc_1.o(i.electricalAngle)
    fabs                                     0x080040bd   Thumb Code    24  fabs.o(i.fabs)
    fputc                                    0x080040d5   Thumb Code    14  usart.o(i.fputc)
    getMechanicalAngle                       0x080040e9   Thumb Code     6  as5600.o(i.getMechanicalAngle)
    iic_ack                                  0x080040f1   Thumb Code    78  myiic.o(i.iic_ack)
    iic_init                                 0x08004145   Thumb Code    88  myiic.o(i.iic_init)
    iic_nack                                 0x080041a5   Thumb Code    58  myiic.o(i.iic_nack)
    iic_read_byte                            0x080041e5   Thumb Code   100  myiic.o(i.iic_read_byte)
    iic_send_byte                            0x0800424d   Thumb Code    92  myiic.o(i.iic_send_byte)
    iic_start                                0x080042ad   Thumb Code    70  myiic.o(i.iic_start)
    iic_stop                                 0x080042f9   Thumb Code    60  myiic.o(i.iic_stop)
    iic_wait_ack                             0x08004339   Thumb Code   100  myiic.o(i.iic_wait_ack)
    info_Task                                0x080043a1   Thumb Code    44  freertos.o(i.info_Task)
    main                                     0x080043d1   Thumb Code    56  main.o(i.main)
    normalizeAngle                           0x08004409   Thumb Code   102  foc_1.o(i.normalizeAngle)
    osDelay                                  0x080044ad   Thumb Code    26  cmsis_os2.o(i.osDelay)
    osKernelInitialize                       0x080044c9   Thumb Code    32  cmsis_os2.o(i.osKernelInitialize)
    osKernelStart                            0x080044ed   Thumb Code    48  cmsis_os2.o(i.osKernelStart)
    pvPortMalloc                             0x08004cb9   Thumb Code   216  heap_4.o(i.pvPortMalloc)
    pxPortInitialiseStack                    0x08004d95   Thumb Code    40  port.o(i.pxPortInitialiseStack)
    setPWM                                   0x08004dc1   Thumb Code   206  foc_1.o(i.setPWM)
    setTorque                                0x08004ed9   Thumb Code   234  foc_1.o(i.setTorque)
    start_task                               0x08004fd1   Thumb Code    88  freertos.o(i.start_task)
    usart_init                               0x08005055   Thumb Code    44  usart.o(i.usart_init)
    uxListRemove                             0x0800508d   Thumb Code    38  list.o(i.uxListRemove)
    vApplicationGetIdleTaskMemory            0x080050b5   Thumb Code    16  cmsis_os2.o(i.vApplicationGetIdleTaskMemory)
    vApplicationGetTimerTaskMemory           0x080050c9   Thumb Code    18  cmsis_os2.o(i.vApplicationGetTimerTaskMemory)
    vListInitialise                          0x080050e1   Thumb Code    22  list.o(i.vListInitialise)
    vListInitialiseItem                      0x080050f7   Thumb Code     6  list.o(i.vListInitialiseItem)
    vListInsert                              0x080050fd   Thumb Code    48  list.o(i.vListInsert)
    vListInsertEnd                           0x0800512d   Thumb Code    24  list.o(i.vListInsertEnd)
    vPortEnterCritical                       0x08005145   Thumb Code    54  port.o(i.vPortEnterCritical)
    vPortExitCritical                        0x08005185   Thumb Code    34  port.o(i.vPortExitCritical)
    vPortFree                                0x080051ad   Thumb Code    94  heap_4.o(i.vPortFree)
    vPortSetupTimerInterrupt                 0x08005211   Thumb Code    32  port.o(i.vPortSetupTimerInterrupt)
    vPortValidateInterruptPriority           0x08005235   Thumb Code    74  port.o(i.vPortValidateInterruptPriority)
    vQueueAddToRegistry                      0x08005289   Thumb Code    34  queue.o(i.vQueueAddToRegistry)
    vQueueWaitForMessageRestricted           0x080052b1   Thumb Code    68  queue.o(i.vQueueWaitForMessageRestricted)
    vTaskDelay                               0x080052f5   Thumb Code    66  tasks.o(i.vTaskDelay)
    vTaskDelete                              0x08005341   Thumb Code   130  tasks.o(i.vTaskDelete)
    vTaskInternalSetTimeOutState             0x080053d1   Thumb Code    12  tasks.o(i.vTaskInternalSetTimeOutState)
    vTaskMissedYield                         0x080053e1   Thumb Code     8  tasks.o(i.vTaskMissedYield)
    vTaskPlaceOnEventList                    0x080053ed   Thumb Code    44  tasks.o(i.vTaskPlaceOnEventList)
    vTaskPlaceOnEventListRestricted          0x0800541d   Thumb Code    52  tasks.o(i.vTaskPlaceOnEventListRestricted)
    vTaskStartScheduler                      0x08005455   Thumb Code   118  tasks.o(i.vTaskStartScheduler)
    vTaskSuspendAll                          0x080054dd   Thumb Code    10  tasks.o(i.vTaskSuspendAll)
    vTaskSwitchContext                       0x080054ed   Thumb Code    90  tasks.o(i.vTaskSwitchContext)
    xPortStartScheduler                      0x08005551   Thumb Code   222  port.o(i.xPortStartScheduler)
    xPortSysTickHandler                      0x08005645   Thumb Code    38  port.o(i.xPortSysTickHandler)
    xQueueGenericCreateStatic                0x08005671   Thumb Code   102  queue.o(i.xQueueGenericCreateStatic)
    xQueueGenericReset                       0x080056d9   Thumb Code   132  queue.o(i.xQueueGenericReset)
    xQueueGenericSend                        0x08005761   Thumb Code   346  queue.o(i.xQueueGenericSend)
    xQueueGenericSendFromISR                 0x080058c1   Thumb Code   190  queue.o(i.xQueueGenericSendFromISR)
    xQueueReceive                            0x08005981   Thumb Code   308  queue.o(i.xQueueReceive)
    xTaskCheckForTimeOut                     0x08005ab9   Thumb Code   112  tasks.o(i.xTaskCheckForTimeOut)
    xTaskCreate                              0x08005b2d   Thumb Code    90  tasks.o(i.xTaskCreate)
    xTaskCreateStatic                        0x08005b87   Thumb Code    86  tasks.o(i.xTaskCreateStatic)
    xTaskGetSchedulerState                   0x08005bdd   Thumb Code    22  tasks.o(i.xTaskGetSchedulerState)
    xTaskGetTickCount                        0x08005bf9   Thumb Code     6  tasks.o(i.xTaskGetTickCount)
    xTaskIncrementTick                       0x08005c05   Thumb Code   192  tasks.o(i.xTaskIncrementTick)
    xTaskPriorityDisinherit                  0x08005ccd   Thumb Code   118  tasks.o(i.xTaskPriorityDisinherit)
    xTaskRemoveFromEventList                 0x08005d4d   Thumb Code    98  tasks.o(i.xTaskRemoveFromEventList)
    xTaskResumeAll                           0x08005dbd   Thumb Code   182  tasks.o(i.xTaskResumeAll)
    xTimerCreateTimerTask                    0x08005e81   Thumb Code    78  timers.o(i.xTimerCreateTimerTask)
    xTimerGenericCommand                     0x08005ee1   Thumb Code    98  timers.o(i.xTimerGenericCommand)
    _get_lc_numeric                          0x08005f49   Thumb Code    44  lc_numeric_c.o(locale$$code)
    __aeabi_dneg                             0x08005f75   Thumb Code     0  basic.o(x$fpl$basic)
    _dneg                                    0x08005f75   Thumb Code     6  basic.o(x$fpl$basic)
    __aeabi_fneg                             0x08005f7b   Thumb Code     0  basic.o(x$fpl$basic)
    _fneg                                    0x08005f7b   Thumb Code     6  basic.o(x$fpl$basic)
    _dabs                                    0x08005f81   Thumb Code     6  basic.o(x$fpl$basic)
    _fabs                                    0x08005f87   Thumb Code     6  basic.o(x$fpl$basic)
    __aeabi_d2f                              0x08005f8d   Thumb Code     0  d2f.o(x$fpl$d2f)
    _d2f                                     0x08005f8d   Thumb Code    98  d2f.o(x$fpl$d2f)
    __aeabi_dadd                             0x08005ff1   Thumb Code     0  daddsub_clz.o(x$fpl$dadd)
    _dadd                                    0x08005ff1   Thumb Code   332  daddsub_clz.o(x$fpl$dadd)
    __aeabi_ddiv                             0x08006141   Thumb Code     0  ddiv.o(x$fpl$ddiv)
    _ddiv                                    0x08006141   Thumb Code   552  ddiv.o(x$fpl$ddiv)
    __aeabi_d2iz                             0x080063f1   Thumb Code     0  dfix.o(x$fpl$dfix)
    _dfix                                    0x080063f1   Thumb Code    94  dfix.o(x$fpl$dfix)
    __aeabi_i2d                              0x0800644f   Thumb Code     0  dflt_clz.o(x$fpl$dflt)
    _dflt                                    0x0800644f   Thumb Code    46  dflt_clz.o(x$fpl$dflt)
    __aeabi_ui2d                             0x0800647d   Thumb Code     0  dflt_clz.o(x$fpl$dfltu)
    _dfltu                                   0x0800647d   Thumb Code    38  dflt_clz.o(x$fpl$dfltu)
    __aeabi_dmul                             0x080064a5   Thumb Code     0  dmul.o(x$fpl$dmul)
    _dmul                                    0x080064a5   Thumb Code   332  dmul.o(x$fpl$dmul)
    __fpl_dnaninf                            0x080065f9   Thumb Code   156  dnaninf.o(x$fpl$dnaninf)
    __fpl_dretinf                            0x08006695   Thumb Code    12  dretinf.o(x$fpl$dretinf)
    __aeabi_drsub                            0x080066a1   Thumb Code     0  daddsub_clz.o(x$fpl$drsb)
    _drsb                                    0x080066a1   Thumb Code    22  daddsub_clz.o(x$fpl$drsb)
    __aeabi_dsub                             0x080066b9   Thumb Code     0  daddsub_clz.o(x$fpl$dsub)
    _dsub                                    0x080066b9   Thumb Code   464  daddsub_clz.o(x$fpl$dsub)
    __aeabi_f2d                              0x0800688d   Thumb Code     0  f2d.o(x$fpl$f2d)
    _f2d                                     0x0800688d   Thumb Code    86  f2d.o(x$fpl$f2d)
    __fpl_fnaninf                            0x080068e3   Thumb Code   140  fnaninf.o(x$fpl$fnaninf)
    _fp_init                                 0x0800696f   Thumb Code    10  fpinit.o(x$fpl$fpinit)
    __fplib_config_fpu_vfp                   0x08006977   Thumb Code     0  fpinit.o(x$fpl$fpinit)
    __fplib_config_pureend_doubles           0x08006977   Thumb Code     0  fpinit.o(x$fpl$fpinit)
    __fpl_fretinf                            0x08006979   Thumb Code    10  fretinf.o(x$fpl$fretinf)
    _printf_fp_dec                           0x08006983   Thumb Code     4  printf1.o(x$fpl$printf1)
    AHBPrescTable                            0x08006986   Data          16  system_stm32f4xx.o(.constdata)
    __I$use$fp                               0x08006986   Number         0  usenofp.o(x$fpl$usenofp)
    APBPrescTable                            0x08006996   Data           8  system_stm32f4xx.o(.constdata)
    Region$$Table$$Base                      0x08006b54   Number         0  anon$$obj.o(Region$$Table)
    Region$$Table$$Limit                     0x08006b74   Number         0  anon$$obj.o(Region$$Table)
    StartTask_Handler                        0x20000000   Data           4  freertos.o(.data)
    Task1Task_Handler                        0x20000004   Data           4  freertos.o(.data)
    Task2Task_Handler                        0x20000008   Data           4  freertos.o(.data)
    Task3Task_Handler                        0x2000000c   Data           4  freertos.o(.data)
    g_rx_buffer                              0x20000010   Data           1  usart.o(.data)
    g_usart_rx_sta                           0x20000012   Data           2  usart.o(.data)
    __stdout                                 0x20000014   Data           4  usart.o(.data)
    uwTickFreq                               0x2000001c   Data           1  stm32f4xx_hal.o(.data)
    uwTickPrio                               0x20000020   Data           4  stm32f4xx_hal.o(.data)
    uwTick                                   0x20000024   Data           4  stm32f4xx_hal.o(.data)
    SystemCoreClock                          0x20000028   Data           4  system_stm32f4xx.o(.data)
    pxCurrentTCB                             0x2000002c   Data           4  tasks.o(.data)
    arr_global                               0x200000ac   Data           2  tim.o(.data)
    voltage_power_supply                     0x200000b0   Data           4  foc_1.o(.data)
    U_alpha                                  0x200000b4   Data           4  foc_1.o(.data)
    U_beta                                   0x200000b8   Data           4  foc_1.o(.data)
    Ua                                       0x200000bc   Data           4  foc_1.o(.data)
    Ub                                       0x200000c0   Data           4  foc_1.o(.data)
    Uc                                       0x200000c4   Data           4  foc_1.o(.data)
    zero_electric_angle                      0x200000c8   Data           4  foc_1.o(.data)
    PP                                       0x200000cc   Data           4  foc_1.o(.data)
    DIR                                      0x200000d0   Data           4  foc_1.o(.data)
    g_usart_rx_buf                           0x200000d4   Data         200  usart.o(.bss)
    g_uart1_handle                           0x2000019c   Data          68  usart.o(.bss)
    htim1                                    0x200001e0   Data          72  stm32f4xx_hal_timebase_tim.o(.bss)
    xQueueRegistry                           0x20000228   Data          64  queue.o(.bss)
    htim2                                    0x20004afc   Data          72  tim.o(.bss)
    htim3                                    0x20004b44   Data          72  tim.o(.bss)
    M0_Vel_LPF                               0x20004b8c   Data          12  foc_1.o(.bss)
    M1_Vel_LPF                               0x20004b98   Data          12  foc_1.o(.bss)
    M0_encoder                               0x20004ba4   Data          28  foc_1.o(.bss)
    M1_encoder                               0x20004bc0   Data          28  foc_1.o(.bss)
    M0_vel_PID                               0x20004bdc   Data          44  foc_1.o(.bss)
    M1_vel_PID                               0x20004c08   Data          44  foc_1.o(.bss)
    M0_pos_PID                               0x20004c34   Data          44  foc_1.o(.bss)
    M1_pos_PID                               0x20004c60   Data          44  foc_1.o(.bss)
    __libspace_start                         0x20004c8c   Data          96  libspace.o(.bss)
    __temporary_stack_top$libspace           0x20004cec   Data           0  libspace.o(.bss)



==============================================================================

Memory Map of the image

  Image Entry point : 0x08000195

  Load Region LR_IROM1 (Base: 0x08000000, Size: 0x00006c64, Max: 0x00040000, ABSOLUTE)

    Execution Region ER_IROM1 (Base: 0x08000000, Size: 0x00006b90, Max: 0x00040000, ABSOLUTE)

    Base Addr    Size         Type   Attr      Idx    E Section Name        Object

    0x08000000   0x00000194   Data   RO            3    RESET               startup_stm32f401xc.o
    0x08000194   0x00000008   Code   RO         5260  * !!!main             c_w.l(__main.o)
    0x0800019c   0x00000034   Code   RO         5590    !!!scatter          c_w.l(__scatter.o)
    0x080001d0   0x0000001a   Code   RO         5592    !!handler_copy      c_w.l(__scatter_copy.o)
    0x080001ea   0x00000002   PAD
    0x080001ec   0x0000001c   Code   RO         5594    !!handler_zi        c_w.l(__scatter_zi.o)
    0x08000208   0x00000000   Code   RO         5249    .ARM.Collect$$_printf_percent$$00000000  c_w.l(_printf_percent.o)
    0x08000208   0x00000006   Code   RO         5248    .ARM.Collect$$_printf_percent$$00000003  c_w.l(_printf_f.o)
    0x0800020e   0x00000006   Code   RO         5247    .ARM.Collect$$_printf_percent$$00000009  c_w.l(_printf_d.o)
    0x08000214   0x00000004   Code   RO         5311    .ARM.Collect$$_printf_percent$$00000017  c_w.l(_printf_percent_end.o)
    0x08000218   0x00000002   Code   RO         5472    .ARM.Collect$$libinit$$00000000  c_w.l(libinit.o)
    0x0800021a   0x00000004   Code   RO         5473    .ARM.Collect$$libinit$$00000001  c_w.l(libinit2.o)
    0x0800021e   0x00000000   Code   RO         5476    .ARM.Collect$$libinit$$00000004  c_w.l(libinit2.o)
    0x0800021e   0x00000000   Code   RO         5479    .ARM.Collect$$libinit$$0000000A  c_w.l(libinit2.o)
    0x0800021e   0x00000000   Code   RO         5481    .ARM.Collect$$libinit$$0000000C  c_w.l(libinit2.o)
    0x0800021e   0x00000000   Code   RO         5483    .ARM.Collect$$libinit$$0000000E  c_w.l(libinit2.o)
    0x0800021e   0x00000006   Code   RO         5484    .ARM.Collect$$libinit$$0000000F  c_w.l(libinit2.o)
    0x08000224   0x00000000   Code   RO         5486    .ARM.Collect$$libinit$$00000011  c_w.l(libinit2.o)
    0x08000224   0x00000000   Code   RO         5488    .ARM.Collect$$libinit$$00000013  c_w.l(libinit2.o)
    0x08000224   0x00000000   Code   RO         5490    .ARM.Collect$$libinit$$00000015  c_w.l(libinit2.o)
    0x08000224   0x0000000a   Code   RO         5491    .ARM.Collect$$libinit$$00000016  c_w.l(libinit2.o)
    0x0800022e   0x00000000   Code   RO         5492    .ARM.Collect$$libinit$$00000017  c_w.l(libinit2.o)
    0x0800022e   0x00000000   Code   RO         5494    .ARM.Collect$$libinit$$00000019  c_w.l(libinit2.o)
    0x0800022e   0x00000000   Code   RO         5496    .ARM.Collect$$libinit$$0000001B  c_w.l(libinit2.o)
    0x0800022e   0x00000000   Code   RO         5498    .ARM.Collect$$libinit$$0000001D  c_w.l(libinit2.o)
    0x0800022e   0x00000000   Code   RO         5500    .ARM.Collect$$libinit$$0000001F  c_w.l(libinit2.o)
    0x0800022e   0x00000000   Code   RO         5502    .ARM.Collect$$libinit$$00000021  c_w.l(libinit2.o)
    0x0800022e   0x00000000   Code   RO         5504    .ARM.Collect$$libinit$$00000023  c_w.l(libinit2.o)
    0x0800022e   0x00000000   Code   RO         5506    .ARM.Collect$$libinit$$00000025  c_w.l(libinit2.o)
    0x0800022e   0x00000000   Code   RO         5510    .ARM.Collect$$libinit$$0000002C  c_w.l(libinit2.o)
    0x0800022e   0x00000000   Code   RO         5512    .ARM.Collect$$libinit$$0000002E  c_w.l(libinit2.o)
    0x0800022e   0x00000000   Code   RO         5514    .ARM.Collect$$libinit$$00000030  c_w.l(libinit2.o)
    0x0800022e   0x00000000   Code   RO         5516    .ARM.Collect$$libinit$$00000032  c_w.l(libinit2.o)
    0x0800022e   0x00000002   Code   RO         5517    .ARM.Collect$$libinit$$00000033  c_w.l(libinit2.o)
    0x08000230   0x00000002   Code   RO         5555    .ARM.Collect$$libshutdown$$00000000  c_w.l(libshutdown.o)
    0x08000232   0x00000000   Code   RO         5573    .ARM.Collect$$libshutdown$$00000002  c_w.l(libshutdown2.o)
    0x08000232   0x00000000   Code   RO         5575    .ARM.Collect$$libshutdown$$00000004  c_w.l(libshutdown2.o)
    0x08000232   0x00000000   Code   RO         5578    .ARM.Collect$$libshutdown$$00000007  c_w.l(libshutdown2.o)
    0x08000232   0x00000000   Code   RO         5581    .ARM.Collect$$libshutdown$$0000000A  c_w.l(libshutdown2.o)
    0x08000232   0x00000000   Code   RO         5583    .ARM.Collect$$libshutdown$$0000000C  c_w.l(libshutdown2.o)
    0x08000232   0x00000000   Code   RO         5586    .ARM.Collect$$libshutdown$$0000000F  c_w.l(libshutdown2.o)
    0x08000232   0x00000002   Code   RO         5587    .ARM.Collect$$libshutdown$$00000010  c_w.l(libshutdown2.o)
    0x08000234   0x00000000   Code   RO         5296    .ARM.Collect$$rtentry$$00000000  c_w.l(__rtentry.o)
    0x08000234   0x00000000   Code   RO         5356    .ARM.Collect$$rtentry$$00000002  c_w.l(__rtentry2.o)
    0x08000234   0x00000006   Code   RO         5368    .ARM.Collect$$rtentry$$00000004  c_w.l(__rtentry4.o)
    0x0800023a   0x00000000   Code   RO         5358    .ARM.Collect$$rtentry$$00000009  c_w.l(__rtentry2.o)
    0x0800023a   0x00000004   Code   RO         5359    .ARM.Collect$$rtentry$$0000000A  c_w.l(__rtentry2.o)
    0x0800023e   0x00000000   Code   RO         5361    .ARM.Collect$$rtentry$$0000000C  c_w.l(__rtentry2.o)
    0x0800023e   0x00000008   Code   RO         5362    .ARM.Collect$$rtentry$$0000000D  c_w.l(__rtentry2.o)
    0x08000246   0x00000002   Code   RO         5518    .ARM.Collect$$rtexit$$00000000  c_w.l(rtexit.o)
    0x08000248   0x00000000   Code   RO         5531    .ARM.Collect$$rtexit$$00000002  c_w.l(rtexit2.o)
    0x08000248   0x00000004   Code   RO         5532    .ARM.Collect$$rtexit$$00000003  c_w.l(rtexit2.o)
    0x0800024c   0x00000006   Code   RO         5533    .ARM.Collect$$rtexit$$00000004  c_w.l(rtexit2.o)
    0x08000252   0x00000002   PAD
    0x08000254   0x000000be   Code   RO         4791    .emb_text           port.o
    0x08000312   0x00000002   PAD
    0x08000314   0x00000040   Code   RO            4    .text               startup_stm32f401xc.o
    0x08000354   0x00000002   Code   RO         5212    .text               c_w.l(use_no_semi_2.o)
    0x08000356   0x000000ee   Code   RO         5214    .text               c_w.l(lludivv7m.o)
    0x08000444   0x00000018   Code   RO         5218    .text               c_w.l(noretval__2printf.o)
    0x0800045c   0x00000078   Code   RO         5224    .text               c_w.l(_printf_dec.o)
    0x080004d4   0x0000010e   Code   RO         5234    .text               c_w.l(__printf_wp.o)
    0x080005e2   0x0000008a   Code   RO         5250    .text               c_w.l(rt_memcpy_v6.o)
    0x0800066c   0x00000010   Code   RO         5254    .text               c_w.l(aeabi_memset.o)
    0x0800067c   0x0000004e   Code   RO         5256    .text               c_w.l(rt_memclr_w.o)
    0x080006ca   0x00000006   Code   RO         5258    .text               c_w.l(heapauxi.o)
    0x080006d0   0x00000002   Code   RO         5294    .text               c_w.l(use_no_semi.o)
    0x080006d2   0x00000016   Code   RO         5301    .text               c_w.l(_rserrno.o)
    0x080006e8   0x000000b2   Code   RO         5303    .text               c_w.l(_printf_intcommon.o)
    0x0800079a   0x0000041a   Code   RO         5305    .text               c_w.l(_printf_fp_dec.o)
    0x08000bb4   0x00000024   Code   RO         5309    .text               c_w.l(_printf_char_file.o)
    0x08000bd8   0x00000064   Code   RO         5312    .text               c_w.l(rt_memcpy_w.o)
    0x08000c3c   0x00000044   Code   RO         5314    .text               c_w.l(rt_memclr.o)
    0x08000c80   0x00000008   Code   RO         5375    .text               c_w.l(rt_locale_intlibspace.o)
    0x08000c88   0x00000008   Code   RO         5380    .text               c_w.l(rt_errno_addr_intlibspace.o)
    0x08000c90   0x0000008a   Code   RO         5382    .text               c_w.l(lludiv10.o)
    0x08000d1a   0x00000002   PAD
    0x08000d1c   0x00000030   Code   RO         5384    .text               c_w.l(_printf_char_common.o)
    0x08000d4c   0x00000080   Code   RO         5386    .text               c_w.l(_printf_fp_infnan.o)
    0x08000dcc   0x000000dc   Code   RO         5388    .text               c_w.l(bigflt0.o)
    0x08000ea8   0x00000008   Code   RO         5413    .text               c_w.l(ferror.o)
    0x08000eb0   0x00000008   Code   RO         5452    .text               c_w.l(libspace.o)
    0x08000eb8   0x0000004a   Code   RO         5455    .text               c_w.l(sys_stackheap_outer.o)
    0x08000f02   0x00000012   Code   RO         5459    .text               c_w.l(exit.o)
    0x08000f14   0x00000080   Code   RO         5465    .text               c_w.l(strcmpv7m.o)
    0x08000f94   0x0000003e   Code   RO         5391    CL$$btod_d2e        c_w.l(btod.o)
    0x08000fd2   0x00000046   Code   RO         5393    CL$$btod_d2e_denorm_low  c_w.l(btod.o)
    0x08001018   0x00000060   Code   RO         5392    CL$$btod_d2e_norm_op1  c_w.l(btod.o)
    0x08001078   0x00000338   Code   RO         5401    CL$$btod_div_common  c_w.l(btod.o)
    0x080013b0   0x000000c6   Code   RO         5398    CL$$btod_e2e        c_w.l(btod.o)
    0x08001476   0x00000028   Code   RO         5395    CL$$btod_ediv       c_w.l(btod.o)
    0x0800149e   0x00000028   Code   RO         5394    CL$$btod_emul       c_w.l(btod.o)
    0x080014c6   0x00000244   Code   RO         5400    CL$$btod_mult_common  c_w.l(btod.o)
    0x0800170a   0x00000002   PAD
    0x0800170c   0x00000038   Code   RO         4871    i.AS5600_ReadAngle  myiic.o
    0x08001744   0x0000003a   Code   RO         4872    i.AS5600_ReadOneByte  myiic.o
    0x0800177e   0x00000026   Code   RO         4955    i.AS_init           as5600.o
    0x080017a4   0x0000005c   Code   RO         4956    i.AS_update         as5600.o
    0x08001800   0x00000002   Code   RO          394    i.BusFault_Handler  stm32f4xx_it.o
    0x08001802   0x00000008   Code   RO          247    i.CMD_Task          freertos.o
    0x0800180a   0x00000002   Code   RO          395    i.DebugMon_Handler  stm32f4xx_it.o
    0x0800180c   0x00000004   Code   RO           13    i.Error_Handler     main.o
    0x08001810   0x00000030   Code   RO          248    i.FOC_Task          freertos.o
    0x08001840   0x000000ec   Code   RO         5152    i.FOC_init          foc_1.o
    0x0800192c   0x00000092   Code   RO         1051    i.HAL_DMA_Abort     stm32f4xx_hal_dma.o
    0x080019be   0x00000024   Code   RO         1052    i.HAL_DMA_Abort_IT  stm32f4xx_hal_dma.o
    0x080019e2   0x00000002   PAD
    0x080019e4   0x000001e0   Code   RO          944    i.HAL_GPIO_Init     stm32f4xx_hal_gpio.o
    0x08001bc4   0x0000000a   Code   RO          946    i.HAL_GPIO_ReadPin  stm32f4xx_hal_gpio.o
    0x08001bce   0x0000000a   Code   RO          948    i.HAL_GPIO_WritePin  stm32f4xx_hal_gpio.o
    0x08001bd8   0x0000000c   Code   RO         1500    i.HAL_GetTick       stm32f4xx_hal.o
    0x08001be4   0x00000010   Code   RO         1506    i.HAL_IncTick       stm32f4xx_hal.o
    0x08001bf4   0x00000034   Code   RO         1507    i.HAL_Init          stm32f4xx_hal.o
    0x08001c28   0x0000008c   Code   RO          482    i.HAL_InitTick      stm32f4xx_hal_timebase_tim.o
    0x08001cb4   0x00000038   Code   RO          458    i.HAL_MspInit       stm32f4xx_hal_msp.o
    0x08001cec   0x0000001a   Code   RO         1357    i.HAL_NVIC_EnableIRQ  stm32f4xx_hal_cortex.o
    0x08001d06   0x00000002   PAD
    0x08001d08   0x00000040   Code   RO         1363    i.HAL_NVIC_SetPriority  stm32f4xx_hal_cortex.o
    0x08001d48   0x00000024   Code   RO         1364    i.HAL_NVIC_SetPriorityGrouping  stm32f4xx_hal_cortex.o
    0x08001d6c   0x00000134   Code   RO          566    i.HAL_RCC_ClockConfig  stm32f4xx_hal_rcc.o
    0x08001ea0   0x00000040   Code   RO          570    i.HAL_RCC_GetClockConfig  stm32f4xx_hal_rcc.o
    0x08001ee0   0x00000020   Code   RO          573    i.HAL_RCC_GetPCLK1Freq  stm32f4xx_hal_rcc.o
    0x08001f00   0x00000020   Code   RO          574    i.HAL_RCC_GetPCLK2Freq  stm32f4xx_hal_rcc.o
    0x08001f20   0x00000064   Code   RO          575    i.HAL_RCC_GetSysClockFreq  stm32f4xx_hal_rcc.o
    0x08001f84   0x0000036c   Code   RO          578    i.HAL_RCC_OscConfig  stm32f4xx_hal_rcc.o
    0x080022f0   0x00000018   Code   RO         1366    i.HAL_SYSTICK_CLKSourceConfig  stm32f4xx_hal_cortex.o
    0x08002308   0x00000002   Code   RO         2451    i.HAL_TIMEx_BreakCallback  stm32f4xx_hal_tim_ex.o
    0x0800230a   0x00000002   Code   RO         2452    i.HAL_TIMEx_CommutCallback  stm32f4xx_hal_tim_ex.o
    0x0800230c   0x0000007c   Code   RO         2470    i.HAL_TIMEx_MasterConfigSynchronization  stm32f4xx_hal_tim_ex.o
    0x08002388   0x0000005a   Code   RO         1747    i.HAL_TIM_Base_Init  stm32f4xx_hal_tim.o
    0x080023e2   0x00000002   PAD
    0x080023e4   0x0000003c   Code   RO         5013    i.HAL_TIM_Base_MspInit  tim.o
    0x08002420   0x0000006c   Code   RO         1752    i.HAL_TIM_Base_Start_IT  stm32f4xx_hal_tim.o
    0x0800248c   0x000000dc   Code   RO         1756    i.HAL_TIM_ConfigClockSource  stm32f4xx_hal_tim.o
    0x08002568   0x00000002   Code   RO         1781    i.HAL_TIM_IC_CaptureCallback  stm32f4xx_hal_tim.o
    0x0800256a   0x00000166   Code   RO         1795    i.HAL_TIM_IRQHandler  stm32f4xx_hal_tim.o
    0x080026d0   0x0000007c   Code   RO         5014    i.HAL_TIM_MspPostInit  tim.o
    0x0800274c   0x00000002   Code   RO         1798    i.HAL_TIM_OC_DelayElapsedCallback  stm32f4xx_hal_tim.o
    0x0800274e   0x000000cc   Code   RO         1819    i.HAL_TIM_PWM_ConfigChannel  stm32f4xx_hal_tim.o
    0x0800281a   0x0000005a   Code   RO         1822    i.HAL_TIM_PWM_Init  stm32f4xx_hal_tim.o
    0x08002874   0x00000002   Code   RO         1824    i.HAL_TIM_PWM_MspInit  stm32f4xx_hal_tim.o
    0x08002876   0x00000002   Code   RO         1825    i.HAL_TIM_PWM_PulseFinishedCallback  stm32f4xx_hal_tim.o
    0x08002878   0x000000b0   Code   RO         1827    i.HAL_TIM_PWM_Start  stm32f4xx_hal_tim.o
    0x08002928   0x00000014   Code   RO           14    i.HAL_TIM_PeriodElapsedCallback  main.o
    0x0800293c   0x00000002   Code   RO         1838    i.HAL_TIM_TriggerCallback  stm32f4xx_hal_tim.o
    0x0800293e   0x00000002   Code   RO         2729    i.HAL_UARTEx_RxEventCallback  stm32f4xx_hal_uart.o
    0x08002940   0x00000002   Code   RO         2743    i.HAL_UART_ErrorCallback  stm32f4xx_hal_uart.o
    0x08002942   0x00000002   PAD
    0x08002944   0x00000268   Code   RO         2746    i.HAL_UART_IRQHandler  stm32f4xx_hal_uart.o
    0x08002bac   0x00000062   Code   RO         2747    i.HAL_UART_Init     stm32f4xx_hal_uart.o
    0x08002c0e   0x00000002   PAD
    0x08002c10   0x00000090   Code   RO          313    i.HAL_UART_MspInit  usart.o
    0x08002ca0   0x0000002a   Code   RO         2752    i.HAL_UART_Receive_IT  stm32f4xx_hal_uart.o
    0x08002cca   0x00000002   PAD
    0x08002ccc   0x00000068   Code   RO          314    i.HAL_UART_RxCpltCallback  usart.o
    0x08002d34   0x00000002   Code   RO         2758    i.HAL_UART_TxCpltCallback  stm32f4xx_hal_uart.o
    0x08002d36   0x00000002   Code   RO          396    i.HardFault_Handler  stm32f4xx_it.o
    0x08002d38   0x0000001c   Code   RO         5065    i.LP_init           lowpass.o
    0x08002d54   0x0000002c   Code   RO          249    i.MX_FREERTOS_Init  freertos.o
    0x08002d80   0x00000050   Code   RO          223    i.MX_GPIO_Init      gpio.o
    0x08002dd0   0x000000f0   Code   RO         5015    i.MX_TIM2_Init      tim.o
    0x08002ec0   0x000000b8   Code   RO         5016    i.MX_TIM3_Init      tim.o
    0x08002f78   0x00000002   Code   RO          397    i.MemManage_Handler  stm32f4xx_it.o
    0x08002f7a   0x00000002   Code   RO          398    i.NMI_Handler       stm32f4xx_it.o
    0x08002f7c   0x0000002c   Code   RO         5083    i.PID_init          pid.o
    0x08002fa8   0x0000001a   Code   RO         4223    i.SysTick_Handler   cmsis_os2.o
    0x08002fc2   0x00000002   PAD
    0x08002fc4   0x00000080   Code   RO           15    i.SystemClock_Config  main.o
    0x08003044   0x00000010   Code   RO         3076    i.SystemInit        system_stm32f4xx.o
    0x08003054   0x0000000c   Code   RO          399    i.TIM1_UP_TIM10_IRQHandler  stm32f4xx_it.o
    0x08003060   0x00000098   Code   RO         1840    i.TIM_Base_SetConfig  stm32f4xx_hal_tim.o
    0x080030f8   0x0000001a   Code   RO         1841    i.TIM_CCxChannelCmd  stm32f4xx_hal_tim.o
    0x08003112   0x00000014   Code   RO         1851    i.TIM_ETR_SetConfig  stm32f4xx_hal_tim.o
    0x08003126   0x00000010   Code   RO         1852    i.TIM_ITRx_SetConfig  stm32f4xx_hal_tim.o
    0x08003136   0x00000002   PAD
    0x08003138   0x00000050   Code   RO         1853    i.TIM_OC1_SetConfig  stm32f4xx_hal_tim.o
    0x08003188   0x00000058   Code   RO         1854    i.TIM_OC2_SetConfig  stm32f4xx_hal_tim.o
    0x080031e0   0x00000058   Code   RO         1855    i.TIM_OC3_SetConfig  stm32f4xx_hal_tim.o
    0x08003238   0x00000044   Code   RO         1856    i.TIM_OC4_SetConfig  stm32f4xx_hal_tim.o
    0x0800327c   0x00000022   Code   RO         1858    i.TIM_TI1_ConfigInputStage  stm32f4xx_hal_tim.o
    0x0800329e   0x00000024   Code   RO         1860    i.TIM_TI2_ConfigInputStage  stm32f4xx_hal_tim.o
    0x080032c2   0x00000010   Code   RO         2760    i.UART_DMAAbortOnError  stm32f4xx_hal_uart.o
    0x080032d2   0x0000004e   Code   RO         2770    i.UART_EndRxTransfer  stm32f4xx_hal_uart.o
    0x08003320   0x000000c0   Code   RO         2772    i.UART_Receive_IT   stm32f4xx_hal_uart.o
    0x080033e0   0x0000010c   Code   RO         2773    i.UART_SetConfig    stm32f4xx_hal_uart.o
    0x080034ec   0x0000003a   Code   RO         2775    i.UART_Start_Receive_IT  stm32f4xx_hal_uart.o
    0x08003526   0x00000002   PAD
    0x08003528   0x0000000c   Code   RO          315    i.USART1_IRQHandler  usart.o
    0x08003534   0x00000002   Code   RO          400    i.UsageFault_Handler  stm32f4xx_it.o
    0x08003536   0x00000030   Code   RO         5448    i.__ARM_fpclassify  m_wm.l(fpclassify.o)
    0x08003566   0x00000020   Code   RO         1370    i.__NVIC_SetPriority  stm32f4xx_hal_cortex.o
    0x08003586   0x00000002   PAD
    0x08003588   0x000000c8   Code   RO         5270    i.__hardfp_cos      m_wm.l(cos.o)
    0x08003650   0x000000c8   Code   RO         5282    i.__hardfp_sin      m_wm.l(sin.o)
    0x08003718   0x00000438   Code   RO         5344    i.__ieee754_rem_pio2  m_wm.l(rred.o)
    0x08003b50   0x00000170   Code   RO         5327    i.__kernel_cos      m_wm.l(cos_i.o)
    0x08003cc0   0x000000f8   Code   RO         5450    i.__kernel_poly     m_wm.l(poly.o)
    0x08003db8   0x00000130   Code   RO         5349    i.__kernel_sin      m_wm.l(sin_i.o)
    0x08003ee8   0x00000014   Code   RO         5331    i.__mathlib_dbl_infnan  m_wm.l(dunder.o)
    0x08003efc   0x00000004   PAD
    0x08003f00   0x00000020   Code   RO         5333    i.__mathlib_dbl_invalid  m_wm.l(dunder.o)
    0x08003f20   0x00000020   Code   RO         5336    i.__mathlib_dbl_underflow  m_wm.l(dunder.o)
    0x08003f40   0x0000000e   Code   RO         5236    i._is_digit         c_w.l(__printf_wp.o)
    0x08003f4e   0x00000002   Code   RO          317    i._sys_exit         usart.o
    0x08003f50   0x00000010   Code   RO         4957    i.abs_f             as5600.o
    0x08003f60   0x00000098   Code   RO         5153    i.alignSensor       foc_1.o
    0x08003ff8   0x00000014   Code   RO          522    i.delay_init        delay.o
    0x0800400c   0x00000034   Code   RO          524    i.delay_us          delay.o
    0x08004040   0x0000007c   Code   RO         5154    i.electricalAngle   foc_1.o
    0x080040bc   0x00000018   Code   RO         5444    i.fabs              m_wm.l(fabs.o)
    0x080040d4   0x00000014   Code   RO          319    i.fputc             usart.o
    0x080040e8   0x00000006   Code   RO         4959    i.getMechanicalAngle  as5600.o
    0x080040ee   0x00000002   PAD
    0x080040f0   0x00000054   Code   RO         4874    i.iic_ack           myiic.o
    0x08004144   0x00000060   Code   RO         4875    i.iic_init          myiic.o
    0x080041a4   0x00000040   Code   RO         4876    i.iic_nack          myiic.o
    0x080041e4   0x00000068   Code   RO         4877    i.iic_read_byte     myiic.o
    0x0800424c   0x00000060   Code   RO         4878    i.iic_send_byte     myiic.o
    0x080042ac   0x0000004c   Code   RO         4879    i.iic_start         myiic.o
    0x080042f8   0x00000040   Code   RO         4880    i.iic_stop          myiic.o
    0x08004338   0x00000068   Code   RO         4881    i.iic_wait_ack      myiic.o
    0x080043a0   0x00000030   Code   RO          250    i.info_Task         freertos.o
    0x080043d0   0x00000038   Code   RO           16    i.main              main.o
    0x08004408   0x000000a4   Code   RO         5155    i.normalizeAngle    foc_1.o
    0x080044ac   0x0000001a   Code   RO         4225    i.osDelay           cmsis_os2.o
    0x080044c6   0x00000002   PAD
    0x080044c8   0x00000024   Code   RO         4239    i.osKernelInitialize  cmsis_os2.o
    0x080044ec   0x00000038   Code   RO         4242    i.osKernelStart     cmsis_os2.o
    0x08004524   0x0000005c   Code   RO         3684    i.prvAddCurrentTaskToDelayedList  tasks.o
    0x08004580   0x000000d0   Code   RO         3685    i.prvAddNewTaskToReadyList  tasks.o
    0x08004650   0x00000058   Code   RO         4049    i.prvCheckForValidListAndQueue  timers.o
    0x080046a8   0x00000026   Code   RO         3281    i.prvCopyDataFromQueue  queue.o
    0x080046ce   0x0000006c   Code   RO         3282    i.prvCopyDataToQueue  queue.o
    0x0800473a   0x00000034   Code   RO         3686    i.prvDeleteTCB      tasks.o
    0x0800476e   0x00000002   PAD
    0x08004770   0x0000004c   Code   RO         4736    i.prvHeapInit       heap_4.o
    0x080047bc   0x00000060   Code   RO         3687    i.prvIdleTask       tasks.o
    0x0800481c   0x00000022   Code   RO         3284    i.prvInitialiseNewQueue  queue.o
    0x0800483e   0x00000002   PAD
    0x08004840   0x000000b0   Code   RO         3688    i.prvInitialiseNewTask  tasks.o
    0x080048f0   0x0000004c   Code   RO         4737    i.prvInsertBlockIntoFreeList  heap_4.o
    0x0800493c   0x00000038   Code   RO         4051    i.prvInsertTimerInActiveList  timers.o
    0x08004974   0x0000001c   Code   RO         3285    i.prvIsQueueEmpty   queue.o
    0x08004990   0x000000fc   Code   RO         4052    i.prvProcessReceivedCommands  timers.o
    0x08004a8c   0x000000c0   Code   RO         4053    i.prvProcessTimerOrBlockTask  timers.o
    0x08004b4c   0x00000020   Code   RO         3690    i.prvResetNextTaskUnblockTime  tasks.o
    0x08004b6c   0x00000028   Code   RO         4054    i.prvSampleTimeNow  timers.o
    0x08004b94   0x0000006c   Code   RO         4055    i.prvSwitchTimerLists  timers.o
    0x08004c00   0x00000028   Code   RO         4792    i.prvTaskExitError  port.o
    0x08004c28   0x00000024   Code   RO         4056    i.prvTimerTask      timers.o
    0x08004c4c   0x0000006a   Code   RO         3286    i.prvUnlockQueue    queue.o
    0x08004cb6   0x00000002   PAD
    0x08004cb8   0x000000dc   Code   RO         4738    i.pvPortMalloc      heap_4.o
    0x08004d94   0x0000002c   Code   RO         4793    i.pxPortInitialiseStack  port.o
    0x08004dc0   0x00000118   Code   RO         5156    i.setPWM            foc_1.o
    0x08004ed8   0x000000f8   Code   RO         5157    i.setTorque         foc_1.o
    0x08004fd0   0x00000084   Code   RO          251    i.start_task        freertos.o
    0x08005054   0x00000038   Code   RO          320    i.usart_init        usart.o
    0x0800508c   0x00000026   Code   RO         3241    i.uxListRemove      list.o
    0x080050b2   0x00000002   PAD
    0x080050b4   0x00000014   Code   RO         4296    i.vApplicationGetIdleTaskMemory  cmsis_os2.o
    0x080050c8   0x00000018   Code   RO         4297    i.vApplicationGetTimerTaskMemory  cmsis_os2.o
    0x080050e0   0x00000016   Code   RO         3242    i.vListInitialise   list.o
    0x080050f6   0x00000006   Code   RO         3243    i.vListInitialiseItem  list.o
    0x080050fc   0x00000030   Code   RO         3244    i.vListInsert       list.o
    0x0800512c   0x00000018   Code   RO         3245    i.vListInsertEnd    list.o
    0x08005144   0x00000040   Code   RO         4795    i.vPortEnterCritical  port.o
    0x08005184   0x00000028   Code   RO         4796    i.vPortExitCritical  port.o
    0x080051ac   0x00000064   Code   RO         4739    i.vPortFree         heap_4.o
    0x08005210   0x00000024   Code   RO         4797    i.vPortSetupTimerInterrupt  port.o
    0x08005234   0x00000054   Code   RO         4798    i.vPortValidateInterruptPriority  port.o
    0x08005288   0x00000028   Code   RO         3292    i.vQueueAddToRegistry  queue.o
    0x080052b0   0x00000044   Code   RO         3296    i.vQueueWaitForMessageRestricted  queue.o
    0x080052f4   0x0000004c   Code   RO         3703    i.vTaskDelay        tasks.o
    0x08005340   0x00000090   Code   RO         3705    i.vTaskDelete       tasks.o
    0x080053d0   0x00000010   Code   RO         3708    i.vTaskInternalSetTimeOutState  tasks.o
    0x080053e0   0x0000000c   Code   RO         3709    i.vTaskMissedYield  tasks.o
    0x080053ec   0x00000030   Code   RO         3711    i.vTaskPlaceOnEventList  tasks.o
    0x0800541c   0x00000038   Code   RO         3712    i.vTaskPlaceOnEventListRestricted  tasks.o
    0x08005454   0x00000088   Code   RO         3720    i.vTaskStartScheduler  tasks.o
    0x080054dc   0x00000010   Code   RO         3722    i.vTaskSuspendAll   tasks.o
    0x080054ec   0x00000064   Code   RO         3723    i.vTaskSwitchContext  tasks.o
    0x08005550   0x000000f4   Code   RO         4799    i.xPortStartScheduler  port.o
    0x08005644   0x0000002c   Code   RO         4800    i.xPortSysTickHandler  port.o
    0x08005670   0x00000066   Code   RO         3302    i.xQueueGenericCreateStatic  queue.o
    0x080056d6   0x00000002   PAD
    0x080056d8   0x00000088   Code   RO         3303    i.xQueueGenericReset  queue.o
    0x08005760   0x00000160   Code   RO         3304    i.xQueueGenericSend  queue.o
    0x080058c0   0x000000be   Code   RO         3305    i.xQueueGenericSendFromISR  queue.o
    0x0800597e   0x00000002   PAD
    0x08005980   0x00000138   Code   RO         3314    i.xQueueReceive     queue.o
    0x08005ab8   0x00000074   Code   RO         3725    i.xTaskCheckForTimeOut  tasks.o
    0x08005b2c   0x0000005a   Code   RO         3726    i.xTaskCreate       tasks.o
    0x08005b86   0x00000056   Code   RO         3727    i.xTaskCreateStatic  tasks.o
    0x08005bdc   0x0000001c   Code   RO         3731    i.xTaskGetSchedulerState  tasks.o
    0x08005bf8   0x0000000c   Code   RO         3732    i.xTaskGetTickCount  tasks.o
    0x08005c04   0x000000c8   Code   RO         3734    i.xTaskIncrementTick  tasks.o
    0x08005ccc   0x00000080   Code   RO         3737    i.xTaskPriorityDisinherit  tasks.o
    0x08005d4c   0x00000070   Code   RO         3739    i.xTaskRemoveFromEventList  tasks.o
    0x08005dbc   0x000000c4   Code   RO         3740    i.xTaskResumeAll    tasks.o
    0x08005e80   0x00000060   Code   RO         4065    i.xTimerCreateTimerTask  timers.o
    0x08005ee0   0x00000068   Code   RO         4066    i.xTimerGenericCommand  timers.o
    0x08005f48   0x0000002c   Code   RO         5418    locale$$code        c_w.l(lc_numeric_c.o)
    0x08005f74   0x00000018   Code   RO         5316    x$fpl$basic         fz_wm.l(basic.o)
    0x08005f8c   0x00000062   Code   RO         5262    x$fpl$d2f           fz_wm.l(d2f.o)
    0x08005fee   0x00000002   PAD
    0x08005ff0   0x00000150   Code   RO         5420    x$fpl$dadd          fz_wm.l(daddsub_clz.o)
    0x08006140   0x000002b0   Code   RO         5427    x$fpl$ddiv          fz_wm.l(ddiv.o)
    0x080063f0   0x0000005e   Code   RO         5430    x$fpl$dfix          fz_wm.l(dfix.o)
    0x0800644e   0x0000002e   Code   RO         5435    x$fpl$dflt          fz_wm.l(dflt_clz.o)
    0x0800647c   0x00000026   Code   RO         5434    x$fpl$dfltu         fz_wm.l(dflt_clz.o)
    0x080064a2   0x00000002   PAD
    0x080064a4   0x00000154   Code   RO         5264    x$fpl$dmul          fz_wm.l(dmul.o)
    0x080065f8   0x0000009c   Code   RO         5318    x$fpl$dnaninf       fz_wm.l(dnaninf.o)
    0x08006694   0x0000000c   Code   RO         5320    x$fpl$dretinf       fz_wm.l(dretinf.o)
    0x080066a0   0x00000016   Code   RO         5421    x$fpl$drsb          fz_wm.l(daddsub_clz.o)
    0x080066b6   0x00000002   PAD
    0x080066b8   0x000001d4   Code   RO         5422    x$fpl$dsub          fz_wm.l(daddsub_clz.o)
    0x0800688c   0x00000056   Code   RO         5266    x$fpl$f2d           fz_wm.l(f2d.o)
    0x080068e2   0x0000008c   Code   RO         5322    x$fpl$fnaninf       fz_wm.l(fnaninf.o)
    0x0800696e   0x0000000a   Code   RO         5528    x$fpl$fpinit        fz_wm.l(fpinit.o)
    0x08006978   0x0000000a   Code   RO         5324    x$fpl$fretinf       fz_wm.l(fretinf.o)
    0x08006982   0x00000004   Code   RO         5268    x$fpl$printf1       fz_wm.l(printf1.o)
    0x08006986   0x00000000   Code   RO         5326    x$fpl$usenofp       fz_wm.l(usenofp.o)
    0x08006986   0x00000010   Data   RO         3077    .constdata          system_stm32f4xx.o
    0x08006996   0x00000008   Data   RO         3078    .constdata          system_stm32f4xx.o
    0x0800699e   0x00000002   PAD
    0x080069a0   0x00000030   Data   RO         5328    .constdata          m_wm.l(cos_i.o)
    0x080069d0   0x000000c8   Data   RO         5346    .constdata          m_wm.l(rred.o)
    0x08006a98   0x00000028   Data   RO         5350    .constdata          m_wm.l(sin_i.o)
    0x08006ac0   0x00000094   Data   RO         5389    .constdata          c_w.l(bigflt0.o)
    0x08006b54   0x00000020   Data   RO         5588    Region$$Table       anon$$obj.o
    0x08006b74   0x0000001c   Data   RO         5417    locale$$data        c_w.l(lc_numeric_c.o)


    Execution Region RW_IRAM1 (Base: 0x20000000, Size: 0x000052f0, Max: 0x00010000, ABSOLUTE)

    Base Addr    Size         Type   Attr      Idx    E Section Name        Object

    0x20000000   0x00000010   Data   RW          253    .data               freertos.o
    0x20000010   0x00000004   Data   RW          322    .data               usart.o
    0x20000014   0x00000004   Data   RW          323    .data               usart.o
    0x20000018   0x00000004   Data   RW          525    .data               delay.o
    0x2000001c   0x0000000c   Data   RW         1514    .data               stm32f4xx_hal.o
    0x20000028   0x00000004   Data   RW         3079    .data               system_stm32f4xx.o
    0x2000002c   0x0000003c   Data   RW         3743    .data               tasks.o
    0x20000068   0x00000014   Data   RW         4074    .data               timers.o
    0x2000007c   0x00000004   Data   RW         4299    .data               cmsis_os2.o
    0x20000080   0x00000020   Data   RW         4745    .data               heap_4.o
    0x200000a0   0x0000000c   Data   RW         4801    .data               port.o
    0x200000ac   0x00000002   Data   RW         5018    .data               tim.o
    0x200000ae   0x00000002   PAD
    0x200000b0   0x00000024   Data   RW         5159    .data               foc_1.o
    0x200000d4   0x0000010c   Zero   RW          321    .bss                usart.o
    0x200001e0   0x00000048   Zero   RW          485    .bss                stm32f4xx_hal_timebase_tim.o
    0x20000228   0x00000040   Zero   RW         3318    .bss                queue.o
    0x20000268   0x000004c4   Zero   RW         3742    .bss                tasks.o
    0x2000072c   0x00000118   Zero   RW         4073    .bss                timers.o
    0x20000844   0x000006b8   Zero   RW         4298    .bss                cmsis_os2.o
    0x20000efc   0x00003c00   Zero   RW         4744    .bss                heap_4.o
    0x20004afc   0x00000090   Zero   RW         5017    .bss                tim.o
    0x20004b8c   0x00000100   Zero   RW         5158    .bss                foc_1.o
    0x20004c8c   0x00000060   Zero   RW         5453    .bss                c_w.l(libspace.o)
    0x20004cec   0x00000004   PAD
    0x20004cf0   0x00000200   Zero   RW            2    HEAP                startup_stm32f401xc.o
    0x20004ef0   0x00000400   Zero   RW            1    STACK               startup_stm32f401xc.o


==============================================================================

Image component sizes


      Code (inc. data)   RO Data    RW Data    ZI Data      Debug   Object Name

       152          6          0          0          0       2659   as5600.o
       188         22          0          4       1720      63801   cmsis_os2.o
        72          8          0          4          0       1328   delay.o
         0          0          0          0          0      19444   event_groups.o
      1204        282          0         36        256       5079   foc_1.o
       280         74          0         16          0       3667   freertos.o
        80         10          0          0          0        835   gpio.o
       472         24          0         32      15360       4831   heap_4.o
       138          0          0          0          0       3510   list.o
        28          4          0          0          0        854   lowpass.o
       208         14          0          0          0     430888   main.o
       802         52          0          0          0       6894   myiic.o
        44          4          0          0          0       1123   pid.o
       786         82          0         12          0      11413   port.o
      1514         20          0          0         64      17296   queue.o
        64         26        404          0       1536        836   startup_stm32f401xc.o
        80         14          0         12          0       7894   stm32f4xx_hal.o
       182         14          0          0          0      33752   stm32f4xx_hal_cortex.o
       182          0          0          0          0       2075   stm32f4xx_hal_dma.o
       500         34          0          0          0       2795   stm32f4xx_hal_gpio.o
        56          4          0          0          0        850   stm32f4xx_hal_msp.o
      1412         86          0          0          0       5841   stm32f4xx_hal_rcc.o
      1864         90          0          0          0      16494   stm32f4xx_hal_tim.o
       128         20          0          0          0       2421   stm32f4xx_hal_tim_ex.o
       140         22          0          0         72       1399   stm32f4xx_hal_timebase_tim.o
      1374         16          0          0          0       9140   stm32f4xx_hal_uart.o
        24          6          0          0          0       3216   stm32f4xx_it.o
         0          0          0          0          0        416   stream_buffer.o
        16          4         24          4          0       1103   system_stm32f4xx.o
      2228        182          0         60       1220      27570   tasks.o
       608         38          0          2        144       3588   tim.o
       972         80          0         20        280      32003   timers.o
       338         52          0          8        268       5233   usart.o

    ----------------------------------------------------------------------
     16174       1290        462        212      20920     730248   Object Totals
         0          0         32          0          0          0   (incl. Generated)
        38          0          2          2          0          0   (incl. Padding)

    ----------------------------------------------------------------------

      Code (inc. data)   RO Data    RW Data    ZI Data      Debug   Library Member Name

         8          0          0          0          0         68   __main.o
       284          0          0          0          0        156   __printf_wp.o
         0          0          0          0          0          0   __rtentry.o
        12          0          0          0          0          0   __rtentry2.o
         6          0          0          0          0          0   __rtentry4.o
        52          8          0          0          0          0   __scatter.o
        26          0          0          0          0          0   __scatter_copy.o
        28          0          0          0          0          0   __scatter_zi.o
        48          6          0          0          0         96   _printf_char_common.o
        36          4          0          0          0         80   _printf_char_file.o
         6          0          0          0          0          0   _printf_d.o
       120         16          0          0          0         92   _printf_dec.o
         6          0          0          0          0          0   _printf_f.o
      1050          0          0          0          0        216   _printf_fp_dec.o
       128         16          0          0          0         84   _printf_fp_infnan.o
       178          0          0          0          0         88   _printf_intcommon.o
         0          0          0          0          0          0   _printf_percent.o
         4          0          0          0          0          0   _printf_percent_end.o
        22          0          0          0          0        100   _rserrno.o
        16          0          0          0          0         68   aeabi_memset.o
       220          4        148          0          0         96   bigflt0.o
      1910        128          0          0          0        672   btod.o
        18          0          0          0          0         80   exit.o
         8          0          0          0          0         68   ferror.o
         6          0          0          0          0        152   heapauxi.o
        44         10         28          0          0         76   lc_numeric_c.o
         2          0          0          0          0          0   libinit.o
        22          0          0          0          0          0   libinit2.o
         2          0          0          0          0          0   libshutdown.o
         2          0          0          0          0          0   libshutdown2.o
         8          4          0          0         96         68   libspace.o
       138          0          0          0          0         80   lludiv10.o
       238          0          0          0          0        100   lludivv7m.o
        24          4          0          0          0         84   noretval__2printf.o
         8          4          0          0          0         68   rt_errno_addr_intlibspace.o
         8          4          0          0          0         68   rt_locale_intlibspace.o
        68          0          0          0          0         68   rt_memclr.o
        78          0          0          0          0         80   rt_memclr_w.o
       138          0          0          0          0         68   rt_memcpy_v6.o
       100          0          0          0          0         80   rt_memcpy_w.o
         2          0          0          0          0          0   rtexit.o
        10          0          0          0          0          0   rtexit2.o
       128          0          0          0          0         68   strcmpv7m.o
        74          0          0          0          0         80   sys_stackheap_outer.o
         2          0          0          0          0         68   use_no_semi.o
         2          0          0          0          0         68   use_no_semi_2.o
        24          0          0          0          0        164   basic.o
        98          4          0          0          0        140   d2f.o
       826         16          0          0          0        492   daddsub_clz.o
       688        140          0          0          0        256   ddiv.o
        94          4          0          0          0        140   dfix.o
        84          0          0          0          0        232   dflt_clz.o
       340         12          0          0          0        152   dmul.o
       156          4          0          0          0        140   dnaninf.o
        12          0          0          0          0        116   dretinf.o
        86          4          0          0          0        132   f2d.o
       140          4          0          0          0        132   fnaninf.o
        10          0          0          0          0        116   fpinit.o
        10          0          0          0          0        116   fretinf.o
         4          0          0          0          0        116   printf1.o
         0          0          0          0          0          0   usenofp.o
       200         20          0          0          0        164   cos.o
       368         46         48          0          0        200   cos_i.o
        84         16          0          0          0        372   dunder.o
        24          0          0          0          0        124   fabs.o
        48          0          0          0          0        124   fpclassify.o
       248          0          0          0          0        152   poly.o
      1080        142        200          0          0        188   rred.o
       200         20          0          0          0        164   sin.o
       304         24         40          0          0        208   sin_i.o

    ----------------------------------------------------------------------
     10436        664        464          0        100       7380   Library Totals
        18          0          0          0          4          0   (incl. Padding)

    ----------------------------------------------------------------------

      Code (inc. data)   RO Data    RW Data    ZI Data      Debug   Library Name

      5290        208        176          0         96       3240   c_w.l
      2572        188          0          0          0       2444   fz_wm.l
      2556        268        288          0          0       1696   m_wm.l

    ----------------------------------------------------------------------
     10436        664        464          0        100       7380   Library Totals

    ----------------------------------------------------------------------

==============================================================================


      Code (inc. data)   RO Data    RW Data    ZI Data      Debug   

     26610       1954        926        212      21020     716208   Grand Totals
     26610       1954        926        212      21020     716208   ELF Image Totals
     26610       1954        926        212          0          0   ROM Totals

==============================================================================

    Total RO  Size (Code + RO Data)                27536 (  26.89kB)
    Total RW  Size (RW Data + ZI Data)             21232 (  20.73kB)
    Total ROM Size (Code + RO Data + RW Data)      27748 (  27.10kB)

==============================================================================

