Component: ARM Compiler 5.06 update 3 (build 300) Tool: armlink [4d35c9]

==============================================================================

Section Cross References

    startup_stm32f401xc.o(STACK) refers (Special) to heapauxi.o(.text) for __use_two_region_memory
    startup_stm32f401xc.o(HEAP) refers (Special) to heapauxi.o(.text) for __use_two_region_memory
    startup_stm32f401xc.o(RESET) refers (Special) to heapauxi.o(.text) for __use_two_region_memory
    startup_stm32f401xc.o(RESET) refers to startup_stm32f401xc.o(STACK) for __initial_sp
    startup_stm32f401xc.o(RESET) refers to startup_stm32f401xc.o(.text) for Reset_Handler
    startup_stm32f401xc.o(RESET) refers to stm32f4xx_it.o(i.NMI_Handler) for NMI_Handler
    startup_stm32f401xc.o(RESET) refers to stm32f4xx_it.o(i.HardFault_Handler) for HardFault_Handler
    startup_stm32f401xc.o(RESET) refers to stm32f4xx_it.o(i.MemManage_Handler) for MemManage_Handler
    startup_stm32f401xc.o(RESET) refers to stm32f4xx_it.o(i.BusFault_Handler) for BusFault_Handler
    startup_stm32f401xc.o(RESET) refers to stm32f4xx_it.o(i.UsageFault_Handler) for UsageFault_Handler
    startup_stm32f401xc.o(RESET) refers to port.o(.emb_text) for SVC_Handler
    startup_stm32f401xc.o(RESET) refers to stm32f4xx_it.o(i.DebugMon_Handler) for DebugMon_Handler
    startup_stm32f401xc.o(RESET) refers to cmsis_os2.o(i.SysTick_Handler) for SysTick_Handler
    startup_stm32f401xc.o(RESET) refers to stm32f4xx_it.o(i.TIM1_UP_TIM10_IRQHandler) for TIM1_UP_TIM10_IRQHandler
    startup_stm32f401xc.o(RESET) refers to usart.o(i.USART1_IRQHandler) for USART1_IRQHandler
    startup_stm32f401xc.o(.text) refers (Special) to heapauxi.o(.text) for __use_two_region_memory
    startup_stm32f401xc.o(.text) refers to system_stm32f4xx.o(i.SystemInit) for SystemInit
    startup_stm32f401xc.o(.text) refers to __main.o(!!!main) for __main
    startup_stm32f401xc.o(.text) refers to startup_stm32f401xc.o(HEAP) for Heap_Mem
    startup_stm32f401xc.o(.text) refers to startup_stm32f401xc.o(STACK) for Stack_Mem
    main.o(i.HAL_TIM_PeriodElapsedCallback) refers to stm32f4xx_hal.o(i.HAL_IncTick) for HAL_IncTick
    main.o(i.SystemClock_Config) refers to rt_memclr_w.o(.text) for __aeabi_memclr4
    main.o(i.SystemClock_Config) refers to stm32f4xx_hal_rcc.o(i.HAL_RCC_OscConfig) for HAL_RCC_OscConfig
    main.o(i.SystemClock_Config) refers to stm32f4xx_hal_rcc.o(i.HAL_RCC_ClockConfig) for HAL_RCC_ClockConfig
    main.o(i.main) refers to stm32f4xx_hal.o(i.HAL_Init) for HAL_Init
    main.o(i.main) refers to main.o(i.SystemClock_Config) for SystemClock_Config
    main.o(i.main) refers to delay.o(i.delay_init) for delay_init
    main.o(i.main) refers to gpio.o(i.MX_GPIO_Init) for MX_GPIO_Init
    main.o(i.main) refers to tim.o(i.MX_TIM2_Init) for MX_TIM2_Init
    main.o(i.main) refers to tim.o(i.MX_TIM3_Init) for MX_TIM3_Init
    main.o(i.main) refers to usart.o(i.usart_init) for usart_init
    main.o(i.main) refers to cmsis_os2.o(i.osKernelInitialize) for osKernelInitialize
    main.o(i.main) refers to freertos.o(i.MX_FREERTOS_Init) for MX_FREERTOS_Init
    main.o(i.main) refers to cmsis_os2.o(i.osKernelStart) for osKernelStart
    gpio.o(i.MX_GPIO_Init) refers to rt_memclr_w.o(.text) for __aeabi_memclr4
    gpio.o(i.MX_GPIO_Init) refers to stm32f4xx_hal_gpio.o(i.HAL_GPIO_WritePin) for HAL_GPIO_WritePin
    gpio.o(i.MX_GPIO_Init) refers to stm32f4xx_hal_gpio.o(i.HAL_GPIO_Init) for HAL_GPIO_Init
    freertos.o(i.AS5600_Task) refers to test.o(i.AS5600_test) for AS5600_test
    freertos.o(i.MX_FREERTOS_Init) refers to tasks.o(i.xTaskCreate) for xTaskCreate
    freertos.o(i.MX_FREERTOS_Init) refers to freertos.o(.data) for .data
    freertos.o(i.MX_FREERTOS_Init) refers to freertos.o(i.start_task) for start_task
    freertos.o(i.info_Task) refers to _printf_percent.o(.ARM.Collect$$_printf_percent$$00000000) for _printf_percent
    freertos.o(i.info_Task) refers to _printf_s.o(.ARM.Collect$$_printf_percent$$00000014) for _printf_s
    freertos.o(i.info_Task) refers to _printf_str.o(.text) for _printf_str
    freertos.o(i.info_Task) refers to noretval__2printf.o(.text) for __2printf
    freertos.o(i.info_Task) refers to cmsis_os2.o(i.osDelay) for osDelay
    freertos.o(i.info_Task) refers to usart.o(.data) for g_usart_rx_sta
    freertos.o(i.info_Task) refers to usart.o(.bss) for g_usart_rx_buf
    freertos.o(i.start_task) refers to port.o(i.vPortEnterCritical) for vPortEnterCritical
    freertos.o(i.start_task) refers to tasks.o(i.xTaskCreate) for xTaskCreate
    freertos.o(i.start_task) refers to tasks.o(i.vTaskDelete) for vTaskDelete
    freertos.o(i.start_task) refers to port.o(i.vPortExitCritical) for vPortExitCritical
    freertos.o(i.start_task) refers to freertos.o(.data) for .data
    freertos.o(i.start_task) refers to freertos.o(i.info_Task) for info_Task
    freertos.o(i.start_task) refers to freertos.o(i.AS5600_Task) for AS5600_Task
[...]
    i.vTaskStartScheduler                    0x080048c8   Section        0  tasks.o(i.vTaskStartScheduler)
    i.vTaskSuspendAll                        0x08004950   Section        0  tasks.o(i.vTaskSuspendAll)
    i.vTaskSwitchContext                     0x08004960   Section        0  tasks.o(i.vTaskSwitchContext)
    i.xPortStartScheduler                    0x080049c4   Section        0  port.o(i.xPortStartScheduler)
    i.xPortSysTickHandler                    0x08004ab8   Section        0  port.o(i.xPortSysTickHandler)
    i.xQueueGenericCreateStatic              0x08004ae4   Section        0  queue.o(i.xQueueGenericCreateStatic)
    i.xQueueGenericReset                     0x08004b4c   Section        0  queue.o(i.xQueueGenericReset)
    i.xQueueGenericSend                      0x08004bd4   Section        0  queue.o(i.xQueueGenericSend)
    i.xQueueGenericSendFromISR               0x08004d34   Section        0  queue.o(i.xQueueGenericSendFromISR)
    i.xQueueReceive                          0x08004df4   Section        0  queue.o(i.xQueueReceive)
    i.xTaskCheckForTimeOut                   0x08004f2c   Section        0  tasks.o(i.xTaskCheckForTimeOut)
    i.xTaskCreate                            0x08004fa0   Section        0  tasks.o(i.xTaskCreate)
    i.xTaskCreateStatic                      0x08004ffa   Section        0  tasks.o(i.xTaskCreateStatic)
    i.xTaskGetSchedulerState                 0x08005050   Section        0  tasks.o(i.xTaskGetSchedulerState)
    i.xTaskGetTickCount                      0x0800506c   Section        0  tasks.o(i.xTaskGetTickCount)
    i.xTaskIncrementTick                     0x08005078   Section        0  tasks.o(i.xTaskIncrementTick)
    i.xTaskPriorityDisinherit                0x08005140   Section        0  tasks.o(i.xTaskPriorityDisinherit)
    i.xTaskRemoveFromEventList               0x080051c0   Section        0  tasks.o(i.xTaskRemoveFromEventList)
    i.xTaskResumeAll                         0x08005230   Section        0  tasks.o(i.xTaskResumeAll)
    i.xTimerCreateTimerTask                  0x080052f4   Section        0  timers.o(i.xTimerCreateTimerTask)
    i.xTimerGenericCommand                   0x08005354   Section        0  timers.o(i.xTimerGenericCommand)
    locale$$code                             0x080053bc   Section       44  lc_numeric_c.o(locale$$code)
    x$fpl$dretinf                            0x080053e8   Section       12  dretinf.o(x$fpl$dretinf)
    $v0                                      0x080053e8   Number         0  dretinf.o(x$fpl$dretinf)
    x$fpl$f2d                                0x080053f4   Section       86  f2d.o(x$fpl$f2d)
    $v0                                      0x080053f4   Number         0  f2d.o(x$fpl$f2d)
    x$fpl$fnaninf                            0x0800544a   Section      140  fnaninf.o(x$fpl$fnaninf)
    $v0                                      0x0800544a   Number         0  fnaninf.o(x$fpl$fnaninf)
    x$fpl$fpinit                             0x080054d6   Section       10  fpinit.o(x$fpl$fpinit)
    $v0                                      0x080054d6   Number         0  fpinit.o(x$fpl$fpinit)
    x$fpl$printf1                            0x080054e0   Section        4  printf1.o(x$fpl$printf1)
    $v0                                      0x080054e0   Number         0  printf1.o(x$fpl$printf1)
    .constdata                               0x080054e4   Section       16  system_stm32f4xx.o(.constdata)
    x$fpl$usenofp                            0x080054e4   Section        0  usenofp.o(x$fpl$usenofp)
    .constdata                               0x080054f4   Section        8  system_stm32f4xx.o(.constdata)
    .constdata                               0x080054fc   Section      148  bigflt0.o(.constdata)
    tenpwrs_x                                0x080054fc   Data          60  bigflt0.o(.constdata)
    tenpwrs_i                                0x08005538   Data          64  bigflt0.o(.constdata)
    locale$$data                             0x080055b0   Section       28  lc_numeric_c.o(locale$$data)
    __lcnum_c_name                           0x080055b4   Data           2  lc_numeric_c.o(locale$$data)
    __lcnum_c_start                          0x080055bc   Data           0  lc_numeric_c.o(locale$$data)
    __lcnum_c_point                          0x080055c8   Data           0  lc_numeric_c.o(locale$$data)
    __lcnum_c_thousands                      0x080055ca   Data           0  lc_numeric_c.o(locale$$data)
    __lcnum_c_grouping                       0x080055cb   Data           0  lc_numeric_c.o(locale$$data)
    __lcnum_c_end                            0x080055cc   Data           0  lc_numeric_c.o(locale$$data)
    .data                                    0x20000000   Section       12  freertos.o(.data)
    .data                                    0x2000000c   Section        4  usart.o(.data)
    .data                                    0x20000010   Section        4  usart.o(.data)
    .data                                    0x20000014   Section        4  delay.o(.data)
    g_fac_us                                 0x20000014   Data           4  delay.o(.data)
    .data                                    0x20000018   Section       12  stm32f4xx_hal.o(.data)
    .data                                    0x20000024   Section        4  system_stm32f4xx.o(.data)
    .data                                    0x20000028   Section       60  tasks.o(.data)
    uxDeletedTasksWaitingCleanUp             0x2000002c   Data           4  tasks.o(.data)
    uxCurrentNumberOfTasks                   0x20000030   Data           4  tasks.o(.data)
    xTickCount                               0x20000034   Data           4  tasks.o(.data)
    uxTopReadyPriority                       0x20000038   Data           4  tasks.o(.data)
    xSchedulerRunning                        0x2000003c   Data           4  tasks.o(.data)
    xPendedTicks                             0x20000040   Data           4  tasks.o(.data)
    xYieldPending                            0x20000044   Data           4  tasks.o(.data)
    xNumOfOverflows                          0x20000048   Data           4  tasks.o(.data)
    uxTaskNumber                             0x2000004c   Data           4  tasks.o(.data)
    xNextTaskUnblockTime                     0x20000050   Data           4  tasks.o(.data)
    xIdleTaskHandle                          0x20000054   Data           4  tasks.o(.data)
    uxSchedulerSuspended                     0x20000058   Data           4  tasks.o(.data)
    pxDelayedTaskList                        0x2000005c   Data           4  tasks.o(.data)
    pxOverflowDelayedTaskList                0x20000060   Data           4  tasks.o(.data)
    .data                                    0x20000064   Section       20  timers.o(.data)
    xTimerQueue                              0x20000064   Data           4  timers.o(.data)
    xTimerTaskHandle                         0x20000068   Data           4  timers.o(.data)
    xLastTime                                0x2000006c   Data           4  timers.o(.data)
    pxCurrentTimerList                       0x20000070   Data           4  timers.o(.data)
    pxOverflowTimerList                      0x20000074   Data           4  timers.o(.data)
    .data                                    0x20000078   Section        4  cmsis_os2.o(.data)
    KernelState                              0x20000078   Data           4  cmsis_os2.o(.data)
    .data                                    0x2000007c   Section       32  heap_4.o(.data)
    pxEnd                                    0x2000007c   Data           4  heap_4.o(.data)
    xFreeBytesRemaining                      0x20000080   Data           4  heap_4.o(.data)
    xMinimumEverFreeBytesRemaining           0x20000084   Data           4  heap_4.o(.data)
    xNumberOfSuccessfulAllocations           0x20000088   Data           4  heap_4.o(.data)
    xNumberOfSuccessfulFrees                 0x2000008c   Data           4  heap_4.o(.data)
    xBlockAllocatedBit                       0x20000090   Data           4  heap_4.o(.data)
    xStart                                   0x20000094   Data           8  heap_4.o(.data)
    .data                                    0x2000009c   Section       12  port.o(.data)
    ucMaxSysCallPriority                     0x2000009c   Data           1  port.o(.data)
    uxCriticalNesting                        0x200000a0   Data           4  port.o(.data)
    ulMaxPRIGROUPValue                       0x200000a4   Data           4  port.o(.data)
    .data                                    0x200000a8   Section        2  tim.o(.data)
    .bss                                     0x200000ac   Section      268  usart.o(.bss)
    .bss                                     0x200001b8   Section       72  stm32f4xx_hal_timebase_tim.o(.bss)
    .bss                                     0x20000200   Section       64  queue.o(.bss)
    .bss                                     0x20000240   Section     1220  tasks.o(.bss)
    pxReadyTasksLists                        0x20000240   Data        1120  tasks.o(.bss)
    xDelayedTaskList1                        0x200006a0   Data          20  tasks.o(.bss)
    xDelayedTaskList2                        0x200006b4   Data          20  tasks.o(.bss)
    xPendingReadyList                        0x200006c8   Data          20  tasks.o(.bss)
    xTasksWaitingTermination                 0x200006dc   Data          20  tasks.o(.bss)
    xSuspendedTaskList                       0x200006f0   Data          20  tasks.o(.bss)
    .bss                                     0x20000704   Section      280  timers.o(.bss)
    xStaticTimerQueue                        0x20000704   Data          80  timers.o(.bss)
    ucStaticTimerQueueStorage                0x20000754   Data         160  timers.o(.bss)
    xActiveTimerList1                        0x200007f4   Data          20  timers.o(.bss)
    xActiveTimerList2                        0x20000808   Data          20  timers.o(.bss)
    .bss                                     0x2000081c   Section     1720  cmsis_os2.o(.bss)
    Idle_TCB                                 0x2000081c   Data          92  cmsis_os2.o(.bss)
    Idle_Stack                               0x20000878   Data         512  cmsis_os2.o(.bss)
    Timer_TCB                                0x20000a78   Data          92  cmsis_os2.o(.bss)
    Timer_Stack                              0x20000ad4   Data        1024  cmsis_os2.o(.bss)
    .bss                                     0x20000ed4   Section    15360  heap_4.o(.bss)
    ucHeap                                   0x20000ed4   Data       15360  heap_4.o(.bss)
    .bss                                     0x20004ad4   Section      144  tim.o(.bss)
    .bss                                     0x20004b64   Section       96  libspace.o(.bss)
    HEAP                                     0x20004bc8   Section      512  startup_stm32f401xc.o(HEAP)
    Heap_Mem                                 0x20004bc8   Data         512  startup_stm32f401xc.o(HEAP)
    STACK                                    0x20004dc8   Section     1024  startup_stm32f401xc.o(STACK)
    Stack_Mem                                0x20004dc8   Data        1024  startup_stm32f401xc.o(STACK)
    __initial_sp                             0x200051c8   Data           0  startup_stm32f401xc.o(STACK)

    Global Symbols

    Symbol Name                              Value     Ov Type        Size  Object(Section)

    BuildAttributes$$THM_ISAv4$E$P$D$K$B$S$7EM$VFPi3$EXTD16$VFPS$VFMA$PE$A:L22UL41UL21$X:L11$S22US41US21$IEEE1$IW$USESV6$~STKCKD$USESV7$~SHL$OTIME$ROPI$IEEEX$EBA8$UX$STANDARDLIB$REQ8$PRES8$EABIv2 0x00000000   Number         0  anon$$obj.o ABSOLUTE
    __ARM_use_no_argv                        0x00000000   Number         0  main.o ABSOLUTE
    _printf_flags                            0x00000000   Number         0  printf_stubs.o ABSOLUTE
    _printf_return_value                     0x00000000   Number         0  printf_stubs.o ABSOLUTE
    _printf_sizespec                         0x00000000   Number         0  printf_stubs.o ABSOLUTE
    _printf_widthprec                        0x00000000   Number         0  printf_stubs.o ABSOLUTE
    __ARM_exceptions_init                     - Undefined Weak Reference
    __alloca_initialize                       - Undefined Weak Reference
    __arm_preinit_                            - Undefined Weak Reference
    __cpp_initialize__aeabi_                  - Undefined Weak Reference
    __cxa_finalize                            - Undefined Weak Reference
    __sigvec_lookup                           - Undefined Weak Reference
    __user_heap_extent                        - Undefined Weak Reference
    _atexit_init                              - Undefined Weak Reference
    _call_atexit_fns                          - Undefined Weak Reference
    _clock_init                               - Undefined Weak Reference
    _fp_trap_init                             - Undefined Weak Reference
    _fp_trap_shutdown                         - Undefined Weak Reference
    _get_lc_collate                           - Undefined Weak Reference
    _get_lc_ctype                             - Undefined Weak Reference
    _get_lc_monetary                          - Undefined Weak Reference
    _get_lc_time                              - Undefined Weak Reference
    _getenv_init                              - Undefined Weak Reference
    _handle_redirection                       - Undefined Weak Reference
    _initio                                   - Undefined Weak Reference
    _mutex_acquire                            - Undefined Weak Reference
    _mutex_free                               - Undefined Weak Reference
    _mutex_release                            - Undefined Weak Reference
    _printf_mbtowc                            - Undefined Weak Reference
    _printf_post_padding                      - Undefined Weak Reference
    _printf_pre_padding                       - Undefined Weak Reference
    _printf_truncate_signed                   - Undefined Weak Reference
    _printf_truncate_unsigned                 - Undefined Weak Reference
    _rand_init                                - Undefined Weak Reference
    _signal_finish                            - Undefined Weak Reference
    _signal_init                              - Undefined Weak Reference
    _terminateio                              - Undefined Weak Reference
    __Vectors_Size                           0x00000194   Number         0  startup_stm32f401xc.o ABSOLUTE
    __Vectors                                0x08000000   Data           4  startup_stm32f401xc.o(RESET)
    __Vectors_End                            0x08000194   Data           0  startup_stm32f401xc.o(RESET)
    __main                                   0x08000195   Thumb Code     8  __main.o(!!!main)
    __scatterload                            0x0800019d   Thumb Code     0  __scatter.o(!!!scatter)
    __scatterload_rt2                        0x0800019d   Thumb Code    44  __scatter.o(!!!scatter)
    __scatterload_rt2_thumb_only             0x0800019d   Thumb Code     0  __scatter.o(!!!scatter)
    __scatterload_null                       0x080001ab   Thumb Code     0  __scatter.o(!!!scatter)
    __scatterload_copy                       0x080001d1   Thumb Code    26  __scatter_copy.o(!!handler_copy)
    __scatterload_zeroinit                   0x080001ed   Thumb Code    28  __scatter_zi.o(!!handler_zi)
    _printf_f                                0x08000209   Thumb Code     0  _printf_f.o(.ARM.Collect$$_printf_percent$$00000003)
    _printf_percent                          0x08000209   Thumb Code     0  _printf_percent.o(.ARM.Collect$$_printf_percent$$00000000)
    _printf_d                                0x0800020f   Thumb Code     0  _printf_d.o(.ARM.Collect$$_printf_percent$$00000009)
    _printf_s                                0x08000215   Thumb Code     0  _printf_s.o(.ARM.Collect$$_printf_percent$$00000014)
    _printf_percent_end                      0x0800021b   Thumb Code     0  _printf_percent_end.o(.ARM.Collect$$_printf_percent$$00000017)
    __rt_lib_init                            0x0800021f   Thumb Code     0  libinit.o(.ARM.Collect$$libinit$$00000000)
    __rt_lib_init_fp_1                       0x08000221   Thumb Code     0  libinit2.o(.ARM.Collect$$libinit$$00000001)
    __rt_lib_init_heap_2                     0x08000225   Thumb Code     0  libinit2.o(.ARM.Collect$$libinit$$00000005)
    __rt_lib_init_preinit_1                  0x08000225   Thumb Code     0  libinit2.o(.ARM.Collect$$libinit$$00000004)
    __rt_lib_init_heap_1                     0x0800022d   Thumb Code     0  libinit2.o(.ARM.Collect$$libinit$$0000000A)
    __rt_lib_init_lc_common                  0x0800022d   Thumb Code     0  libinit2.o(.ARM.Collect$$libinit$$0000000F)
    __rt_lib_init_rand_1                     0x0800022d   Thumb Code     0  libinit2.o(.ARM.Collect$$libinit$$0000000E)
    __rt_lib_init_user_alloc_1               0x0800022d   Thumb Code     0  libinit2.o(.ARM.Collect$$libinit$$0000000C)
    __rt_lib_init_lc_collate_1               0x08000233   Thumb Code     0  libinit2.o(.ARM.Collect$$libinit$$00000011)
    __rt_lib_init_lc_ctype_1                 0x08000233   Thumb Code     0  libinit2.o(.ARM.Collect$$libinit$$00000013)
    __rt_lib_init_lc_monetary_1              0x08000233   Thumb Code     0  libinit2.o(.ARM.Collect$$libinit$$00000015)
    __rt_lib_init_lc_numeric_2               0x08000233   Thumb Code     0  libinit2.o(.ARM.Collect$$libinit$$00000016)
    __rt_lib_init_alloca_1                   0x0800023d   Thumb Code     0  libinit2.o(.ARM.Collect$$libinit$$0000002E)
    __rt_lib_init_argv_1                     0x0800023d   Thumb Code     0  libinit2.o(.ARM.Collect$$libinit$$0000002C)
    __rt_lib_init_atexit_1                   0x0800023d   Thumb Code     0  libinit2.o(.ARM.Collect$$libinit$$0000001B)
    __rt_lib_init_clock_1                    0x0800023d   Thumb Code     0  libinit2.o(.ARM.Collect$$libinit$$00000021)
    __rt_lib_init_cpp_1                      0x0800023d   Thumb Code     0  libinit2.o(.ARM.Collect$$libinit$$00000032)
    __rt_lib_init_exceptions_1               0x0800023d   Thumb Code     0  libinit2.o(.ARM.Collect$$libinit$$00000030)
    __rt_lib_init_fp_trap_1                  0x0800023d   Thumb Code     0  libinit2.o(.ARM.Collect$$libinit$$0000001F)
    __rt_lib_init_getenv_1                   0x0800023d   Thumb Code     0  libinit2.o(.ARM.Collect$$libinit$$00000023)
    __rt_lib_init_lc_numeric_1               0x0800023d   Thumb Code     0  libinit2.o(.ARM.Collect$$libinit$$00000017)
    __rt_lib_init_lc_time_1                  0x0800023d   Thumb Code     0  libinit2.o(.ARM.Collect$$libinit$$00000019)
    __rt_lib_init_return                     0x0800023d   Thumb Code     0  libinit2.o(.ARM.Collect$$libinit$$00000033)
    __rt_lib_init_signal_1                   0x0800023d   Thumb Code     0  libinit2.o(.ARM.Collect$$libinit$$0000001D)
    __rt_lib_init_stdio_1                    0x0800023d   Thumb Code     0  libinit2.o(.ARM.Collect$$libinit$$00000025)
    __rt_lib_shutdown                        0x0800023f   Thumb Code     0  libshutdown.o(.ARM.Collect$$libshutdown$$00000000)
    __rt_lib_shutdown_cpp_1                  0x08000241   Thumb Code     0  libshutdown2.o(.ARM.Collect$$libshutdown$$00000002)
    __rt_lib_shutdown_fp_trap_1              0x08000241   Thumb Code     0  libshutdown2.o(.ARM.Collect$$libshutdown$$00000007)
    __rt_lib_shutdown_heap_1                 0x08000241   Thumb Code     0  libshutdown2.o(.ARM.Collect$$libshutdown$$0000000F)
    __rt_lib_shutdown_return                 0x08000241   Thumb Code     0  libshutdown2.o(.ARM.Collect$$libshutdown$$00000010)
    __rt_lib_shutdown_signal_1               0x08000241   Thumb Code     0  libshutdown2.o(.ARM.Collect$$libshutdown$$0000000A)
    __rt_lib_shutdown_stdio_1                0x08000241   Thumb Code     0  libshutdown2.o(.ARM.Collect$$libshutdown$$00000004)
    __rt_lib_shutdown_user_alloc_1           0x08000241   Thumb Code     0  libshutdown2.o(.ARM.Collect$$libshutdown$$0000000C)
    __rt_entry                               0x08000243   Thumb Code     0  __rtentry.o(.ARM.Collect$$rtentry$$00000000)
    __rt_entry_presh_1                       0x08000243   Thumb Code     0  __rtentry2.o(.ARM.Collect$$rtentry$$00000002)
    __rt_entry_sh                            0x08000243   Thumb Code     0  __rtentry4.o(.ARM.Collect$$rtentry$$00000004)
    __rt_entry_li                            0x08000249   Thumb Code     0  __rtentry2.o(.ARM.Collect$$rtentry$$0000000A)
    __rt_entry_postsh_1                      0x08000249   Thumb Code     0  __rtentry2.o(.ARM.Collect$$rtentry$$00000009)
    __rt_entry_main                          0x0800024d   Thumb Code     0  __rtentry2.o(.ARM.Collect$$rtentry$$0000000D)
    __rt_entry_postli_1                      0x0800024d   Thumb Code     0  __rtentry2.o(.ARM.Collect$$rtentry$$0000000C)
    __rt_exit                                0x08000255   Thumb Code     0  rtexit.o(.ARM.Collect$$rtexit$$00000000)
    __rt_exit_ls                             0x08000257   Thumb Code     0  rtexit2.o(.ARM.Collect$$rtexit$$00000003)
    __rt_exit_prels_1                        0x08000257   Thumb Code     0  rtexit2.o(.ARM.Collect$$rtexit$$00000002)
    __rt_exit_exit                           0x0800025b   Thumb Code     0  rtexit2.o(.ARM.Collect$$rtexit$$00000004)
    SVC_Handler                              0x08000261   Thumb Code    28  port.o(.emb_text)
    __asm___6_port_c_39a90d8d__prvStartFirstTask 0x08000281   Thumb Code    36  port.o(.emb_text)
    __asm___6_port_c_39a90d8d__prvEnableVFP  0x080002a9   Thumb Code    16  port.o(.emb_text)
    PendSV_Handler                           0x080002bd   Thumb Code    88  port.o(.emb_text)
    vPortGetIPSR                             0x08000319   Thumb Code     6  port.o(.emb_text)
    Reset_Handler                            0x08000321   Thumb Code     8  startup_stm32f401xc.o(.text)
    _maybe_terminate_alloc                   0x08000321   Thumb Code     0  maybetermalloc1.o(.emb_text)
    ADC_IRQHandler                           0x0800033b   Thumb Code     0  startup_stm32f401xc.o(.text)
    DMA1_Stream0_IRQHandler                  0x0800033b   Thumb Code     0  startup_stm32f401xc.o(.text)
    DMA1_Stream1_IRQHandler                  0x0800033b   Thumb Code     0  startup_stm32f401xc.o(.text)
    DMA1_Stream2_IRQHandler                  0x0800033b   Thumb Code     0  startup_stm32f401xc.o(.text)
    DMA1_Stream3_IRQHandler                  0x0800033b   Thumb Code     0  startup_stm32f401xc.o(.text)
    DMA1_Stream4_IRQHandler                  0x0800033b   Thumb Code     0  startup_stm32f401xc.o(.text)
    DMA1_Stream5_IRQHandler                  0x0800033b   Thumb Code     0  startup_stm32f401xc.o(.text)
    DMA1_Stream6_IRQHandler                  0x0800033b   Thumb Code     0  startup_stm32f401xc.o(.text)
    DMA1_Stream7_IRQHandler                  0x0800033b   Thumb Code     0  startup_stm32f401xc.o(.text)
    DMA2_Stream0_IRQHandler                  0x0800033b   Thumb Code     0  startup_stm32f401xc.o(.text)
    DMA2_Stream1_IRQHandler                  0x0800033b   Thumb Code     0  startup_stm32f401xc.o(.text)
    DMA2_Stream2_IRQHandler                  0x0800033b   Thumb Code     0  startup_stm32f401xc.o(.text)
    DMA2_Stream3_IRQHandler                  0x0800033b   Thumb Code     0  startup_stm32f401xc.o(.text)
    DMA2_Stream4_IRQHandler                  0x0800033b   Thumb Code     0  startup_stm32f401xc.o(.text)
    DMA2_Stream5_IRQHandler                  0x0800033b   Thumb Code     0  startup_stm32f401xc.o(.text)
    DMA2_Stream6_IRQHandler                  0x0800033b   Thumb Code     0  startup_stm32f401xc.o(.text)
    DMA2_Stream7_IRQHandler                  0x0800033b   Thumb Code     0  startup_stm32f401xc.o(.text)
    EXTI0_IRQHandler                         0x0800033b   Thumb Code     0  startup_stm32f401xc.o(.text)
    EXTI15_10_IRQHandler                     0x0800033b   Thumb Code     0  startup_stm32f401xc.o(.text)
    EXTI1_IRQHandler                         0x0800033b   Thumb Code     0  startup_stm32f401xc.o(.text)
    EXTI2_IRQHandler                         0x0800033b   Thumb Code     0  startup_stm32f401xc.o(.text)
    EXTI3_IRQHandler                         0x0800033b   Thumb Code     0  startup_stm32f401xc.o(.text)
    EXTI4_IRQHandler                         0x0800033b   Thumb Code     0  startup_stm32f401xc.o(.text)
    EXTI9_5_IRQHandler                       0x0800033b   Thumb Code     0  startup_stm32f401xc.o(.text)
    FLASH_IRQHandler                         0x0800033b   Thumb Code     0  startup_stm32f401xc.o(.text)
    FPU_IRQHandler                           0x0800033b   Thumb Code     0  startup_stm32f401xc.o(.text)
    I2C1_ER_IRQHandler                       0x0800033b   Thumb Code     0  startup_stm32f401xc.o(.text)
    I2C1_EV_IRQHandler                       0x0800033b   Thumb Code     0  startup_stm32f401xc.o(.text)
    I2C2_ER_IRQHandler                       0x0800033b   Thumb Code     0  startup_stm32f401xc.o(.text)
    I2C2_EV_IRQHandler                       0x0800033b   Thumb Code     0  startup_stm32f401xc.o(.text)
    I2C3_ER_IRQHandler                       0x0800033b   Thumb Code     0  startup_stm32f401xc.o(.text)
    I2C3_EV_IRQHandler                       0x0800033b   Thumb Code     0  startup_stm32f401xc.o(.text)
    OTG_FS_IRQHandler                        0x0800033b   Thumb Code     0  startup_stm32f401xc.o(.text)
    OTG_FS_WKUP_IRQHandler                   0x0800033b   Thumb Code     0  startup_stm32f401xc.o(.text)
    PVD_IRQHandler                           0x0800033b   Thumb Code     0  startup_stm32f401xc.o(.text)
    RCC_IRQHandler                           0x0800033b   Thumb Code     0  startup_stm32f401xc.o(.text)
    RTC_Alarm_IRQHandler                     0x0800033b   Thumb Code     0  startup_stm32f401xc.o(.text)
    RTC_WKUP_IRQHandler                      0x0800033b   Thumb Code     0  startup_stm32f401xc.o(.text)
    SDIO_IRQHandler                          0x0800033b   Thumb Code     0  startup_stm32f401xc.o(.text)
    SPI1_IRQHandler                          0x0800033b   Thumb Code     0  startup_stm32f401xc.o(.text)
    SPI2_IRQHandler                          0x0800033b   Thumb Code     0  startup_stm32f401xc.o(.text)
    SPI3_IRQHandler                          0x0800033b   Thumb Code     0  startup_stm32f401xc.o(.text)
    SPI4_IRQHandler                          0x0800033b   Thumb Code     0  startup_stm32f401xc.o(.text)
    TAMP_STAMP_IRQHandler                    0x0800033b   Thumb Code     0  startup_stm32f401xc.o(.text)
    TIM1_BRK_TIM9_IRQHandler                 0x0800033b   Thumb Code     0  startup_stm32f401xc.o(.text)
    TIM1_CC_IRQHandler                       0x0800033b   Thumb Code     0  startup_stm32f401xc.o(.text)
    TIM1_TRG_COM_TIM11_IRQHandler            0x0800033b   Thumb Code     0  startup_stm32f401xc.o(.text)
    TIM2_IRQHandler                          0x0800033b   Thumb Code     0  startup_stm32f401xc.o(.text)
    TIM3_IRQHandler                          0x0800033b   Thumb Code     0  startup_stm32f401xc.o(.text)
    TIM4_IRQHandler                          0x0800033b   Thumb Code     0  startup_stm32f401xc.o(.text)
    TIM5_IRQHandler                          0x0800033b   Thumb Code     0  startup_stm32f401xc.o(.text)
    USART2_IRQHandler                        0x0800033b   Thumb Code     0  startup_stm32f401xc.o(.text)
    USART6_IRQHandler                        0x0800033b   Thumb Code     0  startup_stm32f401xc.o(.text)
    WWDG_IRQHandler                          0x0800033b   Thumb Code     0  startup_stm32f401xc.o(.text)
    __user_initial_stackheap                 0x0800033d   Thumb Code     0  startup_stm32f401xc.o(.text)
    __use_no_semihosting                     0x08000361   Thumb Code     2  use_no_semi_2.o(.text)
    malloc                                   0x08000363   Thumb Code    94  h1_alloc.o(.text)
    __aeabi_uldivmod                         0x080003c1   Thumb Code     0  lludivv7m.o(.text)
    _ll_udiv                                 0x080003c1   Thumb Code   238  lludivv7m.o(.text)
    __2printf                                0x080004b1   Thumb Code    20  noretval__2printf.o(.text)
    _printf_str                              0x080004c9   Thumb Code    82  _printf_str.o(.text)
    _printf_int_dec                          0x0800051d   Thumb Code   104  _printf_dec.o(.text)
    __printf                                 0x08000595   Thumb Code   270  __printf_wp.o(.text)
    __aeabi_memcpy                           0x080006a3   Thumb Code     0  rt_memcpy_v6.o(.text)
    __rt_memcpy                              0x080006a3   Thumb Code   138  rt_memcpy_v6.o(.text)
    _memcpy_lastbytes                        0x08000709   Thumb Code     0  rt_memcpy_v6.o(.text)
    __aeabi_memset                           0x0800072d   Thumb Code    16  aeabi_memset.o(.text)
    __aeabi_memclr4                          0x0800073d   Thumb Code     0  rt_memclr_w.o(.text)
    __aeabi_memclr8                          0x0800073d   Thumb Code     0  rt_memclr_w.o(.text)
    __rt_memclr_w                            0x0800073d   Thumb Code    78  rt_memclr_w.o(.text)
    _memset_w                                0x08000741   Thumb Code     0  rt_memclr_w.o(.text)
    __use_two_region_memory                  0x0800078b   Thumb Code     2  heapauxi.o(.text)
    __rt_heap_escrow                         0x0800078d   Thumb Code     2  heapauxi.o(.text)
    __rt_heap_expand                         0x0800078f   Thumb Code     2  heapauxi.o(.text)
    __semihosting$guard                      0x08000791   Thumb Code     0  use_no_semi.o(.text)
    __use_no_semihosting_swi                 0x08000791   Thumb Code     2  use_no_semi.o(.text)
    __rt_heap_descriptor                     0x08000795   Thumb Code     8  rt_heap_descriptor_intlibspace.o(.text)
    __use_no_heap                            0x0800079d   Thumb Code     2  hguard.o(.text)
    __heap$guard                             0x0800079f   Thumb Code     2  hguard.o(.text)
    _terminate_user_alloc                    0x080007a1   Thumb Code     2  init_alloc.o(.text)
    _init_user_alloc                         0x080007a3   Thumb Code     2  init_alloc.o(.text)
    __Heap_Full                              0x080007a5   Thumb Code    34  init_alloc.o(.text)
    __Heap_Broken                            0x080007c7   Thumb Code     6  init_alloc.o(.text)
    _init_alloc                              0x080007cd   Thumb Code    94  init_alloc.o(.text)
    __Heap_Initialize                        0x0800082b   Thumb Code    10  h1_init.o(.text)
    __Heap_DescSize                          0x08000835   Thumb Code     4  h1_init.o(.text)
    free                                     0x08000839   Thumb Code    78  h1_free.o(.text)
    _printf_int_common                       0x08000887   Thumb Code   178  _printf_intcommon.o(.text)
    __lib_sel_fp_printf                      0x08000939   Thumb Code     2  _printf_fp_dec.o(.text)
    _printf_fp_dec_real                      0x08000ae7   Thumb Code   620  _printf_fp_dec.o(.text)
    _printf_cs_common                        0x08000d53   Thumb Code    20  _printf_char.o(.text)
    _printf_char                             0x08000d67   Thumb Code    16  _printf_char.o(.text)
    _printf_string                           0x08000d77   Thumb Code     8  _printf_char.o(.text)
    _printf_char_file                        0x08000d81   Thumb Code    32  _printf_char_file.o(.text)
    __aeabi_memcpy4                          0x08000da5   Thumb Code     0  rt_memcpy_w.o(.text)
    __aeabi_memcpy8                          0x08000da5   Thumb Code     0  rt_memcpy_w.o(.text)
    __rt_memcpy_w                            0x08000da5   Thumb Code   100  rt_memcpy_w.o(.text)
    _memcpy_lastbytes_aligned                0x08000ded   Thumb Code     0  rt_memcpy_w.o(.text)
    __aeabi_memclr                           0x08000e09   Thumb Code     0  rt_memclr.o(.text)
    __rt_memclr                              0x08000e09   Thumb Code    68  rt_memclr.o(.text)
    _memset                                  0x08000e0d   Thumb Code     0  rt_memclr.o(.text)
    __user_libspace                          0x08000e4d   Thumb Code     8  libspace.o(.text)
    __user_perproc_libspace                  0x08000e4d   Thumb Code     0  libspace.o(.text)
    __user_perthread_libspace                0x08000e4d   Thumb Code     0  libspace.o(.text)
    __rt_locale                              0x08000e55   Thumb Code     8  rt_locale_intlibspace.o(.text)
    __Heap_ProvideMemory                     0x08000e5d   Thumb Code    52  h1_extend.o(.text)
    _ll_udiv10                               0x08000e91   Thumb Code   138  lludiv10.o(.text)
    _printf_char_common                      0x08000f27   Thumb Code    32  _printf_char_common.o(.text)
    _printf_fp_infnan                        0x08000f4d   Thumb Code   112  _printf_fp_infnan.o(.text)
    _btod_etento                             0x08000fcd   Thumb Code   216  bigflt0.o(.text)
    ferror                                   0x080010a9   Thumb Code     8  ferror.o(.text)
    __rt_SIGRTMEM                            0x080010b1   Thumb Code    14  defsig_rtmem_outer.o(.text)
    __user_setup_stackheap                   0x080010bf   Thumb Code    74  sys_stackheap_outer.o(.text)
    exit                                     0x08001109   Thumb Code    18  exit.o(.text)
    __sig_exit                               0x0800111b   Thumb Code    10  defsig_exit.o(.text)
    __rt_SIGRTMEM_inner                      0x08001125   Thumb Code    22  defsig_rtmem_inner.o(.text)
    strcmp                                   0x08001175   Thumb Code   128  strcmpv7m.o(.text)
    __default_signal_display                 0x080011f5   Thumb Code    50  defsig_general.o(.text)
    _btod_d2e                                0x08001227   Thumb Code    62  btod.o(CL$$btod_d2e)
    _d2e_denorm_low                          0x08001265   Thumb Code    70  btod.o(CL$$btod_d2e_denorm_low)
    _d2e_norm_op1                            0x080012ab   Thumb Code    96  btod.o(CL$$btod_d2e_norm_op1)
    __btod_div_common                        0x0800130b   Thumb Code   696  btod.o(CL$$btod_div_common)
    _e2e                                     0x08001643   Thumb Code   198  btod.o(CL$$btod_e2e)
    _btod_ediv                               0x08001709   Thumb Code    40  btod.o(CL$$btod_ediv)
    _btod_emul                               0x08001731   Thumb Code    40  btod.o(CL$$btod_emul)
    __btod_mult_common                       0x08001759   Thumb Code   580  btod.o(CL$$btod_mult_common)
    AS5600_ReadAngle                         0x0800199d   Thumb Code    46  myiic.o(i.AS5600_ReadAngle)
    AS5600_ReadOneByte                       0x080019d5   Thumb Code    58  myiic.o(i.AS5600_ReadOneByte)
    AS5600_Task                              0x08001a0f   Thumb Code     4  freertos.o(i.AS5600_Task)
    AS5600_test                              0x08001a15   Thumb Code   102  test.o(i.AS5600_test)
    AS_init                                  0x08001ac5   Thumb Code    38  as5600.o(i.AS_init)
    AS_update                                0x08001aed   Thumb Code    86  as5600.o(i.AS_update)
    BusFault_Handler                         0x08001b49   Thumb Code     2  stm32f4xx_it.o(i.BusFault_Handler)
    DebugMon_Handler                         0x08001b4b   Thumb Code     2  stm32f4xx_it.o(i.DebugMon_Handler)
    Error_Handler                            0x08001b4d   Thumb Code     4  main.o(i.Error_Handler)
    HAL_DMA_Abort                            0x08001b51   Thumb Code   146  stm32f4xx_hal_dma.o(i.HAL_DMA_Abort)
    HAL_DMA_Abort_IT                         0x08001be3   Thumb Code    36  stm32f4xx_hal_dma.o(i.HAL_DMA_Abort_IT)
    HAL_GPIO_Init                            0x08001c09   Thumb Code   446  stm32f4xx_hal_gpio.o(i.HAL_GPIO_Init)
    HAL_GPIO_ReadPin                         0x08001de9   Thumb Code    10  stm32f4xx_hal_gpio.o(i.HAL_GPIO_ReadPin)
    HAL_GPIO_WritePin                        0x08001df3   Thumb Code    10  stm32f4xx_hal_gpio.o(i.HAL_GPIO_WritePin)
    HAL_GetTick                              0x08001dfd   Thumb Code     6  stm32f4xx_hal.o(i.HAL_GetTick)
    HAL_IncTick                              0x08001e09   Thumb Code    12  stm32f4xx_hal.o(i.HAL_IncTick)
    HAL_Init                                 0x08001e19   Thumb Code    48  stm32f4xx_hal.o(i.HAL_Init)
    HAL_InitTick                             0x08001e4d   Thumb Code   118  stm32f4xx_hal_timebase_tim.o(i.HAL_InitTick)
    HAL_MspInit                              0x08001ed9   Thumb Code    52  stm32f4xx_hal_msp.o(i.HAL_MspInit)
    HAL_NVIC_EnableIRQ                       0x08001f11   Thumb Code    26  stm32f4xx_hal_cortex.o(i.HAL_NVIC_EnableIRQ)
    HAL_NVIC_SetPriority                     0x08001f2d   Thumb Code    60  stm32f4xx_hal_cortex.o(i.HAL_NVIC_SetPriority)
    HAL_NVIC_SetPriorityGrouping             0x08001f6d   Thumb Code    26  stm32f4xx_hal_cortex.o(i.HAL_NVIC_SetPriorityGrouping)
    HAL_RCC_ClockConfig                      0x08001f91   Thumb Code   288  stm32f4xx_hal_rcc.o(i.HAL_RCC_ClockConfig)
    HAL_RCC_GetClockConfig                   0x080020c5   Thumb Code    54  stm32f4xx_hal_rcc.o(i.HAL_RCC_GetClockConfig)
    HAL_RCC_GetPCLK1Freq                     0x08002105   Thumb Code    20  stm32f4xx_hal_rcc.o(i.HAL_RCC_GetPCLK1Freq)
    HAL_RCC_GetPCLK2Freq                     0x08002125   Thumb Code    20  stm32f4xx_hal_rcc.o(i.HAL_RCC_GetPCLK2Freq)
    HAL_RCC_GetSysClockFreq                  0x08002145   Thumb Code    88  stm32f4xx_hal_rcc.o(i.HAL_RCC_GetSysClockFreq)
    HAL_RCC_OscConfig                        0x080021a9   Thumb Code   856  stm32f4xx_hal_rcc.o(i.HAL_RCC_OscConfig)
    HAL_SYSTICK_CLKSourceConfig              0x08002515   Thumb Code    24  stm32f4xx_hal_cortex.o(i.HAL_SYSTICK_CLKSourceConfig)
    HAL_TIMEx_BreakCallback                  0x0800252d   Thumb Code     2  stm32f4xx_hal_tim_ex.o(i.HAL_TIMEx_BreakCallback)
    HAL_TIMEx_CommutCallback                 0x0800252f   Thumb Code     2  stm32f4xx_hal_tim_ex.o(i.HAL_TIMEx_CommutCallback)
    HAL_TIMEx_MasterConfigSynchronization    0x08002531   Thumb Code   104  stm32f4xx_hal_tim_ex.o(i.HAL_TIMEx_MasterConfigSynchronization)
    HAL_TIM_Base_Init                        0x080025ad   Thumb Code    90  stm32f4xx_hal_tim.o(i.HAL_TIM_Base_Init)
    HAL_TIM_Base_MspInit                     0x08002609   Thumb Code    52  tim.o(i.HAL_TIM_Base_MspInit)
    HAL_TIM_Base_Start_IT                    0x08002645   Thumb Code    88  stm32f4xx_hal_tim.o(i.HAL_TIM_Base_Start_IT)
    HAL_TIM_ConfigClockSource                0x080026b1   Thumb Code   220  stm32f4xx_hal_tim.o(i.HAL_TIM_ConfigClockSource)
    HAL_TIM_IC_CaptureCallback               0x0800278d   Thumb Code     2  stm32f4xx_hal_tim.o(i.HAL_TIM_IC_CaptureCallback)
    HAL_TIM_IRQHandler                       0x0800278f   Thumb Code   358  stm32f4xx_hal_tim.o(i.HAL_TIM_IRQHandler)
    HAL_TIM_MspPostInit                      0x080028f5   Thumb Code   110  tim.o(i.HAL_TIM_MspPostInit)
    HAL_TIM_OC_DelayElapsedCallback          0x08002971   Thumb Code     2  stm32f4xx_hal_tim.o(i.HAL_TIM_OC_DelayElapsedCallback)
    HAL_TIM_PWM_ConfigChannel                0x08002973   Thumb Code   204  stm32f4xx_hal_tim.o(i.HAL_TIM_PWM_ConfigChannel)
    HAL_TIM_PWM_Init                         0x08002a3f   Thumb Code    90  stm32f4xx_hal_tim.o(i.HAL_TIM_PWM_Init)
    HAL_TIM_PWM_MspInit                      0x08002a99   Thumb Code     2  stm32f4xx_hal_tim.o(i.HAL_TIM_PWM_MspInit)
    HAL_TIM_PWM_PulseFinishedCallback        0x08002a9b   Thumb Code     2  stm32f4xx_hal_tim.o(i.HAL_TIM_PWM_PulseFinishedCallback)
    HAL_TIM_PWM_Start                        0x08002a9d   Thumb Code   156  stm32f4xx_hal_tim.o(i.HAL_TIM_PWM_Start)
    HAL_TIM_PeriodElapsedCallback            0x08002b4d   Thumb Code    14  main.o(i.HAL_TIM_PeriodElapsedCallback)
    HAL_TIM_TriggerCallback                  0x08002b61   Thumb Code     2  stm32f4xx_hal_tim.o(i.HAL_TIM_TriggerCallback)
    HAL_UARTEx_RxEventCallback               0x08002b63   Thumb Code     2  stm32f4xx_hal_uart.o(i.HAL_UARTEx_RxEventCallback)
    HAL_UART_ErrorCallback                   0x08002b65   Thumb Code     2  stm32f4xx_hal_uart.o(i.HAL_UART_ErrorCallback)
    HAL_UART_IRQHandler                      0x08002b69   Thumb Code   610  stm32f4xx_hal_uart.o(i.HAL_UART_IRQHandler)
    HAL_UART_Init                            0x08002dd1   Thumb Code    98  stm32f4xx_hal_uart.o(i.HAL_UART_Init)
    HAL_UART_MspInit                         0x08002e35   Thumb Code   130  usart.o(i.HAL_UART_MspInit)
    HAL_UART_Receive_IT                      0x08002ec5   Thumb Code    42  stm32f4xx_hal_uart.o(i.HAL_UART_Receive_IT)
    HAL_UART_RxCpltCallback                  0x08002ef1   Thumb Code    90  usart.o(i.HAL_UART_RxCpltCallback)
    HAL_UART_TxCpltCallback                  0x08002f59   Thumb Code     2  stm32f4xx_hal_uart.o(i.HAL_UART_TxCpltCallback)
    HardFault_Handler                        0x08002f5b   Thumb Code     2  stm32f4xx_it.o(i.HardFault_Handler)
    MX_FREERTOS_Init                         0x08002f5d   Thumb Code    24  freertos.o(i.MX_FREERTOS_Init)
    MX_GPIO_Init                             0x08002f89   Thumb Code    70  gpio.o(i.MX_GPIO_Init)
    MX_TIM2_Init                             0x08002fd9   Thumb Code   232  tim.o(i.MX_TIM2_Init)
    MX_TIM3_Init                             0x080030c9   Thumb Code   176  tim.o(i.MX_TIM3_Init)
    MemManage_Handler                        0x08003181   Thumb Code     2  stm32f4xx_it.o(i.MemManage_Handler)
    NMI_Handler                              0x08003183   Thumb Code     2  stm32f4xx_it.o(i.NMI_Handler)
    SysTick_Handler                          0x08003185   Thumb Code    26  cmsis_os2.o(i.SysTick_Handler)
    SystemClock_Config                       0x080031a1   Thumb Code   120  main.o(i.SystemClock_Config)
    SystemInit                               0x08003221   Thumb Code    12  system_stm32f4xx.o(i.SystemInit)
    TIM1_UP_TIM10_IRQHandler                 0x08003231   Thumb Code     6  stm32f4xx_it.o(i.TIM1_UP_TIM10_IRQHandler)
    TIM_Base_SetConfig                       0x0800323d   Thumb Code   122  stm32f4xx_hal_tim.o(i.TIM_Base_SetConfig)
    TIM_CCxChannelCmd                        0x080032d5   Thumb Code    26  stm32f4xx_hal_tim.o(i.TIM_CCxChannelCmd)
    TIM_ETR_SetConfig                        0x080032ef   Thumb Code    20  stm32f4xx_hal_tim.o(i.TIM_ETR_SetConfig)
    TIM_OC2_SetConfig                        0x08003365   Thumb Code    84  stm32f4xx_hal_tim.o(i.TIM_OC2_SetConfig)
    UART_Start_Receive_IT                    0x080036c9   Thumb Code    58  stm32f4xx_hal_uart.o(i.UART_Start_Receive_IT)
    USART1_IRQHandler                        0x08003705   Thumb Code     6  usart.o(i.USART1_IRQHandler)
    UsageFault_Handler                       0x08003711   Thumb Code     2  stm32f4xx_it.o(i.UsageFault_Handler)
    __ARM_fpclassify                         0x08003713   Thumb Code    48  fpclassify.o(i.__ARM_fpclassify)
    _is_digit                                0x08003763   Thumb Code    14  __printf_wp.o(i._is_digit)
    _sys_exit                                0x08003771   Thumb Code     2  usart.o(i._sys_exit)
    _ttywrch                                 0x08003773   Thumb Code     2  usart.o(i._ttywrch)
    abs_f                                    0x08003775   Thumb Code    16  as5600.o(i.abs_f)
    delay_init                               0x08003785   Thumb Code    16  delay.o(i.delay_init)
    delay_us                                 0x08003799   Thumb Code    48  delay.o(i.delay_us)
    fputc                                    0x080037cd   Thumb Code    14  usart.o(i.fputc)
    getVelocity                              0x080037e1   Thumb Code    76  as5600.o(i.getVelocity)
    iic_ack                                  0x08003835   Thumb Code    78  myiic.o(i.iic_ack)
    iic_init                                 0x08003889   Thumb Code    88  myiic.o(i.iic_init)
    iic_nack                                 0x080038e9   Thumb Code    58  myiic.o(i.iic_nack)
    iic_read_byte                            0x08003929   Thumb Code   100  myiic.o(i.iic_read_byte)
    iic_send_byte                            0x08003991   Thumb Code    92  myiic.o(i.iic_send_byte)
    iic_start                                0x080039f1   Thumb Code    70  myiic.o(i.iic_start)
    iic_stop                                 0x08003a3d   Thumb Code    60  myiic.o(i.iic_stop)
    iic_wait_ack                             0x08003a7d   Thumb Code   100  myiic.o(i.iic_wait_ack)
    info_Task                                0x08003ae5   Thumb Code    28  freertos.o(i.info_Task)
    main                                     0x08003b15   Thumb Code    56  main.o(i.main)
    osDelay                                  0x08003b4d   Thumb Code    26  cmsis_os2.o(i.osDelay)
    osKernelInitialize                       0x08003b69   Thumb Code    32  cmsis_os2.o(i.osKernelInitialize)
    osKernelStart                            0x08003b8d   Thumb Code    48  cmsis_os2.o(i.osKernelStart)
    pvPortMalloc                             0x08004359   Thumb Code   216  heap_4.o(i.pvPortMalloc)
    pxPortInitialiseStack                    0x08004435   Thumb Code    40  port.o(i.pxPortInitialiseStack)
    start_task                               0x08004461   Thumb Code    66  freertos.o(i.start_task)
    usart_init                               0x080044c9   Thumb Code    44  usart.o(i.usart_init)
    uxListRemove                             0x08004501   Thumb Code    38  list.o(i.uxListRemove)
    vApplicationGetIdleTaskMemory            0x08004529   Thumb Code    16  cmsis_os2.o(i.vApplicationGetIdleTaskMemory)
    vApplicationGetTimerTaskMemory           0x0800453d   Thumb Code    18  cmsis_os2.o(i.vApplicationGetTimerTaskMemory)
    vListInitialise                          0x08004555   Thumb Code    22  list.o(i.vListInitialise)
    vListInitialiseItem                      0x0800456b   Thumb Code     6  list.o(i.vListInitialiseItem)
    vListInsert                              0x08004571   Thumb Code    48  list.o(i.vListInsert)
    vListInsertEnd                           0x080045a1   Thumb Code    24  list.o(i.vListInsertEnd)
    vPortEnterCritical                       0x080045b9   Thumb Code    54  port.o(i.vPortEnterCritical)
    vPortExitCritical                        0x080045f9   Thumb Code    34  port.o(i.vPortExitCritical)
    vPortFree                                0x08004621   Thumb Code    94  heap_4.o(i.vPortFree)
    vPortSetupTimerInterrupt                 0x08004685   Thumb Code    32  port.o(i.vPortSetupTimerInterrupt)
    vPortValidateInterruptPriority           0x080046a9   Thumb Code    74  port.o(i.vPortValidateInterruptPriority)
    vQueueAddToRegistry                      0x080046fd   Thumb Code    34  queue.o(i.vQueueAddToRegistry)
    vQueueWaitForMessageRestricted           0x08004725   Thumb Code    68  queue.o(i.vQueueWaitForMessageRestricted)
    vTaskDelay                               0x08004769   Thumb Code    66  tasks.o(i.vTaskDelay)
    vTaskDelete                              0x080047b5   Thumb Code   130  tasks.o(i.vTaskDelete)
    vTaskInternalSetTimeOutState             0x08004845   Thumb Code    12  tasks.o(i.vTaskInternalSetTimeOutState)
    vTaskMissedYield                         0x08004855   Thumb Code     8  tasks.o(i.vTaskMissedYield)
    vTaskPlaceOnEventList                    0x08004861   Thumb Code    44  tasks.o(i.vTaskPlaceOnEventList)
    vTaskPlaceOnEventListRestricted          0x08004891   Thumb Code    52  tasks.o(i.vTaskPlaceOnEventListRestricted)
    vTaskStartScheduler                      0x080048c9   Thumb Code   118  tasks.o(i.vTaskStartScheduler)
    vTaskSuspendAll                          0x08004951   Thumb Code    10  tasks.o(i.vTaskSuspendAll)
    vTaskSwitchContext                       0x08004961   Thumb Code    90  tasks.o(i.vTaskSwitchContext)
    xPortStartScheduler                      0x080049c5   Thumb Code   222  port.o(i.xPortStartScheduler)
    xPortSysTickHandler                      0x08004ab9   Thumb Code    38  port.o(i.xPortSysTickHandler)
    xQueueGenericCreateStatic                0x08004ae5   Thumb Code   102  queue.o(i.xQueueGenericCreateStatic)
    xQueueGenericReset                       0x08004b4d   Thumb Code   132  queue.o(i.xQueueGenericReset)
    xQueueGenericSend                        0x08004bd5   Thumb Code   346  queue.o(i.xQueueGenericSend)
    xQueueGenericSendFromISR                 0x08004d35   Thumb Code   190  queue.o(i.xQueueGenericSendFromISR)
    xQueueReceive                            0x08004df5   Thumb Code   308  queue.o(i.xQueueReceive)
    xTaskCheckForTimeOut                     0x08004f2d   Thumb Code   112  tasks.o(i.xTaskCheckForTimeOut)
    xTaskCreate                              0x08004fa1   Thumb Code    90  tasks.o(i.xTaskCreate)
    xTaskCreateStatic                        0x08004ffb   Thumb Code    86  tasks.o(i.xTaskCreateStatic)
    xTaskGetSchedulerState                   0x08005051   Thumb Code    22  tasks.o(i.xTaskGetSchedulerState)
    xTaskGetTickCount                        0x0800506d   Thumb Code     6  tasks.o(i.xTaskGetTickCount)
    xTaskIncrementTick                       0x08005079   Thumb Code   192  tasks.o(i.xTaskIncrementTick)
    xTaskPriorityDisinherit                  0x08005141   Thumb Code   118  tasks.o(i.xTaskPriorityDisinherit)
    xTaskRemoveFromEventList                 0x080051c1   Thumb Code    98  tasks.o(i.xTaskRemoveFromEventList)
    xTaskResumeAll                           0x08005231   Thumb Code   182  tasks.o(i.xTaskResumeAll)
    xTimerCreateTimerTask                    0x080052f5   Thumb Code    78  timers.o(i.xTimerCreateTimerTask)
    xTimerGenericCommand                     0x08005355   Thumb Code    98  timers.o(i.xTimerGenericCommand)
    _get_lc_numeric                          0x080053bd   Thumb Code    44  lc_numeric_c.o(locale$$code)
    __fpl_dretinf                            0x080053e9   Thumb Code    12  dretinf.o(x$fpl$dretinf)
    __aeabi_f2d                              0x080053f5   Thumb Code     0  f2d.o(x$fpl$f2d)
    _f2d                                     0x080053f5   Thumb Code    86  f2d.o(x$fpl$f2d)
    __fpl_fnaninf                            0x0800544b   Thumb Code   140  fnaninf.o(x$fpl$fnaninf)
    _fp_init                                 0x080054d7   Thumb Code    10  fpinit.o(x$fpl$fpinit)
    __fplib_config_fpu_vfp                   0x080054df   Thumb Code     0  fpinit.o(x$fpl$fpinit)
    __fplib_config_pureend_doubles           0x080054df   Thumb Code     0  fpinit.o(x$fpl$fpinit)
    _printf_fp_dec                           0x080054e1   Thumb Code     4  printf1.o(x$fpl$printf1)
    AHBPrescTable                            0x080054e4   Data          16  system_stm32f4xx.o(.constdata)
    __I$use$fp                               0x080054e4   Number         0  usenofp.o(x$fpl$usenofp)
    APBPrescTable                            0x080054f4   Data           8  system_stm32f4xx.o(.constdata)
    Region$$Table$$Base                      0x08005590   Number         0  anon$$obj.o(Region$$Table)
    Region$$Table$$Limit                     0x080055b0   Number         0  anon$$obj.o(Region$$Table)
    StartTask_Handler                        0x20000000   Data           4  freertos.o(.data)
    Task1Task_Handler                        0x20000004   Data           4  freertos.o(.data)
    Task2Task_Handler                        0x20000008   Data           4  freertos.o(.data)
    g_rx_buffer                              0x2000000c   Data           1  usart.o(.data)
    g_usart_rx_sta                           0x2000000e   Data           2  usart.o(.data)
    __stdout                                 0x20000010   Data           4  usart.o(.data)
    uwTickFreq                               0x20000018   Data           1  stm32f4xx_hal.o(.data)
    uwTickPrio                               0x2000001c   Data           4  stm32f4xx_hal.o(.data)
    uwTick                                   0x20000020   Data           4  stm32f4xx_hal.o(.data)
    SystemCoreClock                          0x20000024   Data           4  system_stm32f4xx.o(.data)
    pxCurrentTCB                             0x20000028   Data           4  tasks.o(.data)
    arr_global                               0x200000a8   Data           2  tim.o(.data)
    g_usart_rx_buf                           0x200000ac   Data         200  usart.o(.bss)
    g_uart1_handle                           0x20000174   Data          68  usart.o(.bss)
    htim1                                    0x200001b8   Data          72  stm32f4xx_hal_timebase_tim.o(.bss)
    xQueueRegistry                           0x20000200   Data          64  queue.o(.bss)
    htim2                                    0x20004ad4   Data          72  tim.o(.bss)
    htim3                                    0x20004b1c   Data          72  tim.o(.bss)
    __libspace_start                         0x20004b64   Data          96  libspace.o(.bss)
    __temporary_stack_top$libspace           0x20004bc4   Data           0  libspace.o(.bss)



==============================================================================

Memory Map of the image

  Image Entry point : 0x08000195

  Load Region LR_IROM1 (Base: 0x08000000, Size: 0x00005678, Max: 0x00040000, ABSOLUTE)

    Execution Region ER_IROM1 (Base: 0x08000000, Size: 0x000055cc, Max: 0x00040000, ABSOLUTE)

    Base Addr    Size         Type   Attr      Idx    E Section Name        Object

    0x08000000   0x00000194   Data   RO            3    RESET               startup_stm32f401xc.o
    0x08000194   0x00000008   Code   RO         5293  * !!!main             c_w.l(__main.o)
    0x0800019c   0x00000034   Code   RO         5673    !!!scatter          c_w.l(__scatter.o)
    0x080001d0   0x0000001a   Code   RO         5675    !!handler_copy      c_w.l(__scatter_copy.o)
    0x080001ea   0x00000002   PAD
    0x080001ec   0x0000001c   Code   RO         5677    !!handler_zi        c_w.l(__scatter_zi.o)
    0x08000208   0x00000000   Code   RO         5282    .ARM.Collect$$_printf_percent$$00000000  c_w.l(_printf_percent.o)
    0x08000208   0x00000006   Code   RO         5281    .ARM.Collect$$_printf_percent$$00000003  c_w.l(_printf_f.o)
    0x0800020e   0x00000006   Code   RO         5280    .ARM.Collect$$_printf_percent$$00000009  c_w.l(_printf_d.o)
    0x08000214   0x00000006   Code   RO         5279    .ARM.Collect$$_printf_percent$$00000014  c_w.l(_printf_s.o)
    0x0800021a   0x00000004   Code   RO         5377    .ARM.Collect$$_printf_percent$$00000017  c_w.l(_printf_percent_end.o)
    0x0800021e   0x00000002   Code   RO         5616    .ARM.Collect$$libinit$$00000000  c_w.l(libinit.o)
    0x08000220   0x00000004   Code   RO         5384    .ARM.Collect$$libinit$$00000001  c_w.l(libinit2.o)
    0x08000224   0x00000000   Code   RO         5387    .ARM.Collect$$libinit$$00000004  c_w.l(libinit2.o)
    0x08000224   0x00000008   Code   RO         5388    .ARM.Collect$$libinit$$00000005  c_w.l(libinit2.o)
    0x0800022c   0x00000000   Code   RO         5390    .ARM.Collect$$libinit$$0000000A  c_w.l(libinit2.o)
    0x0800022c   0x00000000   Code   RO         5392    .ARM.Collect$$libinit$$0000000C  c_w.l(libinit2.o)
    0x0800022c   0x00000000   Code   RO         5394    .ARM.Collect$$libinit$$0000000E  c_w.l(libinit2.o)
    0x0800022c   0x00000006   Code   RO         5395    .ARM.Collect$$libinit$$0000000F  c_w.l(libinit2.o)
    0x08000232   0x00000000   Code   RO         5397    .ARM.Collect$$libinit$$00000011  c_w.l(libinit2.o)
    0x08000232   0x00000000   Code   RO         5399    .ARM.Collect$$libinit$$00000013  c_w.l(libinit2.o)
    0x08000232   0x00000000   Code   RO         5401    .ARM.Collect$$libinit$$00000015  c_w.l(libinit2.o)
    0x08000232   0x0000000a   Code   RO         5402    .ARM.Collect$$libinit$$00000016  c_w.l(libinit2.o)
    0x0800023c   0x00000000   Code   RO         5403    .ARM.Collect$$libinit$$00000017  c_w.l(libinit2.o)
    0x0800023c   0x00000000   Code   RO         5405    .ARM.Collect$$libinit$$00000019  c_w.l(libinit2.o)
    0x0800023c   0x00000000   Code   RO         5407    .ARM.Collect$$libinit$$0000001B  c_w.l(libinit2.o)
    0x0800023c   0x00000000   Code   RO         5409    .ARM.Collect$$libinit$$0000001D  c_w.l(libinit2.o)
    0x0800023c   0x00000000   Code   RO         5411    .ARM.Collect$$libinit$$0000001F  c_w.l(libinit2.o)
    0x0800023c   0x00000000   Code   RO         5413    .ARM.Collect$$libinit$$00000021  c_w.l(libinit2.o)
    0x0800023c   0x00000000   Code   RO         5415    .ARM.Collect$$libinit$$00000023  c_w.l(libinit2.o)
    0x0800023c   0x00000000   Code   RO         5417    .ARM.Collect$$libinit$$00000025  c_w.l(libinit2.o)
    0x0800023c   0x00000000   Code   RO         5421    .ARM.Collect$$libinit$$0000002C  c_w.l(libinit2.o)
    0x0800023c   0x00000000   Code   RO         5423    .ARM.Collect$$libinit$$0000002E  c_w.l(libinit2.o)
    0x0800023c   0x00000000   Code   RO         5425    .ARM.Collect$$libinit$$00000030  c_w.l(libinit2.o)
    0x0800023c   0x00000000   Code   RO         5427    .ARM.Collect$$libinit$$00000032  c_w.l(libinit2.o)
    0x0800023c   0x00000002   Code   RO         5428    .ARM.Collect$$libinit$$00000033  c_w.l(libinit2.o)
    0x0800023e   0x00000002   Code   RO         5670    .ARM.Collect$$libshutdown$$00000000  c_w.l(libshutdown.o)
    0x08000240   0x00000000   Code   RO         5630    .ARM.Collect$$libshutdown$$00000002  c_w.l(libshutdown2.o)
    0x08000240   0x00000000   Code   RO         5632    .ARM.Collect$$libshutdown$$00000004  c_w.l(libshutdown2.o)
    0x08000240   0x00000000   Code   RO         5635    .ARM.Collect$$libshutdown$$00000007  c_w.l(libshutdown2.o)
    0x08000240   0x00000000   Code   RO         5638    .ARM.Collect$$libshutdown$$0000000A  c_w.l(libshutdown2.o)
    0x08000240   0x00000000   Code   RO         5640    .ARM.Collect$$libshutdown$$0000000C  c_w.l(libshutdown2.o)
    0x08000240   0x00000000   Code   RO         5643    .ARM.Collect$$libshutdown$$0000000F  c_w.l(libshutdown2.o)
    0x08000240   0x00000002   Code   RO         5644    .ARM.Collect$$libshutdown$$00000010  c_w.l(libshutdown2.o)
    0x08000242   0x00000000   Code   RO         5331    .ARM.Collect$$rtentry$$00000000  c_w.l(__rtentry.o)
    0x08000242   0x00000000   Code   RO         5472    .ARM.Collect$$rtentry$$00000002  c_w.l(__rtentry2.o)
    0x08000242   0x00000006   Code   RO         5484    .ARM.Collect$$rtentry$$00000004  c_w.l(__rtentry4.o)
    0x08000248   0x00000000   Code   RO         5474    .ARM.Collect$$rtentry$$00000009  c_w.l(__rtentry2.o)
    0x08000248   0x00000004   Code   RO         5475    .ARM.Collect$$rtentry$$0000000A  c_w.l(__rtentry2.o)
    0x0800024c   0x00000000   Code   RO         5477    .ARM.Collect$$rtentry$$0000000C  c_w.l(__rtentry2.o)
    0x0800024c   0x00000008   Code   RO         5478    .ARM.Collect$$rtentry$$0000000D  c_w.l(__rtentry2.o)
    0x08000254   0x00000002   Code   RO         5617    .ARM.Collect$$rtexit$$00000000  c_w.l(rtexit.o)
    0x08000256   0x00000000   Code   RO         5646    .ARM.Collect$$rtexit$$00000002  c_w.l(rtexit2.o)
    0x08000256   0x00000004   Code   RO         5647    .ARM.Collect$$rtexit$$00000003  c_w.l(rtexit2.o)
    0x0800025a   0x00000006   Code   RO         5648    .ARM.Collect$$rtexit$$00000004  c_w.l(rtexit2.o)
    0x08000260   0x000000be   Code   RO         4771    .emb_text           port.o
    0x0800031e   0x00000002   PAD
    0x08000320   0x00000000   Code   RO         5500    .emb_text           c_w.l(maybetermalloc1.o)
    0x08000320   0x00000040   Code   RO            4    .text               startup_stm32f401xc.o
    0x08000360   0x00000002   Code   RO         5189    .text               c_w.l(use_no_semi_2.o)
    0x08000362   0x0000005e   Code   RO         5193    .text               c_w.l(h1_alloc.o)
    0x080003c0   0x000000ee   Code   RO         5247    .text               c_w.l(lludivv7m.o)
    0x080004ae   0x00000002   PAD
    0x080004b0   0x00000018   Code   RO         5251    .text               c_w.l(noretval__2printf.o)
    0x080004c8   0x00000052   Code   RO         5255    .text               c_w.l(_printf_str.o)
    0x0800051a   0x00000002   PAD
    0x0800051c   0x00000078   Code   RO         5257    .text               c_w.l(_printf_dec.o)
    0x08000594   0x0000010e   Code   RO         5267    .text               c_w.l(__printf_wp.o)
    0x080006a2   0x0000008a   Code   RO         5283    .text               c_w.l(rt_memcpy_v6.o)
    0x0800072c   0x00000010   Code   RO         5287    .text               c_w.l(aeabi_memset.o)
    0x0800073c   0x0000004e   Code   RO         5289    .text               c_w.l(rt_memclr_w.o)
    0x0800078a   0x00000006   Code   RO         5291    .text               c_w.l(heapauxi.o)
    0x08000790   0x00000002   Code   RO         5327    .text               c_w.l(use_no_semi.o)
    0x08000792   0x00000002   PAD
    0x08000794   0x00000008   Code   RO         5339    .text               c_w.l(rt_heap_descriptor_intlibspace.o)
    0x0800079c   0x00000004   Code   RO         5341    .text               c_w.l(hguard.o)
    0x080007a0   0x0000008a   Code   RO         5343    .text               c_w.l(init_alloc.o)
    0x0800082a   0x0000000e   Code   RO         5349    .text               c_w.l(h1_init.o)
    0x08000838   0x0000004e   Code   RO         5351    .text               c_w.l(h1_free.o)
    0x08000886   0x000000b2   Code   RO         5369    .text               c_w.l(_printf_intcommon.o)
    0x08000938   0x0000041a   Code   RO         5371    .text               c_w.l(_printf_fp_dec.o)
    0x08000d52   0x0000002c   Code   RO         5373    .text               c_w.l(_printf_char.o)
    0x08000d7e   0x00000002   PAD
    0x08000d80   0x00000024   Code   RO         5375    .text               c_w.l(_printf_char_file.o)
    0x08000da4   0x00000064   Code   RO         5378    .text               c_w.l(rt_memcpy_w.o)
    0x08000e08   0x00000044   Code   RO         5380    .text               c_w.l(rt_memclr.o)
    0x08000e4c   0x00000008   Code   RO         5468    .text               c_w.l(libspace.o)
    0x08000e54   0x00000008   Code   RO         5491    .text               c_w.l(rt_locale_intlibspace.o)
    0x08000e5c   0x00000034   Code   RO         5502    .text               c_w.l(h1_extend.o)
    0x08000e90   0x0000008a   Code   RO         5506    .text               c_w.l(lludiv10.o)
    0x08000f1a   0x00000002   PAD
    0x08000f1c   0x00000030   Code   RO         5508    .text               c_w.l(_printf_char_common.o)
    0x08000f4c   0x00000080   Code   RO         5510    .text               c_w.l(_printf_fp_infnan.o)
    0x08000fcc   0x000000dc   Code   RO         5512    .text               c_w.l(bigflt0.o)
    0x080010a8   0x00000008   Code   RO         5537    .text               c_w.l(ferror.o)
    0x080010b0   0x0000000e   Code   RO         5544    .text               c_w.l(defsig_rtmem_outer.o)
    0x080010be   0x0000004a   Code   RO         5587    .text               c_w.l(sys_stackheap_outer.o)
    0x08001108   0x00000012   Code   RO         5595    .text               c_w.l(exit.o)
    0x0800111a   0x0000000a   Code   RO         5597    .text               c_w.l(defsig_exit.o)
    0x08001124   0x00000050   Code   RO         5603    .text               c_w.l(defsig_rtmem_inner.o)
    0x08001174   0x00000080   Code   RO         5605    .text               c_w.l(strcmpv7m.o)
    0x080011f4   0x00000032   Code   RO         5625    .text               c_w.l(defsig_general.o)
    0x08001226   0x0000003e   Code   RO         5515    CL$$btod_d2e        c_w.l(btod.o)
    0x08001264   0x00000046   Code   RO         5517    CL$$btod_d2e_denorm_low  c_w.l(btod.o)
    0x080012aa   0x00000060   Code   RO         5516    CL$$btod_d2e_norm_op1  c_w.l(btod.o)
    0x0800130a   0x00000338   Code   RO         5525    CL$$btod_div_common  c_w.l(btod.o)
    0x08001642   0x000000c6   Code   RO         5522    CL$$btod_e2e        c_w.l(btod.o)
    0x08001708   0x00000028   Code   RO         5519    CL$$btod_ediv       c_w.l(btod.o)
    0x08001730   0x00000028   Code   RO         5518    CL$$btod_emul       c_w.l(btod.o)
    0x08001758   0x00000244   Code   RO         5524    CL$$btod_mult_common  c_w.l(btod.o)
    0x0800199c   0x00000038   Code   RO         4851    i.AS5600_ReadAngle  myiic.o
    0x080019d4   0x0000003a   Code   RO         4852    i.AS5600_ReadOneByte  myiic.o
    0x08001a0e   0x00000004   Code   RO          230    i.AS5600_Task       freertos.o
    0x08001a12   0x00000002   PAD
    0x08001a14   0x000000b0   Code   RO         5089    i.AS5600_test       test.o
    0x08001ac4   0x00000026   Code   RO         4935    i.AS_init           as5600.o
    0x08001aea   0x00000002   PAD
    0x08001aec   0x0000005c   Code   RO         4936    i.AS_update         as5600.o
    0x08001b48   0x00000002   Code   RO          374    i.BusFault_Handler  stm32f4xx_it.o
    0x08001b4a   0x00000002   Code   RO          375    i.DebugMon_Handler  stm32f4xx_it.o
    0x08001b4c   0x00000004   Code   RO           13    i.Error_Handler     main.o
    0x08001b50   0x00000092   Code   RO         1031    i.HAL_DMA_Abort     stm32f4xx_hal_dma.o
    0x08001be2   0x00000024   Code   RO         1032    i.HAL_DMA_Abort_IT  stm32f4xx_hal_dma.o
    0x08001c06   0x00000002   PAD
    0x08001c08   0x000001e0   Code   RO          924    i.HAL_GPIO_Init     stm32f4xx_hal_gpio.o
    0x08001de8   0x0000000a   Code   RO          926    i.HAL_GPIO_ReadPin  stm32f4xx_hal_gpio.o
    0x08001df2   0x0000000a   Code   RO          928    i.HAL_GPIO_WritePin  stm32f4xx_hal_gpio.o
    0x08001dfc   0x0000000c   Code   RO         1480    i.HAL_GetTick       stm32f4xx_hal.o
    0x08001e08   0x00000010   Code   RO         1486    i.HAL_IncTick       stm32f4xx_hal.o
    0x08001e18   0x00000034   Code   RO         1487    i.HAL_Init          stm32f4xx_hal.o
    0x08001e4c   0x0000008c   Code   RO          462    i.HAL_InitTick      stm32f4xx_hal_timebase_tim.o
    0x08001ed8   0x00000038   Code   RO          438    i.HAL_MspInit       stm32f4xx_hal_msp.o
    0x08001f10   0x0000001a   Code   RO         1337    i.HAL_NVIC_EnableIRQ  stm32f4xx_hal_cortex.o
    0x08001f2a   0x00000002   PAD
    0x08001f2c   0x00000040   Code   RO         1343    i.HAL_NVIC_SetPriority  stm32f4xx_hal_cortex.o
    0x08001f6c   0x00000024   Code   RO         1344    i.HAL_NVIC_SetPriorityGrouping  stm32f4xx_hal_cortex.o
    0x08001f90   0x00000134   Code   RO          546    i.HAL_RCC_ClockConfig  stm32f4xx_hal_rcc.o
    0x080020c4   0x00000040   Code   RO          550    i.HAL_RCC_GetClockConfig  stm32f4xx_hal_rcc.o
    0x08002104   0x00000020   Code   RO          553    i.HAL_RCC_GetPCLK1Freq  stm32f4xx_hal_rcc.o
    0x08002124   0x00000020   Code   RO          554    i.HAL_RCC_GetPCLK2Freq  stm32f4xx_hal_rcc.o
    0x08002144   0x00000064   Code   RO          555    i.HAL_RCC_GetSysClockFreq  stm32f4xx_hal_rcc.o
    0x080021a8   0x0000036c   Code   RO          558    i.HAL_RCC_OscConfig  stm32f4xx_hal_rcc.o
    0x08002514   0x00000018   Code   RO         1346    i.HAL_SYSTICK_CLKSourceConfig  stm32f4xx_hal_cortex.o
    0x0800252c   0x00000002   Code   RO         2431    i.HAL_TIMEx_BreakCallback  stm32f4xx_hal_tim_ex.o
    0x0800252e   0x00000002   Code   RO         2432    i.HAL_TIMEx_CommutCallback  stm32f4xx_hal_tim_ex.o
    0x08002530   0x0000007c   Code   RO         2450    i.HAL_TIMEx_MasterConfigSynchronization  stm32f4xx_hal_tim_ex.o
    0x080025ac   0x0000005a   Code   RO         1727    i.HAL_TIM_Base_Init  stm32f4xx_hal_tim.o
    0x08002606   0x00000002   PAD
    0x08002608   0x0000003c   Code   RO         4993    i.HAL_TIM_Base_MspInit  tim.o
    0x08002644   0x0000006c   Code   RO         1732    i.HAL_TIM_Base_Start_IT  stm32f4xx_hal_tim.o
    0x080026b0   0x000000dc   Code   RO         1736    i.HAL_TIM_ConfigClockSource  stm32f4xx_hal_tim.o
    0x0800278c   0x00000002   Code   RO         1761    i.HAL_TIM_IC_CaptureCallback  stm32f4xx_hal_tim.o
    0x0800278e   0x00000166   Code   RO         1775    i.HAL_TIM_IRQHandler  stm32f4xx_hal_tim.o
    0x080028f4   0x0000007c   Code   RO         4994    i.HAL_TIM_MspPostInit  tim.o
    0x08002970   0x00000002   Code   RO         1778    i.HAL_TIM_OC_DelayElapsedCallback  stm32f4xx_hal_tim.o
    0x08002972   0x000000cc   Code   RO         1799    i.HAL_TIM_PWM_ConfigChannel  stm32f4xx_hal_tim.o
    0x08002a3e   0x0000005a   Code   RO         1802    i.HAL_TIM_PWM_Init  stm32f4xx_hal_tim.o
    0x08002a98   0x00000002   Code   RO         1804    i.HAL_TIM_PWM_MspInit  stm32f4xx_hal_tim.o
    0x08002a9a   0x00000002   Code   RO         1805    i.HAL_TIM_PWM_PulseFinishedCallback  stm32f4xx_hal_tim.o
    0x08002a9c   0x000000b0   Code   RO         1807    i.HAL_TIM_PWM_Start  stm32f4xx_hal_tim.o
    0x08002b4c   0x00000014   Code   RO           14    i.HAL_TIM_PeriodElapsedCallback  main.o
    0x08002b60   0x00000002   Code   RO         1818    i.HAL_TIM_TriggerCallback  stm32f4xx_hal_tim.o
    0x08002b62   0x00000002   Code   RO         2709    i.HAL_UARTEx_RxEventCallback  stm32f4xx_hal_uart.o
    0x08002b64   0x00000002   Code   RO         2723    i.HAL_UART_ErrorCallback  stm32f4xx_hal_uart.o
    0x08002b66   0x00000002   PAD
    0x08002b68   0x00000268   Code   RO         2726    i.HAL_UART_IRQHandler  stm32f4xx_hal_uart.o
    0x08002dd0   0x00000062   Code   RO         2727    i.HAL_UART_Init     stm32f4xx_hal_uart.o
    0x08002e32   0x00000002   PAD
    0x08002e34   0x00000090   Code   RO          293    i.HAL_UART_MspInit  usart.o
    0x08002ec4   0x0000002a   Code   RO         2732    i.HAL_UART_Receive_IT  stm32f4xx_hal_uart.o
    0x08002eee   0x00000002   PAD
    0x08002ef0   0x00000068   Code   RO          294    i.HAL_UART_RxCpltCallback  usart.o
    0x08002f58   0x00000002   Code   RO         2738    i.HAL_UART_TxCpltCallback  stm32f4xx_hal_uart.o
    0x08002f5a   0x00000002   Code   RO          376    i.HardFault_Handler  stm32f4xx_it.o
    0x08002f5c   0x0000002c   Code   RO          231    i.MX_FREERTOS_Init  freertos.o
    0x08002f88   0x00000050   Code   RO          206    i.MX_GPIO_Init      gpio.o
    0x08002fd8   0x000000f0   Code   RO         4995    i.MX_TIM2_Init      tim.o
    0x080030c8   0x000000b8   Code   RO         4996    i.MX_TIM3_Init      tim.o
    0x08003180   0x00000002   Code   RO          377    i.MemManage_Handler  stm32f4xx_it.o
    0x08003182   0x00000002   Code   RO          378    i.NMI_Handler       stm32f4xx_it.o
    0x08003184   0x0000001a   Code   RO         4203    i.SysTick_Handler   cmsis_os2.o
    0x0800319e   0x00000002   PAD
    0x080031a0   0x00000080   Code   RO           15    i.SystemClock_Config  main.o
    0x08003220   0x00000010   Code   RO         3056    i.SystemInit        system_stm32f4xx.o
    0x08003230   0x0000000c   Code   RO          379    i.TIM1_UP_TIM10_IRQHandler  stm32f4xx_it.o
    0x0800323c   0x00000098   Code   RO         1820    i.TIM_Base_SetConfig  stm32f4xx_hal_tim.o
    0x080032d4   0x0000001a   Code   RO         1821    i.TIM_CCxChannelCmd  stm32f4xx_hal_tim.o
    0x080032ee   0x00000014   Code   RO         1831    i.TIM_ETR_SetConfig  stm32f4xx_hal_tim.o
    0x08003302   0x00000010   Code   RO         1832    i.TIM_ITRx_SetConfig  stm32f4xx_hal_tim.o
    0x08003312   0x00000002   PAD
    0x08003314   0x00000050   Code   RO         1833    i.TIM_OC1_SetConfig  stm32f4xx_hal_tim.o
    0x08003364   0x00000058   Code   RO         1834    i.TIM_OC2_SetConfig  stm32f4xx_hal_tim.o
    0x080033bc   0x00000058   Code   RO         1835    i.TIM_OC3_SetConfig  stm32f4xx_hal_tim.o
    0x08003414   0x00000044   Code   RO         1836    i.TIM_OC4_SetConfig  stm32f4xx_hal_tim.o
    0x08003458   0x00000022   Code   RO         1838    i.TIM_TI1_ConfigInputStage  stm32f4xx_hal_tim.o
    0x0800347a   0x00000024   Code   RO         1840    i.TIM_TI2_ConfigInputStage  stm32f4xx_hal_tim.o
    0x0800349e   0x00000010   Code   RO         2740    i.UART_DMAAbortOnError  stm32f4xx_hal_uart.o
    0x080034ae   0x0000004e   Code   RO         2750    i.UART_EndRxTransfer  stm32f4xx_hal_uart.o
    0x080034fc   0x000000c0   Code   RO         2752    i.UART_Receive_IT   stm32f4xx_hal_uart.o
    0x080035bc   0x0000010c   Code   RO         2753    i.UART_SetConfig    stm32f4xx_hal_uart.o
    0x080036c8   0x0000003a   Code   RO         2755    i.UART_Start_Receive_IT  stm32f4xx_hal_uart.o
    0x08003702   0x00000002   PAD
    0x08003704   0x0000000c   Code   RO          295    i.USART1_IRQHandler  usart.o
    0x08003710   0x00000002   Code   RO          380    i.UsageFault_Handler  stm32f4xx_it.o
    0x08003712   0x00000030   Code   RO         5583    i.__ARM_fpclassify  m_wm.l(fpclassify.o)
    0x08003742   0x00000020   Code   RO         1350    i.__NVIC_SetPriority  stm32f4xx_hal_cortex.o
    0x08003762   0x0000000e   Code   RO         5269    i._is_digit         c_w.l(__printf_wp.o)
    0x08003770   0x00000002   Code   RO          297    i._sys_exit         usart.o
    0x08003772   0x00000002   Code   RO          298    i._ttywrch          usart.o
    0x08003774   0x00000010   Code   RO         4937    i.abs_f             as5600.o
    0x08003784   0x00000014   Code   RO          502    i.delay_init        delay.o
    0x08003798   0x00000034   Code   RO          504    i.delay_us          delay.o
    0x080037cc   0x00000014   Code   RO          299    i.fputc             usart.o
    0x080037e0   0x00000054   Code   RO         4940    i.getVelocity       as5600.o
    0x08003834   0x00000054   Code   RO         4854    i.iic_ack           myiic.o
    0x08003888   0x00000060   Code   RO         4855    i.iic_init          myiic.o
    0x080038e8   0x00000040   Code   RO         4856    i.iic_nack          myiic.o
    0x08003928   0x00000068   Code   RO         4857    i.iic_read_byte     myiic.o
    0x08003990   0x00000060   Code   RO         4858    i.iic_send_byte     myiic.o
    0x080039f0   0x0000004c   Code   RO         4859    i.iic_start         myiic.o
    0x08003a3c   0x00000040   Code   RO         4860    i.iic_stop          myiic.o
    0x08003a7c   0x00000068   Code   RO         4861    i.iic_wait_ack      myiic.o
    0x08003ae4   0x00000030   Code   RO          232    i.info_Task         freertos.o
    0x08003b14   0x00000038   Code   RO           16    i.main              main.o
    0x08003b4c   0x0000001a   Code   RO         4205    i.osDelay           cmsis_os2.o
    0x08003b66   0x00000002   PAD
    0x08003b68   0x00000024   Code   RO         4219    i.osKernelInitialize  cmsis_os2.o
    0x08003b8c   0x00000038   Code   RO         4222    i.osKernelStart     cmsis_os2.o
    0x08003bc4   0x0000005c   Code   RO         3664    i.prvAddCurrentTaskToDelayedList  tasks.o
    0x08003c20   0x000000d0   Code   RO         3665    i.prvAddNewTaskToReadyList  tasks.o
    0x08003cf0   0x00000058   Code   RO         4029    i.prvCheckForValidListAndQueue  timers.o
    0x08003d48   0x00000026   Code   RO         3261    i.prvCopyDataFromQueue  queue.o
    0x08003d6e   0x0000006c   Code   RO         3262    i.prvCopyDataToQueue  queue.o
    0x08003dda   0x00000034   Code   RO         3666    i.prvDeleteTCB      tasks.o
    0x08003e0e   0x00000002   PAD
    0x08003e10   0x0000004c   Code   RO         4716    i.prvHeapInit       heap_4.o
    0x08003e5c   0x00000060   Code   RO         3667    i.prvIdleTask       tasks.o
    0x08003ebc   0x00000022   Code   RO         3264    i.prvInitialiseNewQueue  queue.o
    0x08003ede   0x00000002   PAD
    0x08003ee0   0x000000b0   Code   RO         3668    i.prvInitialiseNewTask  tasks.o
    0x08003f90   0x0000004c   Code   RO         4717    i.prvInsertBlockIntoFreeList  heap_4.o
    0x08003fdc   0x00000038   Code   RO         4031    i.prvInsertTimerInActiveList  timers.o
    0x08004014   0x0000001c   Code   RO         3265    i.prvIsQueueEmpty   queue.o
    0x08004030   0x000000fc   Code   RO         4032    i.prvProcessReceivedCommands  timers.o
    0x0800412c   0x000000c0   Code   RO         4033    i.prvProcessTimerOrBlockTask  timers.o
    0x080041ec   0x00000020   Code   RO         3670    i.prvResetNextTaskUnblockTime  tasks.o
    0x0800420c   0x00000028   Code   RO         4034    i.prvSampleTimeNow  timers.o
    0x08004234   0x0000006c   Code   RO         4035    i.prvSwitchTimerLists  timers.o
    0x080042a0   0x00000028   Code   RO         4772    i.prvTaskExitError  port.o
    0x080042c8   0x00000024   Code   RO         4036    i.prvTimerTask      timers.o
    0x080042ec   0x0000006a   Code   RO         3266    i.prvUnlockQueue    queue.o
    0x08004356   0x00000002   PAD
    0x08004358   0x000000dc   Code   RO         4718    i.pvPortMalloc      heap_4.o
    0x08004434   0x0000002c   Code   RO         4773    i.pxPortInitialiseStack  port.o
    0x08004460   0x00000068   Code   RO          233    i.start_task        freertos.o
    0x080044c8   0x00000038   Code   RO          300    i.usart_init        usart.o
    0x08004500   0x00000026   Code   RO         3221    i.uxListRemove      list.o
    0x08004526   0x00000002   PAD
    0x08004528   0x00000014   Code   RO         4276    i.vApplicationGetIdleTaskMemory  cmsis_os2.o
    0x0800453c   0x00000018   Code   RO         4277    i.vApplicationGetTimerTaskMemory  cmsis_os2.o
    0x08004554   0x00000016   Code   RO         3222    i.vListInitialise   list.o
    0x0800456a   0x00000006   Code   RO         3223    i.vListInitialiseItem  list.o
    0x08004570   0x00000030   Code   RO         3224    i.vListInsert       list.o
    0x080045a0   0x00000018   Code   RO         3225    i.vListInsertEnd    list.o
    0x080045b8   0x00000040   Code   RO         4775    i.vPortEnterCritical  port.o
    0x080045f8   0x00000028   Code   RO         4776    i.vPortExitCritical  port.o
    0x08004620   0x00000064   Code   RO         4719    i.vPortFree         heap_4.o
    0x08004684   0x00000024   Code   RO         4777    i.vPortSetupTimerInterrupt  port.o
    0x080046a8   0x00000054   Code   RO         4778    i.vPortValidateInterruptPriority  port.o
    0x080046fc   0x00000028   Code   RO         3272    i.vQueueAddToRegistry  queue.o
    0x08004724   0x00000044   Code   RO         3276    i.vQueueWaitForMessageRestricted  queue.o
    0x08004768   0x0000004c   Code   RO         3683    i.vTaskDelay        tasks.o
    0x080047b4   0x00000090   Code   RO         3685    i.vTaskDelete       tasks.o
    0x08004844   0x00000010   Code   RO         3688    i.vTaskInternalSetTimeOutState  tasks.o
    0x08004854   0x0000000c   Code   RO         3689    i.vTaskMissedYield  tasks.o
    0x08004860   0x00000030   Code   RO         3691    i.vTaskPlaceOnEventList  tasks.o
    0x08004890   0x00000038   Code   RO         3692    i.vTaskPlaceOnEventListRestricted  tasks.o
    0x080048c8   0x00000088   Code   RO         3700    i.vTaskStartScheduler  tasks.o
    0x08004950   0x00000010   Code   RO         3702    i.vTaskSuspendAll   tasks.o
    0x08004960   0x00000064   Code   RO         3703    i.vTaskSwitchContext  tasks.o
    0x080049c4   0x000000f4   Code   RO         4779    i.xPortStartScheduler  port.o
    0x08004ab8   0x0000002c   Code   RO         4780    i.xPortSysTickHandler  port.o
    0x08004ae4   0x00000066   Code   RO         3282    i.xQueueGenericCreateStatic  queue.o
    0x08004b4a   0x00000002   PAD
    0x08004b4c   0x00000088   Code   RO         3283    i.xQueueGenericReset  queue.o
    0x08004bd4   0x00000160   Code   RO         3284    i.xQueueGenericSend  queue.o
    0x08004d34   0x000000be   Code   RO         3285    i.xQueueGenericSendFromISR  queue.o
    0x08004df2   0x00000002   PAD
    0x08004df4   0x00000138   Code   RO         3294    i.xQueueReceive     queue.o
    0x08004f2c   0x00000074   Code   RO         3705    i.xTaskCheckForTimeOut  tasks.o
    0x08004fa0   0x0000005a   Code   RO         3706    i.xTaskCreate       tasks.o
    0x08004ffa   0x00000056   Code   RO         3707    i.xTaskCreateStatic  tasks.o
    0x08005050   0x0000001c   Code   RO         3711    i.xTaskGetSchedulerState  tasks.o
    0x0800506c   0x0000000c   Code   RO         3712    i.xTaskGetTickCount  tasks.o
    0x08005078   0x000000c8   Code   RO         3714    i.xTaskIncrementTick  tasks.o
    0x08005140   0x00000080   Code   RO         3717    i.xTaskPriorityDisinherit  tasks.o
    0x080051c0   0x00000070   Code   RO         3719    i.xTaskRemoveFromEventList  tasks.o
    0x08005230   0x000000c4   Code   RO         3720    i.xTaskResumeAll    tasks.o
    0x080052f4   0x00000060   Code   RO         4045    i.xTimerCreateTimerTask  timers.o
    0x08005354   0x00000068   Code   RO         4046    i.xTimerGenericCommand  timers.o
    0x080053bc   0x0000002c   Code   RO         5542    locale$$code        c_w.l(lc_numeric_c.o)
    0x080053e8   0x0000000c   Code   RO         5433    x$fpl$dretinf       fz_wm.l(dretinf.o)
    0x080053f4   0x00000056   Code   RO         5299    x$fpl$f2d           fz_wm.l(f2d.o)
    0x0800544a   0x0000008c   Code   RO         5435    x$fpl$fnaninf       fz_wm.l(fnaninf.o)
    0x080054d6   0x0000000a   Code   RO         5573    x$fpl$fpinit        fz_wm.l(fpinit.o)
    0x080054e0   0x00000004   Code   RO         5301    x$fpl$printf1       fz_wm.l(printf1.o)
    0x080054e4   0x00000000   Code   RO         5439    x$fpl$usenofp       fz_wm.l(usenofp.o)
    0x080054e4   0x00000010   Data   RO         3057    .constdata          system_stm32f4xx.o
    0x080054f4   0x00000008   Data   RO         3058    .constdata          system_stm32f4xx.o
    0x080054fc   0x00000094   Data   RO         5513    .constdata          c_w.l(bigflt0.o)
    0x08005590   0x00000020   Data   RO         5671    Region$$Table       anon$$obj.o
    0x080055b0   0x0000001c   Data   RO         5541    locale$$data        c_w.l(lc_numeric_c.o)


    Execution Region RW_IRAM1 (Base: 0x20000000, Size: 0x000051c8, Max: 0x00010000, ABSOLUTE)

    Base Addr    Size         Type   Attr      Idx    E Section Name        Object

    0x20000000   0x0000000c   Data   RW          235    .data               freertos.o
    0x2000000c   0x00000004   Data   RW          302    .data               usart.o
    0x20000010   0x00000004   Data   RW          303    .data               usart.o
    0x20000014   0x00000004   Data   RW          505    .data               delay.o
    0x20000018   0x0000000c   Data   RW         1494    .data               stm32f4xx_hal.o
    0x20000024   0x00000004   Data   RW         3059    .data               system_stm32f4xx.o
    0x20000028   0x0000003c   Data   RW         3723    .data               tasks.o
    0x20000064   0x00000014   Data   RW         4054    .data               timers.o
    0x20000078   0x00000004   Data   RW         4279    .data               cmsis_os2.o
    0x2000007c   0x00000020   Data   RW         4725    .data               heap_4.o
    0x2000009c   0x0000000c   Data   RW         4781    .data               port.o
    0x200000a8   0x00000002   Data   RW         4998    .data               tim.o
    0x200000aa   0x00000002   PAD
    0x200000ac   0x0000010c   Zero   RW          301    .bss                usart.o
    0x200001b8   0x00000048   Zero   RW          465    .bss                stm32f4xx_hal_timebase_tim.o
    0x20000200   0x00000040   Zero   RW         3298    .bss                queue.o
    0x20000240   0x000004c4   Zero   RW         3722    .bss                tasks.o
    0x20000704   0x00000118   Zero   RW         4053    .bss                timers.o
    0x2000081c   0x000006b8   Zero   RW         4278    .bss                cmsis_os2.o
    0x20000ed4   0x00003c00   Zero   RW         4724    .bss                heap_4.o
    0x20004ad4   0x00000090   Zero   RW         4997    .bss                tim.o
    0x20004b64   0x00000060   Zero   RW         5469    .bss                c_w.l(libspace.o)
    0x20004bc4   0x00000004   PAD
    0x20004bc8   0x00000200   Zero   RW            2    HEAP                startup_stm32f401xc.o
    0x20004dc8   0x00000400   Zero   RW            1    STACK               startup_stm32f401xc.o


==============================================================================

Image component sizes


      Code (inc. data)   RO Data    RW Data    ZI Data      Debug   Object Name

       230         14          0          0          0       2720   as5600.o
       188         22          0          4       1720      63801   cmsis_os2.o
        72          8          0          4          0       1328   delay.o
         0          0          0          0          0      19444   event_groups.o
       200         78          0         12          0       3629   freertos.o
        80         10          0          0          0        835   gpio.o
       472         24          0         32      15360       4831   heap_4.o
       138          0          0          0          0       3510   list.o
       208         14          0          0          0     429376   main.o
       802         52          0          0          0       6894   myiic.o
       786         82          0         12          0      11413   port.o
      1514         20          0          0         64      17296   queue.o
        64         26        404          0       1536        836   startup_stm32f401xc.o
        80         14          0         12          0       7894   stm32f4xx_hal.o
       182         14          0          0          0      33752   stm32f4xx_hal_cortex.o
       182          0          0          0          0       2075   stm32f4xx_hal_dma.o
       500         34          0          0          0       2795   stm32f4xx_hal_gpio.o
        56          4          0          0          0        850   stm32f4xx_hal_msp.o
      1412         86          0          0          0       5841   stm32f4xx_hal_rcc.o
      1864         90          0          0          0      16494   stm32f4xx_hal_tim.o
       128         20          0          0          0       2421   stm32f4xx_hal_tim_ex.o
       140         22          0          0         72       1399   stm32f4xx_hal_timebase_tim.o
      1374         16          0          0          0       9140   stm32f4xx_hal_uart.o
        24          6          0          0          0       3216   stm32f4xx_it.o
         0          0          0          0          0        416   stream_buffer.o
        16          4         24          4          0       1103   system_stm32f4xx.o
      2228        182          0         60       1220      27570   tasks.o
       176         74          0          0          0        870   test.o
       608         38          0          2        144       3588   tim.o
       972         80          0         20        280      32003   timers.o
       340         52          0          8        268       5716   usart.o

    ----------------------------------------------------------------------
     15074       1086        460        172      20664     723056   Object Totals
         0          0         32          0          0          0   (incl. Generated)
        38          0          0          2          0          0   (incl. Padding)

    ----------------------------------------------------------------------

      Code (inc. data)   RO Data    RW Data    ZI Data      Debug   Library Member Name

         8          0          0          0          0         68   __main.o
       284          0          0          0          0        156   __printf_wp.o
         0          0          0          0          0          0   __rtentry.o
        12          0          0          0          0          0   __rtentry2.o
         6          0          0          0          0          0   __rtentry4.o
        52          8          0          0          0          0   __scatter.o
        26          0          0          0          0          0   __scatter_copy.o
        28          0          0          0          0          0   __scatter_zi.o
        44          0          0          0          0        108   _printf_char.o
        48          6          0          0          0         96   _printf_char_common.o
        36          4          0          0          0         80   _printf_char_file.o
         6          0          0          0          0          0   _printf_d.o
       120         16          0          0          0         92   _printf_dec.o
         6          0          0          0          0          0   _printf_f.o
      1050          0          0          0          0        216   _printf_fp_dec.o
       128         16          0          0          0         84   _printf_fp_infnan.o
       178          0          0          0          0         88   _printf_intcommon.o
         0          0          0          0          0          0   _printf_percent.o
         4          0          0          0          0          0   _printf_percent_end.o
         6          0          0          0          0          0   _printf_s.o
        82          0          0          0          0         80   _printf_str.o
        16          0          0          0          0         68   aeabi_memset.o
       220          4        148          0          0         96   bigflt0.o
      1910        128          0          0          0        672   btod.o
        10          0          0          0          0         68   defsig_exit.o
        50          0          0          0          0         88   defsig_general.o
        80         58          0          0          0         76   defsig_rtmem_inner.o
        14          0          0          0          0         80   defsig_rtmem_outer.o
        18          0          0          0          0         80   exit.o
         8          0          0          0          0         68   ferror.o
        94          0          0          0          0         80   h1_alloc.o
        52          0          0          0          0         68   h1_extend.o
        78          0          0          0          0         80   h1_free.o
        14          0          0          0          0         84   h1_init.o
         6          0          0          0          0        152   heapauxi.o
         4          0          0          0          0        136   hguard.o
       138          0          0          0          0        168   init_alloc.o
        44         10         28          0          0         76   lc_numeric_c.o
         2          0          0          0          0          0   libinit.o
        30          0          0          0          0          0   libinit2.o
         2          0          0          0          0          0   libshutdown.o
         2          0          0          0          0          0   libshutdown2.o
         8          4          0          0         96         68   libspace.o
       138          0          0          0          0         80   lludiv10.o
       238          0          0          0          0        100   lludivv7m.o
         0          0          0          0          0          0   maybetermalloc1.o
        24          4          0          0          0         84   noretval__2printf.o
         8          4          0          0          0         68   rt_heap_descriptor_intlibspace.o
         8          4          0          0          0         68   rt_locale_intlibspace.o
        68          0          0          0          0         68   rt_memclr.o
        78          0          0          0          0         80   rt_memclr_w.o
       138          0          0          0          0         68   rt_memcpy_v6.o
       100          0          0          0          0         80   rt_memcpy_w.o
         2          0          0          0          0          0   rtexit.o
        10          0          0          0          0          0   rtexit2.o
       128          0          0          0          0         68   strcmpv7m.o
        74          0          0          0          0         80   sys_stackheap_outer.o
         2          0          0          0          0         68   use_no_semi.o
         2          0          0          0          0         68   use_no_semi_2.o
        12          0          0          0          0        116   dretinf.o
        86          4          0          0          0        132   f2d.o
       140          4          0          0          0        132   fnaninf.o
        10          0          0          0          0        116   fpinit.o
         4          0          0          0          0        116   printf1.o
         0          0          0          0          0          0   usenofp.o
        48          0          0          0          0        124   fpclassify.o

    ----------------------------------------------------------------------
      6254        274        176          0        100       4992   Library Totals
        12          0          0          0          4          0   (incl. Padding)

    ----------------------------------------------------------------------

      Code (inc. data)   RO Data    RW Data    ZI Data      Debug   Library Name

      5942        266        176          0         96       4256   c_w.l
       252          8          0          0          0        612   fz_wm.l
        48          0          0          0          0        124   m_wm.l

    ----------------------------------------------------------------------
      6254        274        176          0        100       4992   Library Totals

    ----------------------------------------------------------------------

==============================================================================


      Code (inc. data)   RO Data    RW Data    ZI Data      Debug   

     21328       1360        636        172      20764     708904   Grand Totals
     21328       1360        636        172      20764     708904   ELF Image Totals
     21328       1360        636        172          0          0   ROM Totals

==============================================================================

    Total RO  Size (Code + RO Data)                21964 (  21.45kB)
    Total RW  Size (RW Data + ZI Data)             20936 (  20.45kB)
    Total ROM Size (Code + RO Data + RW Data)      22136 (  21.62kB)

==============================================================================

