<html>
<body>
<pre>
<h1>µVision Build Log</h1>
<h2>Tool Versions:</h2>
IDE-Version: ¦ÌVision V5.21.1.0
Copyright (C) 2016 ARM Ltd and ARM Germany GmbH. All rights reserved.
License Information: 1 1, 1, LIC=ATTQ1-CTNC6-2ZMW4-F9URX-GK9D5-QVBTP
 
Tool Versions:
Toolchain:       MDK-ARM Plus  Version: 5.21a
Toolchain Path:  D:\WORK\SOFTWARES\MDK5\ARM\ARMCC\Bin
C Compiler:      Armcc.exe V5.06 update 3 (build 300)
Assembler:       Armasm.exe V5.06 update 3 (build 300)
Linker/Locator:  ArmLink.exe V5.06 update 3 (build 300)
Library Manager: ArmAr.exe V5.06 update 3 (build 300)
Hex Converter:   FromElf.exe V5.06 update 3 (build 300)
CPU DLL:         SARMCM3.DLL V5.21a
Dialog DLL:      DCM.DLL V1.13.8.0
Target DLL:      STLink\ST-LINKIII-KEIL_SWO.dll V2.0.18.0
Dialog DLL:      TCM.DLL V1.14.14.0
 
<h2>Project:</h2>
D:\WORK\Tele-op\STM\F401_FreeRTOS_IIC\MDK-ARM\F401_FreeRTOS_IIC.uvprojx
Project File Date:  08/16/2023

<h2>Output:</h2>
*** Using Compiler 'V5.06 update 3 (build 300)', folder: 'D:\WORK\SOFTWARES\MDK5\ARM\ARMCC\Bin'
Build target 'F401_FreeRTOS_IIC'
assembling startup_stm32f401xc.s...
compiling gpio.c...
compiling stm32f4xx_hal_msp.c...
compiling stm32f4xx_it.c...
compiling stm32f4xx_hal_timebase_tim.c...
compiling usart.c...
compiling delay.c...
compiling stm32f4xx_hal_flash.c...
compiling stm32f4xx_hal_rcc_ex.c...
compiling freertos.c...
compiling main.c...
compiling stm32f4xx_hal_rcc.c...
compiling stm32f4xx_hal_flash_ex.c...
compiling stm32f4xx_hal_flash_ramfunc.c...
compiling stm32f4xx_hal_gpio.c...
compiling stm32f4xx_hal_dma.c...
compiling stm32f4xx_hal_pwr.c...
compiling stm32f4xx_hal_exti.c...
compiling stm32f4xx_hal.c...
compiling stm32f4xx_hal_dma_ex.c...
compiling stm32f4xx_hal_pwr_ex.c...
compiling stm32f4xx_hal_cortex.c...
compiling croutine.c...
compiling event_groups.c...
compiling list.c...
compiling stm32f4xx_hal_tim.c...
compiling queue.c...
compiling stm32f4xx_hal_tim_ex.c...
compiling timers.c...
compiling stream_buffer.c...
compiling stm32f4xx_hal_uart.c...
compiling tasks.c...
compiling heap_4.c...
compiling system_stm32f4xx.c...
compiling port.c...
compiling myiic.c...
compiling cmsis_os2.c...
linking...
Program Size: Code=12142 RO-data=462 RW-data=168 ZI-data=20416  
FromELF: creating hex file...
"F401_FreeRTOSdemo\F401_FreeRTOS_IIC.axf" - 0 Error(s), 0 Warning(s).

<h2>Software Packages used:</h2>

Package Vendor: ARM
                http://www.keil.com/pack/ARM.CMSIS.4.5.0.pack
                ARM::CMSIS:CORE:4.3.0
                CMSIS (Cortex Microcontroller Software Interface Standard)
   * Component: CORE Version: 4.3.0

<h2>Collection of Component include folders:</h2>
  D:\WORK\Tele-op\STM\F401_FreeRTOS_IIC\MDK-ARM\RTE
  D:\WORK\SOFTWARES\MDK5\ARM\PACK\ARM\CMSIS\4.5.0\CMSIS\Include
  D:\WORK\SOFTWARES\MDK5\ARM\PACK\Keil\STM32F4xx_DFP\2.17.1\Drivers\CMSIS\Device\ST\STM32F4xx\Include

<h2>Collection of Component Files used:</h2>

   * Component: ARM::CMSIS:CORE:4.3.0
Build Time Elapsed:  00:00:08
</pre>
</body>
</html>
